****************************************
Report : global_timing
	-format { narrow }
	-separate_all_groups
Design : mgmt_core_wrapper
Version: T-2022.03-SP3
Date   : Tue Oct 18 15:12:01 2022
****************************************

Setup violations for paths in **clock_gating_default**
--------------------------------------------------------------
          Total   reg->reg    in->reg   reg->out    in->out
--------------------------------------------------------------
WNS     -6.2705    -6.2705     0.0000     0.0000     0.0000
TNS  -6106.8032 -6106.8032     0.0000     0.0000     0.0000
NUM        1536       1536          0          0          0
--------------------------------------------------------------

Setup violations for paths in core_clk
---------------------------------------------------------
         Total  reg->reg   in->reg  reg->out   in->out
---------------------------------------------------------
WNS    -7.6683   -2.9351    0.0000   -7.6683    0.0000
TNS  -173.9008  -61.8701    0.0000 -112.0307    0.0000
NUM         82        62         0        20         0
---------------------------------------------------------


Hold violations for paths in core_clk
---------------------------------------------------------
         Total  reg->reg   in->reg  reg->out   in->out
---------------------------------------------------------
WNS    -3.9022    0.0000   -3.9022    0.0000    0.0000
TNS  -482.6244    0.0000 -482.6244    0.0000    0.0000
NUM        189         0       189         0         0
---------------------------------------------------------

1
