
===========================================================================
report_checks -path_delay min (Hold)
============================================================================
Startpoint: _37998_ (rising edge-triggered flip-flop clocked by core_clk)
Endpoint: _38930_ (rising edge-triggered flip-flop clocked by core_clk)
Path Group: core_clk
Path Type: min

Fanout     Cap    Slew   Delay    Time   Description
-----------------------------------------------------------------------------
                          0.00    0.00   clock core_clk (rise edge)
                          0.00    0.00   clock source latency
                  0.62    0.42    0.42 ^ core_clk (in)
     1    0.08                           core_clk (net)
                  0.62    0.00    0.42 ^ clkbuf_0_core_clk/A (sky130_fd_sc_hd__clkbuf_16)
                  0.06    0.25    0.67 ^ clkbuf_0_core_clk/X (sky130_fd_sc_hd__clkbuf_16)
     2    0.02                           clknet_0_core_clk (net)
                  0.06    0.01    0.68 ^ clkbuf_1_0_0_core_clk/A (sky130_fd_sc_hd__clkbuf_4)
                  0.05    0.13    0.81 ^ clkbuf_1_0_0_core_clk/X (sky130_fd_sc_hd__clkbuf_4)
     1    0.01                           clknet_1_0_0_core_clk (net)
                  0.05    0.00    0.81 ^ clkbuf_1_0_1_core_clk/A (sky130_fd_sc_hd__clkbuf_4)
                  0.05    0.13    0.94 ^ clkbuf_1_0_1_core_clk/X (sky130_fd_sc_hd__clkbuf_4)
     1    0.01                           clknet_1_0_1_core_clk (net)
                  0.05    0.00    0.94 ^ clkbuf_1_0_2_core_clk/A (sky130_fd_sc_hd__clkbuf_4)
                  0.05    0.13    1.07 ^ clkbuf_1_0_2_core_clk/X (sky130_fd_sc_hd__clkbuf_4)
     1    0.01                           clknet_1_0_2_core_clk (net)
                  0.05    0.00    1.07 ^ clkbuf_1_0_3_core_clk/A (sky130_fd_sc_hd__clkbuf_4)
                  0.03    0.11    1.19 ^ clkbuf_1_0_3_core_clk/X (sky130_fd_sc_hd__clkbuf_4)
     1    0.00                           clknet_1_0_3_core_clk (net)
                  0.03    0.00    1.19 ^ clkbuf_1_0_4_core_clk/A (sky130_fd_sc_hd__clkbuf_4)
                  0.18    0.20    1.39 ^ clkbuf_1_0_4_core_clk/X (sky130_fd_sc_hd__clkbuf_4)
     2    0.06                           clknet_1_0_4_core_clk (net)
                  0.19    0.03    1.42 ^ clkbuf_2_1_0_core_clk/A (sky130_fd_sc_hd__clkbuf_4)
                  0.03    0.16    1.58 ^ clkbuf_2_1_0_core_clk/X (sky130_fd_sc_hd__clkbuf_4)
     1    0.00                           clknet_2_1_0_core_clk (net)
                  0.03    0.00    1.58 ^ clkbuf_2_1_1_core_clk/A (sky130_fd_sc_hd__clkbuf_4)
                  0.13    0.18    1.76 ^ clkbuf_2_1_1_core_clk/X (sky130_fd_sc_hd__clkbuf_4)
     2    0.04                           clknet_2_1_1_core_clk (net)
                  0.13    0.01    1.76 ^ clkbuf_3_2_0_core_clk/A (sky130_fd_sc_hd__clkbuf_4)
                  0.05    0.15    1.92 ^ clkbuf_3_2_0_core_clk/X (sky130_fd_sc_hd__clkbuf_4)
     1    0.01                           clknet_3_2_0_core_clk (net)
                  0.05    0.00    1.92 ^ clkbuf_3_2_1_core_clk/A (sky130_fd_sc_hd__clkbuf_4)
                  0.05    0.12    2.05 ^ clkbuf_3_2_1_core_clk/X (sky130_fd_sc_hd__clkbuf_4)
     1    0.01                           clknet_3_2_1_core_clk (net)
                  0.05    0.00    2.05 ^ clkbuf_3_2_2_core_clk/A (sky130_fd_sc_hd__clkbuf_4)
                  0.10    0.16    2.21 ^ clkbuf_3_2_2_core_clk/X (sky130_fd_sc_hd__clkbuf_4)
     2    0.03                           clknet_3_2_2_core_clk (net)
                  0.11    0.01    2.23 ^ clkbuf_4_4_0_core_clk/A (sky130_fd_sc_hd__clkbuf_4)
                  0.09    0.17    2.40 ^ clkbuf_4_4_0_core_clk/X (sky130_fd_sc_hd__clkbuf_4)
     2    0.02                           clknet_4_4_0_core_clk (net)
                  0.09    0.01    2.41 ^ clkbuf_5_9_0_core_clk/A (sky130_fd_sc_hd__clkbuf_4)
                  0.04    0.13    2.54 ^ clkbuf_5_9_0_core_clk/X (sky130_fd_sc_hd__clkbuf_4)
     1    0.01                           clknet_5_9_0_core_clk (net)
                  0.04    0.00    2.54 ^ clkbuf_5_9_1_core_clk/A (sky130_fd_sc_hd__clkbuf_4)
                  0.52    0.38    2.92 ^ clkbuf_5_9_1_core_clk/X (sky130_fd_sc_hd__clkbuf_4)
    11    0.18                           clknet_5_9_1_core_clk (net)
                  0.54    0.08    3.00 ^ clkbuf_leaf_29_core_clk/A (sky130_fd_sc_hd__clkbuf_16)
                  0.07    0.25    3.25 ^ clkbuf_leaf_29_core_clk/X (sky130_fd_sc_hd__clkbuf_16)
     9    0.04                           clknet_leaf_29_core_clk (net)
                  0.07    0.01    3.25 ^ _37998_/CLK (sky130_fd_sc_hd__dfxtp_1)
                  0.07    0.32    3.57 v _37998_/Q (sky130_fd_sc_hd__dfxtp_1)
     2    0.01                           mgmtsoc_value[4] (net)
                  0.07    0.00    3.58 v _20035_/A (sky130_fd_sc_hd__inv_2)
                  0.08    0.08    3.66 ^ _20035_/Y (sky130_fd_sc_hd__inv_2)
     2    0.02                           _09343_ (net)
                  0.08    0.00    3.66 ^ _20036_/A (sky130_fd_sc_hd__nand2_1)
                  0.04    0.05    3.72 v _20036_/Y (sky130_fd_sc_hd__nand2_1)
     1    0.00                           _09344_ (net)
                  0.04    0.00    3.72 v _20037_/C1 (sky130_fd_sc_hd__o211a_1)
                  0.03    0.10    3.82 v _20037_/X (sky130_fd_sc_hd__o211a_1)
     1    0.00                           _06396_ (net)
                  0.03    0.00    3.82 v _38930_/D (sky130_fd_sc_hd__dfxtp_1)
                                  3.82   data arrival time

                          0.00    0.00   clock core_clk (rise edge)
                          0.00    0.00   clock source latency
                  0.62    0.46    0.46 ^ core_clk (in)
     1    0.08                           core_clk (net)
                  0.62    0.00    0.46 ^ clkbuf_0_core_clk/A (sky130_fd_sc_hd__clkbuf_16)
                  0.06    0.27    0.74 ^ clkbuf_0_core_clk/X (sky130_fd_sc_hd__clkbuf_16)
     2    0.02                           clknet_0_core_clk (net)
                  0.06    0.01    0.75 ^ clkbuf_1_0_0_core_clk/A (sky130_fd_sc_hd__clkbuf_4)
                  0.05    0.15    0.90 ^ clkbuf_1_0_0_core_clk/X (sky130_fd_sc_hd__clkbuf_4)
     1    0.01                           clknet_1_0_0_core_clk (net)
                  0.05    0.00    0.90 ^ clkbuf_1_0_1_core_clk/A (sky130_fd_sc_hd__clkbuf_4)
                  0.05    0.14    1.04 ^ clkbuf_1_0_1_core_clk/X (sky130_fd_sc_hd__clkbuf_4)
     1    0.01                           clknet_1_0_1_core_clk (net)
                  0.05    0.00    1.04 ^ clkbuf_1_0_2_core_clk/A (sky130_fd_sc_hd__clkbuf_4)
                  0.05    0.14    1.18 ^ clkbuf_1_0_2_core_clk/X (sky130_fd_sc_hd__clkbuf_4)
     1    0.01                           clknet_1_0_2_core_clk (net)
                  0.05    0.00    1.19 ^ clkbuf_1_0_3_core_clk/A (sky130_fd_sc_hd__clkbuf_4)
                  0.03    0.12    1.31 ^ clkbuf_1_0_3_core_clk/X (sky130_fd_sc_hd__clkbuf_4)
     1    0.00                           clknet_1_0_3_core_clk (net)
                  0.03    0.00    1.31 ^ clkbuf_1_0_4_core_clk/A (sky130_fd_sc_hd__clkbuf_4)
                  0.18    0.22    1.53 ^ clkbuf_1_0_4_core_clk/X (sky130_fd_sc_hd__clkbuf_4)
     2    0.06                           clknet_1_0_4_core_clk (net)
                  0.19    0.03    1.57 ^ clkbuf_2_1_0_core_clk/A (sky130_fd_sc_hd__clkbuf_4)
                  0.03    0.18    1.74 ^ clkbuf_2_1_0_core_clk/X (sky130_fd_sc_hd__clkbuf_4)
     1    0.00                           clknet_2_1_0_core_clk (net)
                  0.03    0.00    1.74 ^ clkbuf_2_1_1_core_clk/A (sky130_fd_sc_hd__clkbuf_4)
                  0.13    0.20    1.94 ^ clkbuf_2_1_1_core_clk/X (sky130_fd_sc_hd__clkbuf_4)
     2    0.04                           clknet_2_1_1_core_clk (net)
                  0.13    0.01    1.95 ^ clkbuf_3_2_0_core_clk/A (sky130_fd_sc_hd__clkbuf_4)
                  0.05    0.17    2.12 ^ clkbuf_3_2_0_core_clk/X (sky130_fd_sc_hd__clkbuf_4)
     1    0.01                           clknet_3_2_0_core_clk (net)
                  0.05    0.00    2.12 ^ clkbuf_3_2_1_core_clk/A (sky130_fd_sc_hd__clkbuf_4)
                  0.05    0.14    2.26 ^ clkbuf_3_2_1_core_clk/X (sky130_fd_sc_hd__clkbuf_4)
     1    0.01                           clknet_3_2_1_core_clk (net)
                  0.05    0.00    2.27 ^ clkbuf_3_2_2_core_clk/A (sky130_fd_sc_hd__clkbuf_4)
                  0.10    0.18    2.45 ^ clkbuf_3_2_2_core_clk/X (sky130_fd_sc_hd__clkbuf_4)
     2    0.03                           clknet_3_2_2_core_clk (net)
                  0.11    0.01    2.46 ^ clkbuf_4_4_0_core_clk/A (sky130_fd_sc_hd__clkbuf_4)
                  0.09    0.19    2.65 ^ clkbuf_4_4_0_core_clk/X (sky130_fd_sc_hd__clkbuf_4)
     2    0.02                           clknet_4_4_0_core_clk (net)
                  0.09    0.01    2.66 ^ clkbuf_5_9_0_core_clk/A (sky130_fd_sc_hd__clkbuf_4)
                  0.04    0.15    2.81 ^ clkbuf_5_9_0_core_clk/X (sky130_fd_sc_hd__clkbuf_4)
     1    0.01                           clknet_5_9_0_core_clk (net)
                  0.04    0.00    2.81 ^ clkbuf_5_9_1_core_clk/A (sky130_fd_sc_hd__clkbuf_4)
                  0.52    0.42    3.23 ^ clkbuf_5_9_1_core_clk/X (sky130_fd_sc_hd__clkbuf_4)
    11    0.18                           clknet_5_9_1_core_clk (net)
                  0.55    0.10    3.33 ^ clkbuf_leaf_64_core_clk/A (sky130_fd_sc_hd__clkbuf_16)
                  0.07    0.27    3.60 ^ clkbuf_leaf_64_core_clk/X (sky130_fd_sc_hd__clkbuf_16)
     9    0.04                           clknet_leaf_64_core_clk (net)
                  0.08    0.02    3.62 ^ _38930_/CLK (sky130_fd_sc_hd__dfxtp_1)
                          0.25    3.87   clock uncertainty
                         -0.31    3.56   clock reconvergence pessimism
                         -0.04    3.52   library hold time
                                  3.52   data required time
-----------------------------------------------------------------------------
                                  3.52   data required time
                                 -3.82   data arrival time
-----------------------------------------------------------------------------
                                  0.30   slack (MET)


Startpoint: _36840_ (rising edge-triggered flip-flop clocked by core_clk)
Endpoint: _36840_ (rising edge-triggered flip-flop clocked by core_clk)
Path Group: core_clk
Path Type: min

Fanout     Cap    Slew   Delay    Time   Description
-----------------------------------------------------------------------------
                          0.00    0.00   clock core_clk (rise edge)
                          0.00    0.00   clock source latency
                  0.62    0.42    0.42 ^ core_clk (in)
     1    0.08                           core_clk (net)
                  0.62    0.00    0.42 ^ clkbuf_0_core_clk/A (sky130_fd_sc_hd__clkbuf_16)
                  0.06    0.25    0.67 ^ clkbuf_0_core_clk/X (sky130_fd_sc_hd__clkbuf_16)
     2    0.02                           clknet_0_core_clk (net)
                  0.06    0.01    0.68 ^ clkbuf_1_0_0_core_clk/A (sky130_fd_sc_hd__clkbuf_4)
                  0.05    0.13    0.81 ^ clkbuf_1_0_0_core_clk/X (sky130_fd_sc_hd__clkbuf_4)
     1    0.01                           clknet_1_0_0_core_clk (net)
                  0.05    0.00    0.81 ^ clkbuf_1_0_1_core_clk/A (sky130_fd_sc_hd__clkbuf_4)
                  0.05    0.13    0.94 ^ clkbuf_1_0_1_core_clk/X (sky130_fd_sc_hd__clkbuf_4)
     1    0.01                           clknet_1_0_1_core_clk (net)
                  0.05    0.00    0.94 ^ clkbuf_1_0_2_core_clk/A (sky130_fd_sc_hd__clkbuf_4)
                  0.05    0.13    1.07 ^ clkbuf_1_0_2_core_clk/X (sky130_fd_sc_hd__clkbuf_4)
     1    0.01                           clknet_1_0_2_core_clk (net)
                  0.05    0.00    1.07 ^ clkbuf_1_0_3_core_clk/A (sky130_fd_sc_hd__clkbuf_4)
                  0.03    0.11    1.19 ^ clkbuf_1_0_3_core_clk/X (sky130_fd_sc_hd__clkbuf_4)
     1    0.00                           clknet_1_0_3_core_clk (net)
                  0.03    0.00    1.19 ^ clkbuf_1_0_4_core_clk/A (sky130_fd_sc_hd__clkbuf_4)
                  0.18    0.20    1.39 ^ clkbuf_1_0_4_core_clk/X (sky130_fd_sc_hd__clkbuf_4)
     2    0.06                           clknet_1_0_4_core_clk (net)
                  0.19    0.03    1.42 ^ clkbuf_2_0_0_core_clk/A (sky130_fd_sc_hd__clkbuf_4)
                  0.03    0.16    1.57 ^ clkbuf_2_0_0_core_clk/X (sky130_fd_sc_hd__clkbuf_4)
     1    0.00                           clknet_2_0_0_core_clk (net)
                  0.03    0.00    1.57 ^ clkbuf_2_0_1_core_clk/A (sky130_fd_sc_hd__clkbuf_4)
                  0.46    0.35    1.92 ^ clkbuf_2_0_1_core_clk/X (sky130_fd_sc_hd__clkbuf_4)
     2    0.15                           clknet_2_0_1_core_clk (net)
                  0.47    0.06    1.99 ^ clkbuf_3_1_0_core_clk/A (sky130_fd_sc_hd__clkbuf_4)
                  0.04    0.22    2.21 ^ clkbuf_3_1_0_core_clk/X (sky130_fd_sc_hd__clkbuf_4)
     1    0.00                           clknet_3_1_0_core_clk (net)
                  0.04    0.00    2.21 ^ clkbuf_3_1_1_core_clk/A (sky130_fd_sc_hd__clkbuf_4)
                  0.03    0.11    2.32 ^ clkbuf_3_1_1_core_clk/X (sky130_fd_sc_hd__clkbuf_4)
     1    0.00                           clknet_3_1_1_core_clk (net)
                  0.03    0.00    2.32 ^ clkbuf_3_1_2_core_clk/A (sky130_fd_sc_hd__clkbuf_4)
                  0.08    0.14    2.46 ^ clkbuf_3_1_2_core_clk/X (sky130_fd_sc_hd__clkbuf_4)
     2    0.02                           clknet_3_1_2_core_clk (net)
                  0.08    0.00    2.47 ^ clkbuf_4_3_0_core_clk/A (sky130_fd_sc_hd__clkbuf_4)
                  0.08    0.16    2.63 ^ clkbuf_4_3_0_core_clk/X (sky130_fd_sc_hd__clkbuf_4)
     2    0.02                           clknet_4_3_0_core_clk (net)
                  0.08    0.01    2.64 ^ clkbuf_5_6_0_core_clk/A (sky130_fd_sc_hd__clkbuf_4)
                  0.04    0.13    2.77 ^ clkbuf_5_6_0_core_clk/X (sky130_fd_sc_hd__clkbuf_4)
     1    0.01                           clknet_5_6_0_core_clk (net)
                  0.04    0.00    2.77 ^ clkbuf_5_6_1_core_clk/A (sky130_fd_sc_hd__clkbuf_4)
                  0.43    0.35    3.12 ^ clkbuf_5_6_1_core_clk/X (sky130_fd_sc_hd__clkbuf_4)
    11    0.14                           clknet_5_6_1_core_clk (net)
                  0.43    0.04    3.16 ^ clkbuf_leaf_16_core_clk/A (sky130_fd_sc_hd__clkbuf_16)
                  0.08    0.23    3.39 ^ clkbuf_leaf_16_core_clk/X (sky130_fd_sc_hd__clkbuf_16)
    12    0.05                           clknet_leaf_16_core_clk (net)
                  0.09    0.02    3.41 ^ _36840_/CLK (sky130_fd_sc_hd__dfxtp_1)
                  0.06    0.32    3.73 ^ _36840_/Q (sky130_fd_sc_hd__dfxtp_1)
     2    0.01                           VexRiscv.IBusCachedPlugin_cache.banks_0[9][17] (net)
                  0.06    0.00    3.73 ^ _26964_/A0 (sky130_fd_sc_hd__mux2_1)
                  0.05    0.12    3.85 ^ _26964_/X (sky130_fd_sc_hd__mux2_1)
     1    0.00                           _14047_ (net)
                  0.05    0.00    3.85 ^ _26965_/A (sky130_fd_sc_hd__clkbuf_1)
                  0.05    0.08    3.94 ^ _26965_/X (sky130_fd_sc_hd__clkbuf_1)
     1    0.00                           _04306_ (net)
                  0.05    0.00    3.94 ^ _36840_/D (sky130_fd_sc_hd__dfxtp_1)
                                  3.94   data arrival time

                          0.00    0.00   clock core_clk (rise edge)
                          0.00    0.00   clock source latency
                  0.62    0.46    0.46 ^ core_clk (in)
     1    0.08                           core_clk (net)
                  0.62    0.00    0.46 ^ clkbuf_0_core_clk/A (sky130_fd_sc_hd__clkbuf_16)
                  0.06    0.27    0.74 ^ clkbuf_0_core_clk/X (sky130_fd_sc_hd__clkbuf_16)
     2    0.02                           clknet_0_core_clk (net)
                  0.06    0.01    0.75 ^ clkbuf_1_0_0_core_clk/A (sky130_fd_sc_hd__clkbuf_4)
                  0.05    0.15    0.90 ^ clkbuf_1_0_0_core_clk/X (sky130_fd_sc_hd__clkbuf_4)
     1    0.01                           clknet_1_0_0_core_clk (net)
                  0.05    0.00    0.90 ^ clkbuf_1_0_1_core_clk/A (sky130_fd_sc_hd__clkbuf_4)
                  0.05    0.14    1.04 ^ clkbuf_1_0_1_core_clk/X (sky130_fd_sc_hd__clkbuf_4)
     1    0.01                           clknet_1_0_1_core_clk (net)
                  0.05    0.00    1.04 ^ clkbuf_1_0_2_core_clk/A (sky130_fd_sc_hd__clkbuf_4)
                  0.05    0.14    1.18 ^ clkbuf_1_0_2_core_clk/X (sky130_fd_sc_hd__clkbuf_4)
     1    0.01                           clknet_1_0_2_core_clk (net)
                  0.05    0.00    1.19 ^ clkbuf_1_0_3_core_clk/A (sky130_fd_sc_hd__clkbuf_4)
                  0.03    0.12    1.31 ^ clkbuf_1_0_3_core_clk/X (sky130_fd_sc_hd__clkbuf_4)
     1    0.00                           clknet_1_0_3_core_clk (net)
                  0.03    0.00    1.31 ^ clkbuf_1_0_4_core_clk/A (sky130_fd_sc_hd__clkbuf_4)
                  0.18    0.22    1.53 ^ clkbuf_1_0_4_core_clk/X (sky130_fd_sc_hd__clkbuf_4)
     2    0.06                           clknet_1_0_4_core_clk (net)
                  0.19    0.03    1.57 ^ clkbuf_2_0_0_core_clk/A (sky130_fd_sc_hd__clkbuf_4)
                  0.03    0.17    1.74 ^ clkbuf_2_0_0_core_clk/X (sky130_fd_sc_hd__clkbuf_4)
     1    0.00                           clknet_2_0_0_core_clk (net)
                  0.03    0.00    1.74 ^ clkbuf_2_0_1_core_clk/A (sky130_fd_sc_hd__clkbuf_4)
                  0.46    0.39    2.13 ^ clkbuf_2_0_1_core_clk/X (sky130_fd_sc_hd__clkbuf_4)
     2    0.15                           clknet_2_0_1_core_clk (net)
                  0.47    0.07    2.20 ^ clkbuf_3_1_0_core_clk/A (sky130_fd_sc_hd__clkbuf_4)
                  0.04    0.25    2.44 ^ clkbuf_3_1_0_core_clk/X (sky130_fd_sc_hd__clkbuf_4)
     1    0.00                           clknet_3_1_0_core_clk (net)
                  0.04    0.00    2.44 ^ clkbuf_3_1_1_core_clk/A (sky130_fd_sc_hd__clkbuf_4)
                  0.03    0.12    2.57 ^ clkbuf_3_1_1_core_clk/X (sky130_fd_sc_hd__clkbuf_4)
     1    0.00                           clknet_3_1_1_core_clk (net)
                  0.03    0.00    2.57 ^ clkbuf_3_1_2_core_clk/A (sky130_fd_sc_hd__clkbuf_4)
                  0.08    0.16    2.72 ^ clkbuf_3_1_2_core_clk/X (sky130_fd_sc_hd__clkbuf_4)
     2    0.02                           clknet_3_1_2_core_clk (net)
                  0.08    0.00    2.73 ^ clkbuf_4_3_0_core_clk/A (sky130_fd_sc_hd__clkbuf_4)
                  0.08    0.18    2.91 ^ clkbuf_4_3_0_core_clk/X (sky130_fd_sc_hd__clkbuf_4)
     2    0.02                           clknet_4_3_0_core_clk (net)
                  0.08    0.01    2.92 ^ clkbuf_5_6_0_core_clk/A (sky130_fd_sc_hd__clkbuf_4)
                  0.04    0.15    3.06 ^ clkbuf_5_6_0_core_clk/X (sky130_fd_sc_hd__clkbuf_4)
     1    0.01                           clknet_5_6_0_core_clk (net)
                  0.04    0.00    3.06 ^ clkbuf_5_6_1_core_clk/A (sky130_fd_sc_hd__clkbuf_4)
                  0.43    0.39    3.45 ^ clkbuf_5_6_1_core_clk/X (sky130_fd_sc_hd__clkbuf_4)
    11    0.14                           clknet_5_6_1_core_clk (net)
                  0.43    0.04    3.49 ^ clkbuf_leaf_16_core_clk/A (sky130_fd_sc_hd__clkbuf_16)
                  0.08    0.26    3.75 ^ clkbuf_leaf_16_core_clk/X (sky130_fd_sc_hd__clkbuf_16)
    12    0.05                           clknet_leaf_16_core_clk (net)
                  0.09    0.02    3.77 ^ _36840_/CLK (sky130_fd_sc_hd__dfxtp_1)
                          0.25    4.02   clock uncertainty
                         -0.36    3.66   clock reconvergence pessimism
                         -0.03    3.64   library hold time
                                  3.64   data required time
-----------------------------------------------------------------------------
                                  3.64   data required time
                                 -3.94   data arrival time
-----------------------------------------------------------------------------
                                  0.30   slack (MET)


Startpoint: _35448_ (rising edge-triggered flip-flop clocked by core_clk)
Endpoint: _35448_ (rising edge-triggered flip-flop clocked by core_clk)
Path Group: core_clk
Path Type: min

Fanout     Cap    Slew   Delay    Time   Description
-----------------------------------------------------------------------------
                          0.00    0.00   clock core_clk (rise edge)
                          0.00    0.00   clock source latency
                  0.62    0.42    0.42 ^ core_clk (in)
     1    0.08                           core_clk (net)
                  0.62    0.00    0.42 ^ clkbuf_0_core_clk/A (sky130_fd_sc_hd__clkbuf_16)
                  0.06    0.25    0.67 ^ clkbuf_0_core_clk/X (sky130_fd_sc_hd__clkbuf_16)
     2    0.02                           clknet_0_core_clk (net)
                  0.06    0.01    0.68 ^ clkbuf_1_0_0_core_clk/A (sky130_fd_sc_hd__clkbuf_4)
                  0.05    0.13    0.81 ^ clkbuf_1_0_0_core_clk/X (sky130_fd_sc_hd__clkbuf_4)
     1    0.01                           clknet_1_0_0_core_clk (net)
                  0.05    0.00    0.81 ^ clkbuf_1_0_1_core_clk/A (sky130_fd_sc_hd__clkbuf_4)
                  0.05    0.13    0.94 ^ clkbuf_1_0_1_core_clk/X (sky130_fd_sc_hd__clkbuf_4)
     1    0.01                           clknet_1_0_1_core_clk (net)
                  0.05    0.00    0.94 ^ clkbuf_1_0_2_core_clk/A (sky130_fd_sc_hd__clkbuf_4)
                  0.05    0.13    1.07 ^ clkbuf_1_0_2_core_clk/X (sky130_fd_sc_hd__clkbuf_4)
     1    0.01                           clknet_1_0_2_core_clk (net)
                  0.05    0.00    1.07 ^ clkbuf_1_0_3_core_clk/A (sky130_fd_sc_hd__clkbuf_4)
                  0.03    0.11    1.19 ^ clkbuf_1_0_3_core_clk/X (sky130_fd_sc_hd__clkbuf_4)
     1    0.00                           clknet_1_0_3_core_clk (net)
                  0.03    0.00    1.19 ^ clkbuf_1_0_4_core_clk/A (sky130_fd_sc_hd__clkbuf_4)
                  0.18    0.20    1.39 ^ clkbuf_1_0_4_core_clk/X (sky130_fd_sc_hd__clkbuf_4)
     2    0.06                           clknet_1_0_4_core_clk (net)
                  0.19    0.03    1.42 ^ clkbuf_2_0_0_core_clk/A (sky130_fd_sc_hd__clkbuf_4)
                  0.03    0.16    1.57 ^ clkbuf_2_0_0_core_clk/X (sky130_fd_sc_hd__clkbuf_4)
     1    0.00                           clknet_2_0_0_core_clk (net)
                  0.03    0.00    1.57 ^ clkbuf_2_0_1_core_clk/A (sky130_fd_sc_hd__clkbuf_4)
                  0.46    0.35    1.92 ^ clkbuf_2_0_1_core_clk/X (sky130_fd_sc_hd__clkbuf_4)
     2    0.15                           clknet_2_0_1_core_clk (net)
                  0.47    0.06    1.99 ^ clkbuf_3_0_0_core_clk/A (sky130_fd_sc_hd__clkbuf_4)
                  0.06    0.24    2.23 ^ clkbuf_3_0_0_core_clk/X (sky130_fd_sc_hd__clkbuf_4)
     1    0.01                           clknet_3_0_0_core_clk (net)
                  0.06    0.00    2.23 ^ clkbuf_3_0_1_core_clk/A (sky130_fd_sc_hd__clkbuf_4)
                  0.04    0.12    2.35 ^ clkbuf_3_0_1_core_clk/X (sky130_fd_sc_hd__clkbuf_4)
     1    0.01                           clknet_3_0_1_core_clk (net)
                  0.04    0.00    2.35 ^ clkbuf_3_0_2_core_clk/A (sky130_fd_sc_hd__clkbuf_4)
                  0.07    0.14    2.49 ^ clkbuf_3_0_2_core_clk/X (sky130_fd_sc_hd__clkbuf_4)
     2    0.02                           clknet_3_0_2_core_clk (net)
                  0.07    0.01    2.50 ^ clkbuf_4_0_0_core_clk/A (sky130_fd_sc_hd__clkbuf_4)
                  0.08    0.16    2.66 ^ clkbuf_4_0_0_core_clk/X (sky130_fd_sc_hd__clkbuf_4)
     2    0.02                           clknet_4_0_0_core_clk (net)
                  0.08    0.01    2.66 ^ clkbuf_5_0_0_core_clk/A (sky130_fd_sc_hd__clkbuf_4)
                  0.03    0.12    2.79 ^ clkbuf_5_0_0_core_clk/X (sky130_fd_sc_hd__clkbuf_4)
     1    0.00                           clknet_5_0_0_core_clk (net)
                  0.03    0.00    2.79 ^ clkbuf_5_0_1_core_clk/A (sky130_fd_sc_hd__clkbuf_4)
                  0.30    0.28    3.07 ^ clkbuf_5_0_1_core_clk/X (sky130_fd_sc_hd__clkbuf_4)
     7    0.10                           clknet_5_0_1_core_clk (net)
                  0.30    0.03    3.09 ^ clkbuf_leaf_423_core_clk/A (sky130_fd_sc_hd__clkbuf_16)
                  0.07    0.21    3.30 ^ clkbuf_leaf_423_core_clk/X (sky130_fd_sc_hd__clkbuf_16)
     9    0.05                           clknet_leaf_423_core_clk (net)
                  0.07    0.01    3.31 ^ _35448_/CLK (sky130_fd_sc_hd__dfxtp_1)
                  0.08    0.32    3.64 ^ _35448_/Q (sky130_fd_sc_hd__dfxtp_1)
     3    0.01                           VexRiscv.RegFilePlugin_regFile[19][28] (net)
                  0.08    0.00    3.64 ^ _30236_/A0 (sky130_fd_sc_hd__mux2_1)
                  0.05    0.13    3.76 ^ _30236_/X (sky130_fd_sc_hd__mux2_1)
     1    0.00                           _15920_ (net)
                  0.05    0.00    3.76 ^ _30237_/A (sky130_fd_sc_hd__clkbuf_1)
                  0.04    0.07    3.84 ^ _30237_/X (sky130_fd_sc_hd__clkbuf_1)
     1    0.00                           _02914_ (net)
                  0.04    0.00    3.84 ^ _35448_/D (sky130_fd_sc_hd__dfxtp_1)
                                  3.84   data arrival time

                          0.00    0.00   clock core_clk (rise edge)
                          0.00    0.00   clock source latency
                  0.62    0.46    0.46 ^ core_clk (in)
     1    0.08                           core_clk (net)
                  0.62    0.00    0.46 ^ clkbuf_0_core_clk/A (sky130_fd_sc_hd__clkbuf_16)
                  0.06    0.27    0.74 ^ clkbuf_0_core_clk/X (sky130_fd_sc_hd__clkbuf_16)
     2    0.02                           clknet_0_core_clk (net)
                  0.06    0.01    0.75 ^ clkbuf_1_0_0_core_clk/A (sky130_fd_sc_hd__clkbuf_4)
                  0.05    0.15    0.90 ^ clkbuf_1_0_0_core_clk/X (sky130_fd_sc_hd__clkbuf_4)
     1    0.01                           clknet_1_0_0_core_clk (net)
                  0.05    0.00    0.90 ^ clkbuf_1_0_1_core_clk/A (sky130_fd_sc_hd__clkbuf_4)
                  0.05    0.14    1.04 ^ clkbuf_1_0_1_core_clk/X (sky130_fd_sc_hd__clkbuf_4)
     1    0.01                           clknet_1_0_1_core_clk (net)
                  0.05    0.00    1.04 ^ clkbuf_1_0_2_core_clk/A (sky130_fd_sc_hd__clkbuf_4)
                  0.05    0.14    1.18 ^ clkbuf_1_0_2_core_clk/X (sky130_fd_sc_hd__clkbuf_4)
     1    0.01                           clknet_1_0_2_core_clk (net)
                  0.05    0.00    1.19 ^ clkbuf_1_0_3_core_clk/A (sky130_fd_sc_hd__clkbuf_4)
                  0.03    0.12    1.31 ^ clkbuf_1_0_3_core_clk/X (sky130_fd_sc_hd__clkbuf_4)
     1    0.00                           clknet_1_0_3_core_clk (net)
                  0.03    0.00    1.31 ^ clkbuf_1_0_4_core_clk/A (sky130_fd_sc_hd__clkbuf_4)
                  0.18    0.22    1.53 ^ clkbuf_1_0_4_core_clk/X (sky130_fd_sc_hd__clkbuf_4)
     2    0.06                           clknet_1_0_4_core_clk (net)
                  0.19    0.03    1.57 ^ clkbuf_2_0_0_core_clk/A (sky130_fd_sc_hd__clkbuf_4)
                  0.03    0.17    1.74 ^ clkbuf_2_0_0_core_clk/X (sky130_fd_sc_hd__clkbuf_4)
     1    0.00                           clknet_2_0_0_core_clk (net)
                  0.03    0.00    1.74 ^ clkbuf_2_0_1_core_clk/A (sky130_fd_sc_hd__clkbuf_4)
                  0.46    0.39    2.13 ^ clkbuf_2_0_1_core_clk/X (sky130_fd_sc_hd__clkbuf_4)
     2    0.15                           clknet_2_0_1_core_clk (net)
                  0.47    0.07    2.20 ^ clkbuf_3_0_0_core_clk/A (sky130_fd_sc_hd__clkbuf_4)
                  0.06    0.26    2.46 ^ clkbuf_3_0_0_core_clk/X (sky130_fd_sc_hd__clkbuf_4)
     1    0.01                           clknet_3_0_0_core_clk (net)
                  0.06    0.00    2.46 ^ clkbuf_3_0_1_core_clk/A (sky130_fd_sc_hd__clkbuf_4)
                  0.04    0.13    2.60 ^ clkbuf_3_0_1_core_clk/X (sky130_fd_sc_hd__clkbuf_4)
     1    0.01                           clknet_3_0_1_core_clk (net)
                  0.04    0.00    2.60 ^ clkbuf_3_0_2_core_clk/A (sky130_fd_sc_hd__clkbuf_4)
                  0.07    0.15    2.76 ^ clkbuf_3_0_2_core_clk/X (sky130_fd_sc_hd__clkbuf_4)
     2    0.02                           clknet_3_0_2_core_clk (net)
                  0.07    0.01    2.76 ^ clkbuf_4_0_0_core_clk/A (sky130_fd_sc_hd__clkbuf_4)
                  0.08    0.17    2.94 ^ clkbuf_4_0_0_core_clk/X (sky130_fd_sc_hd__clkbuf_4)
     2    0.02                           clknet_4_0_0_core_clk (net)
                  0.08    0.01    2.94 ^ clkbuf_5_0_0_core_clk/A (sky130_fd_sc_hd__clkbuf_4)
                  0.03    0.14    3.08 ^ clkbuf_5_0_0_core_clk/X (sky130_fd_sc_hd__clkbuf_4)
     1    0.00                           clknet_5_0_0_core_clk (net)
                  0.03    0.00    3.08 ^ clkbuf_5_0_1_core_clk/A (sky130_fd_sc_hd__clkbuf_4)
                  0.30    0.31    3.39 ^ clkbuf_5_0_1_core_clk/X (sky130_fd_sc_hd__clkbuf_4)
     7    0.10                           clknet_5_0_1_core_clk (net)
                  0.30    0.03    3.42 ^ clkbuf_leaf_423_core_clk/A (sky130_fd_sc_hd__clkbuf_16)
                  0.07    0.23    3.65 ^ clkbuf_leaf_423_core_clk/X (sky130_fd_sc_hd__clkbuf_16)
     9    0.05                           clknet_leaf_423_core_clk (net)
                  0.07    0.01    3.66 ^ _35448_/CLK (sky130_fd_sc_hd__dfxtp_1)
                          0.25    3.91   clock uncertainty
                         -0.35    3.56   clock reconvergence pessimism
                         -0.03    3.54   library hold time
                                  3.54   data required time
-----------------------------------------------------------------------------
                                  3.54   data required time
                                 -3.84   data arrival time
-----------------------------------------------------------------------------
                                  0.30   slack (MET)


Startpoint: _34832_ (rising edge-triggered flip-flop clocked by core_clk)
Endpoint: _37233_ (rising edge-triggered flip-flop clocked by core_clk)
Path Group: core_clk
Path Type: min

Fanout     Cap    Slew   Delay    Time   Description
-----------------------------------------------------------------------------
                          0.00    0.00   clock core_clk (rise edge)
                          0.00    0.00   clock source latency
                  0.62    0.42    0.42 ^ core_clk (in)
     1    0.08                           core_clk (net)
                  0.62    0.00    0.42 ^ clkbuf_0_core_clk/A (sky130_fd_sc_hd__clkbuf_16)
                  0.06    0.25    0.67 ^ clkbuf_0_core_clk/X (sky130_fd_sc_hd__clkbuf_16)
     2    0.02                           clknet_0_core_clk (net)
                  0.06    0.01    0.68 ^ clkbuf_1_1_0_core_clk/A (sky130_fd_sc_hd__clkbuf_4)
                  0.05    0.13    0.81 ^ clkbuf_1_1_0_core_clk/X (sky130_fd_sc_hd__clkbuf_4)
     1    0.01                           clknet_1_1_0_core_clk (net)
                  0.05    0.00    0.81 ^ clkbuf_1_1_1_core_clk/A (sky130_fd_sc_hd__clkbuf_4)
                  0.05    0.13    0.94 ^ clkbuf_1_1_1_core_clk/X (sky130_fd_sc_hd__clkbuf_4)
     1    0.01                           clknet_1_1_1_core_clk (net)
                  0.05    0.00    0.94 ^ clkbuf_1_1_2_core_clk/A (sky130_fd_sc_hd__clkbuf_4)
                  0.05    0.13    1.07 ^ clkbuf_1_1_2_core_clk/X (sky130_fd_sc_hd__clkbuf_4)
     1    0.01                           clknet_1_1_2_core_clk (net)
                  0.05    0.00    1.07 ^ clkbuf_1_1_3_core_clk/A (sky130_fd_sc_hd__clkbuf_4)
                  0.05    0.13    1.20 ^ clkbuf_1_1_3_core_clk/X (sky130_fd_sc_hd__clkbuf_4)
     1    0.01                           clknet_1_1_3_core_clk (net)
                  0.05    0.00    1.20 ^ clkbuf_1_1_4_core_clk/A (sky130_fd_sc_hd__clkbuf_4)
                  0.18    0.22    1.42 ^ clkbuf_1_1_4_core_clk/X (sky130_fd_sc_hd__clkbuf_4)
     2    0.06                           clknet_1_1_4_core_clk (net)
                  0.18    0.02    1.43 ^ clkbuf_2_2_0_core_clk/A (sky130_fd_sc_hd__clkbuf_4)
                  0.05    0.17    1.61 ^ clkbuf_2_2_0_core_clk/X (sky130_fd_sc_hd__clkbuf_4)
     1    0.01                           clknet_2_2_0_core_clk (net)
                  0.05    0.00    1.61 ^ clkbuf_2_2_1_core_clk/A (sky130_fd_sc_hd__clkbuf_4)
                  0.14    0.19    1.80 ^ clkbuf_2_2_1_core_clk/X (sky130_fd_sc_hd__clkbuf_4)
     2    0.04                           clknet_2_2_1_core_clk (net)
                  0.14    0.01    1.81 ^ clkbuf_3_4_0_core_clk/A (sky130_fd_sc_hd__clkbuf_4)
                  0.05    0.16    1.97 ^ clkbuf_3_4_0_core_clk/X (sky130_fd_sc_hd__clkbuf_4)
     1    0.01                           clknet_3_4_0_core_clk (net)
                  0.05    0.00    1.98 ^ clkbuf_3_4_1_core_clk/A (sky130_fd_sc_hd__clkbuf_4)
                  0.04    0.12    2.09 ^ clkbuf_3_4_1_core_clk/X (sky130_fd_sc_hd__clkbuf_4)
     1    0.01                           clknet_3_4_1_core_clk (net)
                  0.04    0.00    2.10 ^ clkbuf_3_4_2_core_clk/A (sky130_fd_sc_hd__clkbuf_4)
                  0.13    0.17    2.26 ^ clkbuf_3_4_2_core_clk/X (sky130_fd_sc_hd__clkbuf_4)
     2    0.04                           clknet_3_4_2_core_clk (net)
                  0.13    0.02    2.28 ^ clkbuf_4_8_0_core_clk/A (sky130_fd_sc_hd__clkbuf_4)
                  0.09    0.18    2.47 ^ clkbuf_4_8_0_core_clk/X (sky130_fd_sc_hd__clkbuf_4)
     2    0.02                           clknet_4_8_0_core_clk (net)
                  0.09    0.01    2.47 ^ clkbuf_5_16_0_core_clk/A (sky130_fd_sc_hd__clkbuf_4)
                  0.04    0.13    2.60 ^ clkbuf_5_16_0_core_clk/X (sky130_fd_sc_hd__clkbuf_4)
     1    0.01                           clknet_5_16_0_core_clk (net)
                  0.04    0.00    2.61 ^ clkbuf_5_16_1_core_clk/A (sky130_fd_sc_hd__clkbuf_4)
                  0.76    0.53    3.14 ^ clkbuf_5_16_1_core_clk/X (sky130_fd_sc_hd__clkbuf_4)
    18    0.26                           clknet_5_16_1_core_clk (net)
                  0.78    0.10    3.24 ^ clkbuf_leaf_358_core_clk/A (sky130_fd_sc_hd__clkbuf_16)
                  0.08    0.28    3.52 ^ clkbuf_leaf_358_core_clk/X (sky130_fd_sc_hd__clkbuf_16)
    11    0.05                           clknet_leaf_358_core_clk (net)
                  0.10    0.03    3.54 ^ _34832_/CLK (sky130_fd_sc_hd__dfxtp_1)
                  0.06    0.32    3.86 ^ _34832_/Q (sky130_fd_sc_hd__dfxtp_1)
     1    0.01                           VexRiscv._zz_RegFilePlugin_regFile_port0[0] (net)
                  0.06    0.00    3.86 ^ _26120_/A1 (sky130_fd_sc_hd__mux2_1)
                  0.06    0.13    3.99 ^ _26120_/X (sky130_fd_sc_hd__mux2_1)
     1    0.01                           _13597_ (net)
                  0.06    0.00    4.00 ^ _26121_/A (sky130_fd_sc_hd__clkbuf_1)
                  0.06    0.09    4.09 ^ _26121_/X (sky130_fd_sc_hd__clkbuf_1)
     1    0.00                           _04699_ (net)
                  0.06    0.00    4.09 ^ _37233_/D (sky130_fd_sc_hd__dfxtp_1)
                                  4.09   data arrival time

                          0.00    0.00   clock core_clk (rise edge)
                          0.00    0.00   clock source latency
                  0.62    0.46    0.46 ^ core_clk (in)
     1    0.08                           core_clk (net)
                  0.62    0.00    0.46 ^ clkbuf_0_core_clk/A (sky130_fd_sc_hd__clkbuf_16)
                  0.06    0.27    0.74 ^ clkbuf_0_core_clk/X (sky130_fd_sc_hd__clkbuf_16)
     2    0.02                           clknet_0_core_clk (net)
                  0.06    0.01    0.75 ^ clkbuf_1_1_0_core_clk/A (sky130_fd_sc_hd__clkbuf_4)
                  0.05    0.14    0.89 ^ clkbuf_1_1_0_core_clk/X (sky130_fd_sc_hd__clkbuf_4)
     1    0.01                           clknet_1_1_0_core_clk (net)
                  0.05    0.00    0.90 ^ clkbuf_1_1_1_core_clk/A (sky130_fd_sc_hd__clkbuf_4)
                  0.05    0.14    1.04 ^ clkbuf_1_1_1_core_clk/X (sky130_fd_sc_hd__clkbuf_4)
     1    0.01                           clknet_1_1_1_core_clk (net)
                  0.05    0.00    1.04 ^ clkbuf_1_1_2_core_clk/A (sky130_fd_sc_hd__clkbuf_4)
                  0.05    0.14    1.18 ^ clkbuf_1_1_2_core_clk/X (sky130_fd_sc_hd__clkbuf_4)
     1    0.01                           clknet_1_1_2_core_clk (net)
                  0.05    0.00    1.18 ^ clkbuf_1_1_3_core_clk/A (sky130_fd_sc_hd__clkbuf_4)
                  0.05    0.14    1.32 ^ clkbuf_1_1_3_core_clk/X (sky130_fd_sc_hd__clkbuf_4)
     1    0.01                           clknet_1_1_3_core_clk (net)
                  0.05    0.00    1.33 ^ clkbuf_1_1_4_core_clk/A (sky130_fd_sc_hd__clkbuf_4)
                  0.18    0.24    1.57 ^ clkbuf_1_1_4_core_clk/X (sky130_fd_sc_hd__clkbuf_4)
     2    0.06                           clknet_1_1_4_core_clk (net)
                  0.18    0.02    1.59 ^ clkbuf_2_2_0_core_clk/A (sky130_fd_sc_hd__clkbuf_4)
                  0.05    0.19    1.77 ^ clkbuf_2_2_0_core_clk/X (sky130_fd_sc_hd__clkbuf_4)
     1    0.01                           clknet_2_2_0_core_clk (net)
                  0.05    0.01    1.78 ^ clkbuf_2_2_1_core_clk/A (sky130_fd_sc_hd__clkbuf_4)
                  0.14    0.21    1.99 ^ clkbuf_2_2_1_core_clk/X (sky130_fd_sc_hd__clkbuf_4)
     2    0.04                           clknet_2_2_1_core_clk (net)
                  0.14    0.01    2.00 ^ clkbuf_3_4_0_core_clk/A (sky130_fd_sc_hd__clkbuf_4)
                  0.05    0.18    2.18 ^ clkbuf_3_4_0_core_clk/X (sky130_fd_sc_hd__clkbuf_4)
     1    0.01                           clknet_3_4_0_core_clk (net)
                  0.05    0.00    2.18 ^ clkbuf_3_4_1_core_clk/A (sky130_fd_sc_hd__clkbuf_4)
                  0.04    0.13    2.31 ^ clkbuf_3_4_1_core_clk/X (sky130_fd_sc_hd__clkbuf_4)
     1    0.01                           clknet_3_4_1_core_clk (net)
                  0.04    0.00    2.32 ^ clkbuf_3_4_2_core_clk/A (sky130_fd_sc_hd__clkbuf_4)
                  0.13    0.19    2.50 ^ clkbuf_3_4_2_core_clk/X (sky130_fd_sc_hd__clkbuf_4)
     2    0.04                           clknet_3_4_2_core_clk (net)
                  0.13    0.02    2.52 ^ clkbuf_4_8_0_core_clk/A (sky130_fd_sc_hd__clkbuf_4)
                  0.09    0.20    2.73 ^ clkbuf_4_8_0_core_clk/X (sky130_fd_sc_hd__clkbuf_4)
     2    0.02                           clknet_4_8_0_core_clk (net)
                  0.09    0.01    2.73 ^ clkbuf_5_16_0_core_clk/A (sky130_fd_sc_hd__clkbuf_4)
                  0.04    0.15    2.88 ^ clkbuf_5_16_0_core_clk/X (sky130_fd_sc_hd__clkbuf_4)
     1    0.01                           clknet_5_16_0_core_clk (net)
                  0.04    0.00    2.88 ^ clkbuf_5_16_1_core_clk/A (sky130_fd_sc_hd__clkbuf_4)
                  0.76    0.59    3.47 ^ clkbuf_5_16_1_core_clk/X (sky130_fd_sc_hd__clkbuf_4)
    18    0.26                           clknet_5_16_1_core_clk (net)
                  0.78    0.11    3.58 ^ clkbuf_leaf_359_core_clk/A (sky130_fd_sc_hd__clkbuf_16)
                  0.07    0.30    3.88 ^ clkbuf_leaf_359_core_clk/X (sky130_fd_sc_hd__clkbuf_16)
     8    0.04                           clknet_leaf_359_core_clk (net)
                  0.08    0.01    3.90 ^ _37233_/CLK (sky130_fd_sc_hd__dfxtp_1)
                          0.25    4.15   clock uncertainty
                         -0.33    3.82   clock reconvergence pessimism
                         -0.03    3.79   library hold time
                                  3.79   data required time
-----------------------------------------------------------------------------
                                  3.79   data required time
                                 -4.09   data arrival time
-----------------------------------------------------------------------------
                                  0.30   slack (MET)


Startpoint: _38764_ (rising edge-triggered flip-flop clocked by core_clk)
Endpoint: _34900_ (rising edge-triggered flip-flop clocked by core_clk)
Path Group: core_clk
Path Type: min

Fanout     Cap    Slew   Delay    Time   Description
-----------------------------------------------------------------------------
                          0.00    0.00   clock core_clk (rise edge)
                          0.00    0.00   clock source latency
                  0.62    0.42    0.42 ^ core_clk (in)
     1    0.08                           core_clk (net)
                  0.62    0.00    0.42 ^ clkbuf_0_core_clk/A (sky130_fd_sc_hd__clkbuf_16)
                  0.06    0.25    0.67 ^ clkbuf_0_core_clk/X (sky130_fd_sc_hd__clkbuf_16)
     2    0.02                           clknet_0_core_clk (net)
                  0.06    0.01    0.68 ^ clkbuf_1_0_0_core_clk/A (sky130_fd_sc_hd__clkbuf_4)
                  0.05    0.13    0.81 ^ clkbuf_1_0_0_core_clk/X (sky130_fd_sc_hd__clkbuf_4)
     1    0.01                           clknet_1_0_0_core_clk (net)
                  0.05    0.00    0.81 ^ clkbuf_1_0_1_core_clk/A (sky130_fd_sc_hd__clkbuf_4)
                  0.05    0.13    0.94 ^ clkbuf_1_0_1_core_clk/X (sky130_fd_sc_hd__clkbuf_4)
     1    0.01                           clknet_1_0_1_core_clk (net)
                  0.05    0.00    0.94 ^ clkbuf_1_0_2_core_clk/A (sky130_fd_sc_hd__clkbuf_4)
                  0.05    0.13    1.07 ^ clkbuf_1_0_2_core_clk/X (sky130_fd_sc_hd__clkbuf_4)
     1    0.01                           clknet_1_0_2_core_clk (net)
                  0.05    0.00    1.07 ^ clkbuf_1_0_3_core_clk/A (sky130_fd_sc_hd__clkbuf_4)
                  0.03    0.11    1.19 ^ clkbuf_1_0_3_core_clk/X (sky130_fd_sc_hd__clkbuf_4)
     1    0.00                           clknet_1_0_3_core_clk (net)
                  0.03    0.00    1.19 ^ clkbuf_1_0_4_core_clk/A (sky130_fd_sc_hd__clkbuf_4)
                  0.18    0.20    1.39 ^ clkbuf_1_0_4_core_clk/X (sky130_fd_sc_hd__clkbuf_4)
     2    0.06                           clknet_1_0_4_core_clk (net)
                  0.19    0.03    1.42 ^ clkbuf_2_0_0_core_clk/A (sky130_fd_sc_hd__clkbuf_4)
                  0.03    0.16    1.57 ^ clkbuf_2_0_0_core_clk/X (sky130_fd_sc_hd__clkbuf_4)
     1    0.00                           clknet_2_0_0_core_clk (net)
                  0.03    0.00    1.57 ^ clkbuf_2_0_1_core_clk/A (sky130_fd_sc_hd__clkbuf_4)
                  0.46    0.35    1.92 ^ clkbuf_2_0_1_core_clk/X (sky130_fd_sc_hd__clkbuf_4)
     2    0.15                           clknet_2_0_1_core_clk (net)
                  0.47    0.06    1.99 ^ clkbuf_3_1_0_core_clk/A (sky130_fd_sc_hd__clkbuf_4)
                  0.04    0.22    2.21 ^ clkbuf_3_1_0_core_clk/X (sky130_fd_sc_hd__clkbuf_4)
     1    0.00                           clknet_3_1_0_core_clk (net)
                  0.04    0.00    2.21 ^ clkbuf_3_1_1_core_clk/A (sky130_fd_sc_hd__clkbuf_4)
                  0.03    0.11    2.32 ^ clkbuf_3_1_1_core_clk/X (sky130_fd_sc_hd__clkbuf_4)
     1    0.00                           clknet_3_1_1_core_clk (net)
                  0.03    0.00    2.32 ^ clkbuf_3_1_2_core_clk/A (sky130_fd_sc_hd__clkbuf_4)
                  0.08    0.14    2.46 ^ clkbuf_3_1_2_core_clk/X (sky130_fd_sc_hd__clkbuf_4)
     2    0.02                           clknet_3_1_2_core_clk (net)
                  0.08    0.00    2.47 ^ clkbuf_4_3_0_core_clk/A (sky130_fd_sc_hd__clkbuf_4)
                  0.08    0.16    2.63 ^ clkbuf_4_3_0_core_clk/X (sky130_fd_sc_hd__clkbuf_4)
     2    0.02                           clknet_4_3_0_core_clk (net)
                  0.08    0.01    2.64 ^ clkbuf_5_7_0_core_clk/A (sky130_fd_sc_hd__clkbuf_4)
                  0.04    0.13    2.77 ^ clkbuf_5_7_0_core_clk/X (sky130_fd_sc_hd__clkbuf_4)
     1    0.01                           clknet_5_7_0_core_clk (net)
                  0.04    0.00    2.77 ^ clkbuf_5_7_1_core_clk/A (sky130_fd_sc_hd__clkbuf_4)
                  0.47    0.38    3.15 ^ clkbuf_5_7_1_core_clk/X (sky130_fd_sc_hd__clkbuf_4)
    11    0.16                           clknet_5_7_1_core_clk (net)
                  0.48    0.05    3.20 ^ clkbuf_leaf_115_core_clk/A (sky130_fd_sc_hd__clkbuf_16)
                  0.09    0.24    3.44 ^ clkbuf_leaf_115_core_clk/X (sky130_fd_sc_hd__clkbuf_16)
    16    0.07                           clknet_leaf_115_core_clk (net)
                  0.12    0.04    3.48 ^ _38764_/CLK (sky130_fd_sc_hd__dfxtp_4)
                  0.25    0.49    3.97 ^ _38764_/Q (sky130_fd_sc_hd__dfxtp_4)
     5    0.09                           VexRiscv.DebugPlugin_stepIt (net)
                  0.25    0.02    3.98 ^ _32916_/A0 (sky130_fd_sc_hd__mux2_4)
                  0.12    0.26    4.24 ^ _32916_/X (sky130_fd_sc_hd__mux2_4)
     1    0.04                           VexRiscv.debug_bus_rsp_data[4] (net)
                  0.12    0.01    4.25 ^ _34900_/D (sky130_fd_sc_hd__dfxtp_1)
                                  4.25   data arrival time

                          0.00    0.00   clock core_clk (rise edge)
                          0.00    0.00   clock source latency
                  0.62    0.46    0.46 ^ core_clk (in)
     1    0.08                           core_clk (net)
                  0.62    0.00    0.46 ^ clkbuf_0_core_clk/A (sky130_fd_sc_hd__clkbuf_16)
                  0.06    0.27    0.74 ^ clkbuf_0_core_clk/X (sky130_fd_sc_hd__clkbuf_16)
     2    0.02                           clknet_0_core_clk (net)
                  0.06    0.01    0.75 ^ clkbuf_1_1_0_core_clk/A (sky130_fd_sc_hd__clkbuf_4)
                  0.05    0.14    0.89 ^ clkbuf_1_1_0_core_clk/X (sky130_fd_sc_hd__clkbuf_4)
     1    0.01                           clknet_1_1_0_core_clk (net)
                  0.05    0.00    0.90 ^ clkbuf_1_1_1_core_clk/A (sky130_fd_sc_hd__clkbuf_4)
                  0.05    0.14    1.04 ^ clkbuf_1_1_1_core_clk/X (sky130_fd_sc_hd__clkbuf_4)
     1    0.01                           clknet_1_1_1_core_clk (net)
                  0.05    0.00    1.04 ^ clkbuf_1_1_2_core_clk/A (sky130_fd_sc_hd__clkbuf_4)
                  0.05    0.14    1.18 ^ clkbuf_1_1_2_core_clk/X (sky130_fd_sc_hd__clkbuf_4)
     1    0.01                           clknet_1_1_2_core_clk (net)
                  0.05    0.00    1.18 ^ clkbuf_1_1_3_core_clk/A (sky130_fd_sc_hd__clkbuf_4)
                  0.05    0.14    1.32 ^ clkbuf_1_1_3_core_clk/X (sky130_fd_sc_hd__clkbuf_4)
     1    0.01                           clknet_1_1_3_core_clk (net)
                  0.05    0.00    1.33 ^ clkbuf_1_1_4_core_clk/A (sky130_fd_sc_hd__clkbuf_4)
                  0.18    0.24    1.57 ^ clkbuf_1_1_4_core_clk/X (sky130_fd_sc_hd__clkbuf_4)
     2    0.06                           clknet_1_1_4_core_clk (net)
                  0.18    0.02    1.59 ^ clkbuf_2_3_0_core_clk/A (sky130_fd_sc_hd__clkbuf_4)
                  0.05    0.19    1.77 ^ clkbuf_2_3_0_core_clk/X (sky130_fd_sc_hd__clkbuf_4)
     1    0.01                           clknet_2_3_0_core_clk (net)
                  0.05    0.00    1.78 ^ clkbuf_2_3_1_core_clk/A (sky130_fd_sc_hd__clkbuf_4)
                  0.14    0.21    1.99 ^ clkbuf_2_3_1_core_clk/X (sky130_fd_sc_hd__clkbuf_4)
     2    0.04                           clknet_2_3_1_core_clk (net)
                  0.14    0.01    2.00 ^ clkbuf_3_6_0_core_clk/A (sky130_fd_sc_hd__clkbuf_4)
                  0.05    0.17    2.17 ^ clkbuf_3_6_0_core_clk/X (sky130_fd_sc_hd__clkbuf_4)
     1    0.01                           clknet_3_6_0_core_clk (net)
                  0.05    0.01    2.18 ^ clkbuf_3_6_1_core_clk/A (sky130_fd_sc_hd__clkbuf_4)
                  0.04    0.13    2.31 ^ clkbuf_3_6_1_core_clk/X (sky130_fd_sc_hd__clkbuf_4)
     1    0.01                           clknet_3_6_1_core_clk (net)
                  0.04    0.00    2.32 ^ clkbuf_3_6_2_core_clk/A (sky130_fd_sc_hd__clkbuf_4)
                  0.11    0.18    2.50 ^ clkbuf_3_6_2_core_clk/X (sky130_fd_sc_hd__clkbuf_4)
     2    0.03                           clknet_3_6_2_core_clk (net)
                  0.11    0.02    2.51 ^ clkbuf_4_12_0_core_clk/A (sky130_fd_sc_hd__clkbuf_4)
                  0.08    0.19    2.71 ^ clkbuf_4_12_0_core_clk/X (sky130_fd_sc_hd__clkbuf_4)
     2    0.02                           clknet_4_12_0_core_clk (net)
                  0.09    0.01    2.71 ^ clkbuf_5_25_0_core_clk/A (sky130_fd_sc_hd__clkbuf_4)
                  0.04    0.15    2.86 ^ clkbuf_5_25_0_core_clk/X (sky130_fd_sc_hd__clkbuf_4)
     1    0.01                           clknet_5_25_0_core_clk (net)
                  0.04    0.00    2.86 ^ clkbuf_5_25_1_core_clk/A (sky130_fd_sc_hd__clkbuf_4)
                  0.70    0.56    3.42 ^ clkbuf_5_25_1_core_clk/X (sky130_fd_sc_hd__clkbuf_4)
    16    0.24                           clknet_5_25_1_core_clk (net)
                  0.71    0.07    3.49 ^ clkbuf_leaf_238_core_clk/A (sky130_fd_sc_hd__clkbuf_16)
                  0.09    0.32    3.81 ^ clkbuf_leaf_238_core_clk/X (sky130_fd_sc_hd__clkbuf_16)
    14    0.05                           clknet_leaf_238_core_clk (net)
                  0.09    0.00    3.81 ^ _34900_/CLK (sky130_fd_sc_hd__dfxtp_1)
                          0.25    4.06   clock uncertainty
                         -0.07    3.99   clock reconvergence pessimism
                         -0.04    3.95   library hold time
                                  3.95   data required time
-----------------------------------------------------------------------------
                                  3.95   data required time
                                 -4.25   data arrival time
-----------------------------------------------------------------------------
                                  0.30   slack (MET)


