
===========================================================================
report_checks -path_delay min (Hold)
============================================================================
Startpoint: mgmt_soc_dff_Do[13] (input port clocked by core_clk)
Endpoint: _35315_ (rising edge-triggered flip-flop clocked by core_clk)
Path Group: core_clk
Path Type: min

Fanout     Cap    Slew   Delay    Time   Description
-----------------------------------------------------------------------------
                          0.00    0.00   clock core_clk (rise edge)
                          0.00    0.00   clock network delay (propagated)
                          3.02    3.02 ^ input external delay
                  0.13    0.08    3.10 ^ mgmt_soc_dff_Do[13] (in)
     2    0.02                           mgmt_soc_dff_Do[13] (net)
                  0.13    0.00    3.10 ^ input170/A (sky130_fd_sc_hd__buf_12)
                  0.25    0.23    3.33 ^ input170/X (sky130_fd_sc_hd__buf_12)
     2    0.22                           net170 (net)
                  0.28    0.06    3.39 ^ _18575_/A2 (sky130_fd_sc_hd__a221oi_4)
                  0.05    0.10    3.49 v _18575_/Y (sky130_fd_sc_hd__a221oi_4)
     1    0.00                           _08339_ (net)
                  0.05    0.00    3.50 v hold1145/A (sky130_fd_sc_hd__dlygate4sd3_1)
                  0.08    0.56    4.06 v hold1145/X (sky130_fd_sc_hd__dlygate4sd3_1)
     1    0.01                           net3994 (net)
                  0.08    0.00    4.06 v _18576_/C1 (sky130_fd_sc_hd__o2111ai_4)
                  0.05    0.09    4.15 ^ _18576_/Y (sky130_fd_sc_hd__o2111ai_4)
     1    0.00                           VexRiscv.dBusWishbone_DAT_MISO[13] (net)
                  0.05    0.00    4.15 ^ hold1144/A (sky130_fd_sc_hd__buf_2)
                  0.14    0.17    4.32 ^ hold1144/X (sky130_fd_sc_hd__buf_2)
     4    0.03                           net3993 (net)
                  0.14    0.01    4.32 ^ _35315_/D (sky130_fd_sc_hd__dfxtp_4)
                                  4.32   data arrival time

                          0.00    0.00   clock core_clk (rise edge)
                          0.00    0.00   clock source latency
                  0.63    0.47    0.47 ^ core_clk (in)
     2    0.08                           core_clk (net)
                  0.63    0.00    0.47 ^ clkbuf_0_core_clk/A (sky130_fd_sc_hd__clkbuf_16)
                  0.06    0.28    0.75 ^ clkbuf_0_core_clk/X (sky130_fd_sc_hd__clkbuf_16)
     4    0.02                           clknet_0_core_clk (net)
                  0.07    0.01    0.76 ^ clkbuf_1_1_0_core_clk/A (sky130_fd_sc_hd__clkbuf_4)
                  0.05    0.15    0.91 ^ clkbuf_1_1_0_core_clk/X (sky130_fd_sc_hd__clkbuf_4)
     1    0.01                           clknet_1_1_0_core_clk (net)
                  0.05    0.00    0.91 ^ clkbuf_1_1_1_core_clk/A (sky130_fd_sc_hd__clkbuf_4)
                  0.05    0.14    1.05 ^ clkbuf_1_1_1_core_clk/X (sky130_fd_sc_hd__clkbuf_4)
     1    0.01                           clknet_1_1_1_core_clk (net)
                  0.05    0.00    1.06 ^ clkbuf_1_1_2_core_clk/A (sky130_fd_sc_hd__clkbuf_4)
                  0.05    0.14    1.20 ^ clkbuf_1_1_2_core_clk/X (sky130_fd_sc_hd__clkbuf_4)
     1    0.01                           clknet_1_1_2_core_clk (net)
                  0.05    0.00    1.20 ^ clkbuf_1_1_3_core_clk/A (sky130_fd_sc_hd__clkbuf_4)
                  0.05    0.14    1.34 ^ clkbuf_1_1_3_core_clk/X (sky130_fd_sc_hd__clkbuf_4)
     1    0.01                           clknet_1_1_3_core_clk (net)
                  0.05    0.00    1.35 ^ clkbuf_1_1_4_core_clk/A (sky130_fd_sc_hd__clkbuf_4)
                  0.19    0.24    1.59 ^ clkbuf_1_1_4_core_clk/X (sky130_fd_sc_hd__clkbuf_4)
     4    0.06                           clknet_1_1_4_core_clk (net)
                  0.19    0.02    1.61 ^ clkbuf_2_3_0_core_clk/A (sky130_fd_sc_hd__clkbuf_4)
                  0.05    0.19    1.80 ^ clkbuf_2_3_0_core_clk/X (sky130_fd_sc_hd__clkbuf_4)
     1    0.01                           clknet_2_3_0_core_clk (net)
                  0.05    0.00    1.81 ^ clkbuf_2_3_1_core_clk/A (sky130_fd_sc_hd__clkbuf_4)
                  0.15    0.22    2.03 ^ clkbuf_2_3_1_core_clk/X (sky130_fd_sc_hd__clkbuf_4)
     4    0.05                           clknet_2_3_1_core_clk (net)
                  0.15    0.01    2.03 ^ clkbuf_3_6_0_core_clk/A (sky130_fd_sc_hd__clkbuf_4)
                  0.05    0.18    2.21 ^ clkbuf_3_6_0_core_clk/X (sky130_fd_sc_hd__clkbuf_4)
     1    0.01                           clknet_3_6_0_core_clk (net)
                  0.05    0.01    2.22 ^ clkbuf_3_6_1_core_clk/A (sky130_fd_sc_hd__clkbuf_4)
                  0.04    0.13    2.35 ^ clkbuf_3_6_1_core_clk/X (sky130_fd_sc_hd__clkbuf_4)
     1    0.01                           clknet_3_6_1_core_clk (net)
                  0.04    0.00    2.36 ^ clkbuf_3_6_2_core_clk/A (sky130_fd_sc_hd__clkbuf_4)
                  0.11    0.18    2.54 ^ clkbuf_3_6_2_core_clk/X (sky130_fd_sc_hd__clkbuf_4)
     4    0.03                           clknet_3_6_2_core_clk (net)
                  0.12    0.02    2.56 ^ clkbuf_4_12_0_core_clk/A (sky130_fd_sc_hd__clkbuf_4)
                  0.10    0.21    2.77 ^ clkbuf_4_12_0_core_clk/X (sky130_fd_sc_hd__clkbuf_4)
     4    0.03                           clknet_4_12_0_core_clk (net)
                  0.10    0.01    2.78 ^ clkbuf_5_25_0_core_clk/A (sky130_fd_sc_hd__clkbuf_4)
                  0.04    0.15    2.93 ^ clkbuf_5_25_0_core_clk/X (sky130_fd_sc_hd__clkbuf_4)
     1    0.01                           clknet_5_25_0_core_clk (net)
                  0.04    0.00    2.93 ^ clkbuf_5_25_1_core_clk/A (sky130_fd_sc_hd__clkbuf_4)
                  0.79    0.62    3.55 ^ clkbuf_5_25_1_core_clk/X (sky130_fd_sc_hd__clkbuf_4)
    32    0.27                           clknet_5_25_1_core_clk (net)
                  0.81    0.09    3.64 ^ clkbuf_leaf_242_core_clk/A (sky130_fd_sc_hd__clkbuf_16)
                  0.08    0.31    3.95 ^ clkbuf_leaf_242_core_clk/X (sky130_fd_sc_hd__clkbuf_16)
    10    0.04                           clknet_leaf_242_core_clk (net)
                  0.08    0.01    3.96 ^ _35315_/CLK (sky130_fd_sc_hd__dfxtp_4)
                          0.25    4.21   clock uncertainty
                          0.00    4.21   clock reconvergence pessimism
                         -0.05    4.16   library hold time
                                  4.16   data required time
-----------------------------------------------------------------------------
                                  4.16   data required time
                                 -4.32   data arrival time
-----------------------------------------------------------------------------
                                  0.16   slack (MET)


Startpoint: la_input[35] (input port clocked by core_clk)
Endpoint: _35130_ (rising edge-triggered flip-flop clocked by core_clk)
Path Group: core_clk
Path Type: min

Fanout     Cap    Slew   Delay    Time   Description
-----------------------------------------------------------------------------
                          0.00    0.00   clock core_clk (rise edge)
                          0.00    0.00   clock network delay (propagated)
                          1.00    1.00 ^ input external delay
                  0.08    0.05    1.05 ^ la_input[35] (in)
     2    0.01                           la_input[35] (net)
                  0.08    0.00    1.05 ^ input94/A (sky130_fd_sc_hd__clkbuf_1)
                  0.04    0.08    1.13 ^ input94/X (sky130_fd_sc_hd__clkbuf_1)
     1    0.00                           net94 (net)
                  0.04    0.00    1.13 ^ hold440/A (sky130_fd_sc_hd__dlygate4sd3_1)
                  0.06    0.51    1.64 ^ hold440/X (sky130_fd_sc_hd__dlygate4sd3_1)
     1    0.00                           net3290 (net)
                  0.06    0.00    1.64 ^ hold441/A (sky130_fd_sc_hd__dlygate4sd3_1)
                  0.05    0.51    2.15 ^ hold441/X (sky130_fd_sc_hd__dlygate4sd3_1)
     1    0.00                           net3291 (net)
                  0.05    0.00    2.15 ^ hold442/A (sky130_fd_sc_hd__dlygate4sd3_1)
                  0.05    0.51    2.66 ^ hold442/X (sky130_fd_sc_hd__dlygate4sd3_1)
     1    0.00                           net3292 (net)
                  0.05    0.00    2.66 ^ hold443/A (sky130_fd_sc_hd__dlygate4sd3_1)
                  0.07    0.52    3.18 ^ hold443/X (sky130_fd_sc_hd__dlygate4sd3_1)
     1    0.00                           net3293 (net)
                  0.07    0.00    3.19 ^ hold444/A (sky130_fd_sc_hd__dlygate4sd3_1)
                  0.05    0.51    3.70 ^ hold444/X (sky130_fd_sc_hd__dlygate4sd3_1)
     1    0.00                           net3294 (net)
                  0.05    0.00    3.70 ^ hold445/A (sky130_fd_sc_hd__dlygate4sd3_1)
                  0.06    0.52    4.21 ^ hold445/X (sky130_fd_sc_hd__dlygate4sd3_1)
     1    0.00                           net3289 (net)
                  0.06    0.00    4.22 ^ _35130_/D (sky130_fd_sc_hd__dfxtp_1)
                                  4.22   data arrival time

                          0.00    0.00   clock core_clk (rise edge)
                          0.00    0.00   clock source latency
                  0.63    0.47    0.47 ^ core_clk (in)
     2    0.08                           core_clk (net)
                  0.63    0.00    0.47 ^ clkbuf_0_core_clk/A (sky130_fd_sc_hd__clkbuf_16)
                  0.06    0.28    0.75 ^ clkbuf_0_core_clk/X (sky130_fd_sc_hd__clkbuf_16)
     4    0.02                           clknet_0_core_clk (net)
                  0.07    0.01    0.76 ^ clkbuf_1_0_0_core_clk/A (sky130_fd_sc_hd__clkbuf_4)
                  0.05    0.15    0.91 ^ clkbuf_1_0_0_core_clk/X (sky130_fd_sc_hd__clkbuf_4)
     1    0.01                           clknet_1_0_0_core_clk (net)
                  0.05    0.00    0.92 ^ clkbuf_1_0_1_core_clk/A (sky130_fd_sc_hd__clkbuf_4)
                  0.05    0.14    1.06 ^ clkbuf_1_0_1_core_clk/X (sky130_fd_sc_hd__clkbuf_4)
     1    0.01                           clknet_1_0_1_core_clk (net)
                  0.05    0.00    1.06 ^ clkbuf_1_0_2_core_clk/A (sky130_fd_sc_hd__clkbuf_4)
                  0.05    0.14    1.20 ^ clkbuf_1_0_2_core_clk/X (sky130_fd_sc_hd__clkbuf_4)
     1    0.01                           clknet_1_0_2_core_clk (net)
                  0.05    0.00    1.20 ^ clkbuf_1_0_3_core_clk/A (sky130_fd_sc_hd__clkbuf_4)
                  0.03    0.12    1.33 ^ clkbuf_1_0_3_core_clk/X (sky130_fd_sc_hd__clkbuf_4)
     1    0.00                           clknet_1_0_3_core_clk (net)
                  0.03    0.00    1.33 ^ clkbuf_1_0_4_core_clk/A (sky130_fd_sc_hd__clkbuf_4)
                  0.20    0.23    1.56 ^ clkbuf_1_0_4_core_clk/X (sky130_fd_sc_hd__clkbuf_4)
     4    0.06                           clknet_1_0_4_core_clk (net)
                  0.21    0.04    1.60 ^ clkbuf_2_1_0_core_clk/A (sky130_fd_sc_hd__clkbuf_4)
                  0.03    0.18    1.78 ^ clkbuf_2_1_0_core_clk/X (sky130_fd_sc_hd__clkbuf_4)
     1    0.00                           clknet_2_1_0_core_clk (net)
                  0.03    0.00    1.78 ^ clkbuf_2_1_1_core_clk/A (sky130_fd_sc_hd__clkbuf_4)
                  0.14    0.20    1.98 ^ clkbuf_2_1_1_core_clk/X (sky130_fd_sc_hd__clkbuf_4)
     4    0.04                           clknet_2_1_1_core_clk (net)
                  0.14    0.01    1.99 ^ clkbuf_3_2_0_core_clk/A (sky130_fd_sc_hd__clkbuf_4)
                  0.05    0.17    2.16 ^ clkbuf_3_2_0_core_clk/X (sky130_fd_sc_hd__clkbuf_4)
     1    0.01                           clknet_3_2_0_core_clk (net)
                  0.05    0.00    2.17 ^ clkbuf_3_2_1_core_clk/A (sky130_fd_sc_hd__clkbuf_4)
                  0.05    0.14    2.30 ^ clkbuf_3_2_1_core_clk/X (sky130_fd_sc_hd__clkbuf_4)
     1    0.01                           clknet_3_2_1_core_clk (net)
                  0.05    0.00    2.31 ^ clkbuf_3_2_2_core_clk/A (sky130_fd_sc_hd__clkbuf_4)
                  0.12    0.19    2.50 ^ clkbuf_3_2_2_core_clk/X (sky130_fd_sc_hd__clkbuf_4)
     4    0.04                           clknet_3_2_2_core_clk (net)
                  0.12    0.02    2.51 ^ clkbuf_4_5_0_core_clk/A (sky130_fd_sc_hd__clkbuf_4)
                  0.10    0.20    2.72 ^ clkbuf_4_5_0_core_clk/X (sky130_fd_sc_hd__clkbuf_4)
     4    0.03                           clknet_4_5_0_core_clk (net)
                  0.10    0.01    2.73 ^ clkbuf_5_11_0_core_clk/A (sky130_fd_sc_hd__clkbuf_4)
                  0.04    0.15    2.89 ^ clkbuf_5_11_0_core_clk/X (sky130_fd_sc_hd__clkbuf_4)
     1    0.01                           clknet_5_11_0_core_clk (net)
                  0.04    0.00    2.89 ^ clkbuf_5_11_1_core_clk/A (sky130_fd_sc_hd__clkbuf_4)
                  0.59    0.48    3.37 ^ clkbuf_5_11_1_core_clk/X (sky130_fd_sc_hd__clkbuf_4)
    24    0.20                           clknet_5_11_1_core_clk (net)
                  0.61    0.08    3.45 ^ clkbuf_leaf_55_core_clk/A (sky130_fd_sc_hd__clkbuf_16)
                  0.13    0.32    3.77 ^ clkbuf_leaf_55_core_clk/X (sky130_fd_sc_hd__clkbuf_16)
    40    0.11                           clknet_leaf_55_core_clk (net)
                  0.15    0.04    3.81 ^ _35130_/CLK (sky130_fd_sc_hd__dfxtp_1)
                          0.25    4.06   clock uncertainty
                          0.00    4.06   clock reconvergence pessimism
                         -0.02    4.04   library hold time
                                  4.04   data required time
-----------------------------------------------------------------------------
                                  4.04   data required time
                                 -4.22   data arrival time
-----------------------------------------------------------------------------
                                  0.17   slack (MET)


Startpoint: la_input[37] (input port clocked by core_clk)
Endpoint: _35126_ (rising edge-triggered flip-flop clocked by core_clk)
Path Group: core_clk
Path Type: min

Fanout     Cap    Slew   Delay    Time   Description
-----------------------------------------------------------------------------
                          0.00    0.00   clock core_clk (rise edge)
                          0.00    0.00   clock network delay (propagated)
                          1.00    1.00 ^ input external delay
                  0.06    0.04    1.04 ^ la_input[37] (in)
     2    0.01                           la_input[37] (net)
                  0.06    0.00    1.04 ^ input96/A (sky130_fd_sc_hd__clkbuf_1)
                  0.05    0.09    1.12 ^ input96/X (sky130_fd_sc_hd__clkbuf_1)
     1    0.00                           net96 (net)
                  0.05    0.00    1.12 ^ hold410/A (sky130_fd_sc_hd__dlygate4sd3_1)
                  0.05    0.50    1.63 ^ hold410/X (sky130_fd_sc_hd__dlygate4sd3_1)
     1    0.00                           net3260 (net)
                  0.05    0.00    1.63 ^ hold411/A (sky130_fd_sc_hd__dlygate4sd3_1)
                  0.06    0.51    2.14 ^ hold411/X (sky130_fd_sc_hd__dlygate4sd3_1)
     1    0.00                           net3261 (net)
                  0.06    0.00    2.14 ^ hold412/A (sky130_fd_sc_hd__dlygate4sd3_1)
                  0.06    0.52    2.66 ^ hold412/X (sky130_fd_sc_hd__dlygate4sd3_1)
     1    0.00                           net3262 (net)
                  0.06    0.00    2.66 ^ hold413/A (sky130_fd_sc_hd__dlygate4sd3_1)
                  0.06    0.52    3.18 ^ hold413/X (sky130_fd_sc_hd__dlygate4sd3_1)
     1    0.00                           net3263 (net)
                  0.06    0.00    3.18 ^ hold414/A (sky130_fd_sc_hd__dlygate4sd3_1)
                  0.07    0.52    3.71 ^ hold414/X (sky130_fd_sc_hd__dlygate4sd3_1)
     1    0.00                           net3264 (net)
                  0.07    0.00    3.71 ^ hold415/A (sky130_fd_sc_hd__dlygate4sd3_1)
                  0.06    0.52    4.23 ^ hold415/X (sky130_fd_sc_hd__dlygate4sd3_1)
     1    0.00                           net3259 (net)
                  0.06    0.00    4.23 ^ _35126_/D (sky130_fd_sc_hd__dfxtp_1)
                                  4.23   data arrival time

                          0.00    0.00   clock core_clk (rise edge)
                          0.00    0.00   clock source latency
                  0.63    0.47    0.47 ^ core_clk (in)
     2    0.08                           core_clk (net)
                  0.63    0.00    0.47 ^ clkbuf_0_core_clk/A (sky130_fd_sc_hd__clkbuf_16)
                  0.06    0.28    0.75 ^ clkbuf_0_core_clk/X (sky130_fd_sc_hd__clkbuf_16)
     4    0.02                           clknet_0_core_clk (net)
                  0.07    0.01    0.76 ^ clkbuf_1_0_0_core_clk/A (sky130_fd_sc_hd__clkbuf_4)
                  0.05    0.15    0.91 ^ clkbuf_1_0_0_core_clk/X (sky130_fd_sc_hd__clkbuf_4)
     1    0.01                           clknet_1_0_0_core_clk (net)
                  0.05    0.00    0.92 ^ clkbuf_1_0_1_core_clk/A (sky130_fd_sc_hd__clkbuf_4)
                  0.05    0.14    1.06 ^ clkbuf_1_0_1_core_clk/X (sky130_fd_sc_hd__clkbuf_4)
     1    0.01                           clknet_1_0_1_core_clk (net)
                  0.05    0.00    1.06 ^ clkbuf_1_0_2_core_clk/A (sky130_fd_sc_hd__clkbuf_4)
                  0.05    0.14    1.20 ^ clkbuf_1_0_2_core_clk/X (sky130_fd_sc_hd__clkbuf_4)
     1    0.01                           clknet_1_0_2_core_clk (net)
                  0.05    0.00    1.20 ^ clkbuf_1_0_3_core_clk/A (sky130_fd_sc_hd__clkbuf_4)
                  0.03    0.12    1.33 ^ clkbuf_1_0_3_core_clk/X (sky130_fd_sc_hd__clkbuf_4)
     1    0.00                           clknet_1_0_3_core_clk (net)
                  0.03    0.00    1.33 ^ clkbuf_1_0_4_core_clk/A (sky130_fd_sc_hd__clkbuf_4)
                  0.20    0.23    1.56 ^ clkbuf_1_0_4_core_clk/X (sky130_fd_sc_hd__clkbuf_4)
     4    0.06                           clknet_1_0_4_core_clk (net)
                  0.21    0.04    1.60 ^ clkbuf_2_1_0_core_clk/A (sky130_fd_sc_hd__clkbuf_4)
                  0.03    0.18    1.78 ^ clkbuf_2_1_0_core_clk/X (sky130_fd_sc_hd__clkbuf_4)
     1    0.00                           clknet_2_1_0_core_clk (net)
                  0.03    0.00    1.78 ^ clkbuf_2_1_1_core_clk/A (sky130_fd_sc_hd__clkbuf_4)
                  0.14    0.20    1.98 ^ clkbuf_2_1_1_core_clk/X (sky130_fd_sc_hd__clkbuf_4)
     4    0.04                           clknet_2_1_1_core_clk (net)
                  0.14    0.01    1.99 ^ clkbuf_3_2_0_core_clk/A (sky130_fd_sc_hd__clkbuf_4)
                  0.05    0.17    2.16 ^ clkbuf_3_2_0_core_clk/X (sky130_fd_sc_hd__clkbuf_4)
     1    0.01                           clknet_3_2_0_core_clk (net)
                  0.05    0.00    2.17 ^ clkbuf_3_2_1_core_clk/A (sky130_fd_sc_hd__clkbuf_4)
                  0.05    0.14    2.30 ^ clkbuf_3_2_1_core_clk/X (sky130_fd_sc_hd__clkbuf_4)
     1    0.01                           clknet_3_2_1_core_clk (net)
                  0.05    0.00    2.31 ^ clkbuf_3_2_2_core_clk/A (sky130_fd_sc_hd__clkbuf_4)
                  0.12    0.19    2.50 ^ clkbuf_3_2_2_core_clk/X (sky130_fd_sc_hd__clkbuf_4)
     4    0.04                           clknet_3_2_2_core_clk (net)
                  0.12    0.02    2.51 ^ clkbuf_4_5_0_core_clk/A (sky130_fd_sc_hd__clkbuf_4)
                  0.10    0.20    2.72 ^ clkbuf_4_5_0_core_clk/X (sky130_fd_sc_hd__clkbuf_4)
     4    0.03                           clknet_4_5_0_core_clk (net)
                  0.10    0.01    2.73 ^ clkbuf_5_11_0_core_clk/A (sky130_fd_sc_hd__clkbuf_4)
                  0.04    0.15    2.89 ^ clkbuf_5_11_0_core_clk/X (sky130_fd_sc_hd__clkbuf_4)
     1    0.01                           clknet_5_11_0_core_clk (net)
                  0.04    0.00    2.89 ^ clkbuf_5_11_1_core_clk/A (sky130_fd_sc_hd__clkbuf_4)
                  0.59    0.48    3.37 ^ clkbuf_5_11_1_core_clk/X (sky130_fd_sc_hd__clkbuf_4)
    24    0.20                           clknet_5_11_1_core_clk (net)
                  0.61    0.08    3.45 ^ clkbuf_leaf_55_core_clk/A (sky130_fd_sc_hd__clkbuf_16)
                  0.13    0.32    3.77 ^ clkbuf_leaf_55_core_clk/X (sky130_fd_sc_hd__clkbuf_16)
    40    0.11                           clknet_leaf_55_core_clk (net)
                  0.15    0.04    3.81 ^ _35126_/CLK (sky130_fd_sc_hd__dfxtp_1)
                          0.25    4.06   clock uncertainty
                          0.00    4.06   clock reconvergence pessimism
                         -0.02    4.04   library hold time
                                  4.04   data required time
-----------------------------------------------------------------------------
                                  4.04   data required time
                                 -4.23   data arrival time
-----------------------------------------------------------------------------
                                  0.19   slack (MET)


Startpoint: la_input[8] (input port clocked by core_clk)
Endpoint: _35184_ (rising edge-triggered flip-flop clocked by core_clk)
Path Group: core_clk
Path Type: min

Fanout     Cap    Slew   Delay    Time   Description
-----------------------------------------------------------------------------
                          0.00    0.00   clock core_clk (rise edge)
                          0.00    0.00   clock network delay (propagated)
                          1.00    1.00 ^ input external delay
                  0.07    0.04    1.04 ^ la_input[8] (in)
     2    0.01                           la_input[8] (net)
                  0.07    0.00    1.04 ^ input154/A (sky130_fd_sc_hd__clkbuf_1)
                  0.05    0.08    1.13 ^ input154/X (sky130_fd_sc_hd__clkbuf_1)
     1    0.00                           net154 (net)
                  0.05    0.00    1.13 ^ hold542/A (sky130_fd_sc_hd__dlygate4sd3_1)
                  0.05    0.50    1.63 ^ hold542/X (sky130_fd_sc_hd__dlygate4sd3_1)
     1    0.00                           net3392 (net)
                  0.05    0.00    1.63 ^ hold543/A (sky130_fd_sc_hd__dlygate4sd3_1)
                  0.05    0.51    2.14 ^ hold543/X (sky130_fd_sc_hd__dlygate4sd3_1)
     1    0.00                           net3393 (net)
                  0.05    0.00    2.14 ^ hold544/A (sky130_fd_sc_hd__dlygate4sd3_1)
                  0.06    0.51    2.66 ^ hold544/X (sky130_fd_sc_hd__dlygate4sd3_1)
     1    0.00                           net3394 (net)
                  0.06    0.00    2.66 ^ hold545/A (sky130_fd_sc_hd__dlygate4sd3_1)
                  0.06    0.52    3.17 ^ hold545/X (sky130_fd_sc_hd__dlygate4sd3_1)
     1    0.00                           net3395 (net)
                  0.06    0.00    3.17 ^ hold546/A (sky130_fd_sc_hd__dlygate4sd3_1)
                  0.06    0.52    3.69 ^ hold546/X (sky130_fd_sc_hd__dlygate4sd3_1)
     1    0.00                           net3396 (net)
                  0.06    0.00    3.69 ^ hold547/A (sky130_fd_sc_hd__dlygate4sd3_1)
                  0.07    0.53    4.22 ^ hold547/X (sky130_fd_sc_hd__dlygate4sd3_1)
     1    0.00                           net3391 (net)
                  0.07    0.00    4.22 ^ _35184_/D (sky130_fd_sc_hd__dfxtp_1)
                                  4.22   data arrival time

                          0.00    0.00   clock core_clk (rise edge)
                          0.00    0.00   clock source latency
                  0.63    0.47    0.47 ^ core_clk (in)
     2    0.08                           core_clk (net)
                  0.63    0.00    0.47 ^ clkbuf_0_core_clk/A (sky130_fd_sc_hd__clkbuf_16)
                  0.06    0.28    0.75 ^ clkbuf_0_core_clk/X (sky130_fd_sc_hd__clkbuf_16)
     4    0.02                           clknet_0_core_clk (net)
                  0.07    0.01    0.76 ^ clkbuf_1_0_0_core_clk/A (sky130_fd_sc_hd__clkbuf_4)
                  0.05    0.15    0.91 ^ clkbuf_1_0_0_core_clk/X (sky130_fd_sc_hd__clkbuf_4)
     1    0.01                           clknet_1_0_0_core_clk (net)
                  0.05    0.00    0.92 ^ clkbuf_1_0_1_core_clk/A (sky130_fd_sc_hd__clkbuf_4)
                  0.05    0.14    1.06 ^ clkbuf_1_0_1_core_clk/X (sky130_fd_sc_hd__clkbuf_4)
     1    0.01                           clknet_1_0_1_core_clk (net)
                  0.05    0.00    1.06 ^ clkbuf_1_0_2_core_clk/A (sky130_fd_sc_hd__clkbuf_4)
                  0.05    0.14    1.20 ^ clkbuf_1_0_2_core_clk/X (sky130_fd_sc_hd__clkbuf_4)
     1    0.01                           clknet_1_0_2_core_clk (net)
                  0.05    0.00    1.20 ^ clkbuf_1_0_3_core_clk/A (sky130_fd_sc_hd__clkbuf_4)
                  0.03    0.12    1.33 ^ clkbuf_1_0_3_core_clk/X (sky130_fd_sc_hd__clkbuf_4)
     1    0.00                           clknet_1_0_3_core_clk (net)
                  0.03    0.00    1.33 ^ clkbuf_1_0_4_core_clk/A (sky130_fd_sc_hd__clkbuf_4)
                  0.20    0.23    1.56 ^ clkbuf_1_0_4_core_clk/X (sky130_fd_sc_hd__clkbuf_4)
     4    0.06                           clknet_1_0_4_core_clk (net)
                  0.21    0.04    1.60 ^ clkbuf_2_1_0_core_clk/A (sky130_fd_sc_hd__clkbuf_4)
                  0.03    0.18    1.78 ^ clkbuf_2_1_0_core_clk/X (sky130_fd_sc_hd__clkbuf_4)
     1    0.00                           clknet_2_1_0_core_clk (net)
                  0.03    0.00    1.78 ^ clkbuf_2_1_1_core_clk/A (sky130_fd_sc_hd__clkbuf_4)
                  0.14    0.20    1.98 ^ clkbuf_2_1_1_core_clk/X (sky130_fd_sc_hd__clkbuf_4)
     4    0.04                           clknet_2_1_1_core_clk (net)
                  0.14    0.01    1.99 ^ clkbuf_3_2_0_core_clk/A (sky130_fd_sc_hd__clkbuf_4)
                  0.05    0.17    2.16 ^ clkbuf_3_2_0_core_clk/X (sky130_fd_sc_hd__clkbuf_4)
     1    0.01                           clknet_3_2_0_core_clk (net)
                  0.05    0.00    2.17 ^ clkbuf_3_2_1_core_clk/A (sky130_fd_sc_hd__clkbuf_4)
                  0.05    0.14    2.30 ^ clkbuf_3_2_1_core_clk/X (sky130_fd_sc_hd__clkbuf_4)
     1    0.01                           clknet_3_2_1_core_clk (net)
                  0.05    0.00    2.31 ^ clkbuf_3_2_2_core_clk/A (sky130_fd_sc_hd__clkbuf_4)
                  0.12    0.19    2.50 ^ clkbuf_3_2_2_core_clk/X (sky130_fd_sc_hd__clkbuf_4)
     4    0.04                           clknet_3_2_2_core_clk (net)
                  0.12    0.02    2.51 ^ clkbuf_4_5_0_core_clk/A (sky130_fd_sc_hd__clkbuf_4)
                  0.10    0.20    2.72 ^ clkbuf_4_5_0_core_clk/X (sky130_fd_sc_hd__clkbuf_4)
     4    0.03                           clknet_4_5_0_core_clk (net)
                  0.10    0.01    2.73 ^ clkbuf_5_10_0_core_clk/A (sky130_fd_sc_hd__clkbuf_4)
                  0.04    0.15    2.88 ^ clkbuf_5_10_0_core_clk/X (sky130_fd_sc_hd__clkbuf_4)
     1    0.01                           clknet_5_10_0_core_clk (net)
                  0.04    0.00    2.89 ^ clkbuf_5_10_1_core_clk/A (sky130_fd_sc_hd__clkbuf_4)
                  0.59    0.52    3.41 ^ clkbuf_5_10_1_core_clk/X (sky130_fd_sc_hd__clkbuf_4)
    24    0.20                           clknet_5_10_1_core_clk (net)
                  0.60    0.05    3.45 ^ clkbuf_leaf_46_core_clk/A (sky130_fd_sc_hd__clkbuf_16)
                  0.13    0.32    3.78 ^ clkbuf_leaf_46_core_clk/X (sky130_fd_sc_hd__clkbuf_16)
    36    0.10                           clknet_leaf_46_core_clk (net)
                  0.14    0.03    3.80 ^ _35184_/CLK (sky130_fd_sc_hd__dfxtp_1)
                          0.25    4.05   clock uncertainty
                          0.00    4.05   clock reconvergence pessimism
                         -0.02    4.03   library hold time
                                  4.03   data required time
-----------------------------------------------------------------------------
                                  4.03   data required time
                                 -4.22   data arrival time
-----------------------------------------------------------------------------
                                  0.19   slack (MET)


Startpoint: la_input[41] (input port clocked by core_clk)
Endpoint: _35118_ (rising edge-triggered flip-flop clocked by core_clk)
Path Group: core_clk
Path Type: min

Fanout     Cap    Slew   Delay    Time   Description
-----------------------------------------------------------------------------
                          0.00    0.00   clock core_clk (rise edge)
                          0.00    0.00   clock network delay (propagated)
                          1.00    1.00 ^ input external delay
                  0.09    0.05    1.05 ^ la_input[41] (in)
     2    0.01                           la_input[41] (net)
                  0.09    0.00    1.05 ^ input101/A (sky130_fd_sc_hd__clkbuf_1)
                  0.04    0.09    1.14 ^ input101/X (sky130_fd_sc_hd__clkbuf_1)
     1    0.00                           net101 (net)
                  0.04    0.00    1.14 ^ hold584/A (sky130_fd_sc_hd__dlygate4sd3_1)
                  0.07    0.52    1.66 ^ hold584/X (sky130_fd_sc_hd__dlygate4sd3_1)
     1    0.00                           net3434 (net)
                  0.07    0.00    1.67 ^ hold585/A (sky130_fd_sc_hd__dlygate4sd3_1)
                  0.05    0.51    2.18 ^ hold585/X (sky130_fd_sc_hd__dlygate4sd3_1)
     1    0.00                           net3435 (net)
                  0.05    0.00    2.18 ^ hold586/A (sky130_fd_sc_hd__dlygate4sd3_1)
                  0.05    0.51    2.69 ^ hold586/X (sky130_fd_sc_hd__dlygate4sd3_1)
     1    0.00                           net3436 (net)
                  0.05    0.00    2.69 ^ hold587/A (sky130_fd_sc_hd__dlygate4sd3_1)
                  0.05    0.51    3.20 ^ hold587/X (sky130_fd_sc_hd__dlygate4sd3_1)
     1    0.00                           net3437 (net)
                  0.05    0.00    3.20 ^ hold588/A (sky130_fd_sc_hd__dlygate4sd3_1)
                  0.06    0.51    3.71 ^ hold588/X (sky130_fd_sc_hd__dlygate4sd3_1)
     1    0.00                           net3438 (net)
                  0.06    0.00    3.71 ^ hold589/A (sky130_fd_sc_hd__dlygate4sd3_1)
                  0.06    0.52    4.23 ^ hold589/X (sky130_fd_sc_hd__dlygate4sd3_1)
     1    0.00                           net3433 (net)
                  0.06    0.00    4.23 ^ _35118_/D (sky130_fd_sc_hd__dfxtp_1)
                                  4.23   data arrival time

                          0.00    0.00   clock core_clk (rise edge)
                          0.00    0.00   clock source latency
                  0.63    0.47    0.47 ^ core_clk (in)
     2    0.08                           core_clk (net)
                  0.63    0.00    0.47 ^ clkbuf_0_core_clk/A (sky130_fd_sc_hd__clkbuf_16)
                  0.06    0.28    0.75 ^ clkbuf_0_core_clk/X (sky130_fd_sc_hd__clkbuf_16)
     4    0.02                           clknet_0_core_clk (net)
                  0.07    0.01    0.76 ^ clkbuf_1_0_0_core_clk/A (sky130_fd_sc_hd__clkbuf_4)
                  0.05    0.15    0.91 ^ clkbuf_1_0_0_core_clk/X (sky130_fd_sc_hd__clkbuf_4)
     1    0.01                           clknet_1_0_0_core_clk (net)
                  0.05    0.00    0.92 ^ clkbuf_1_0_1_core_clk/A (sky130_fd_sc_hd__clkbuf_4)
                  0.05    0.14    1.06 ^ clkbuf_1_0_1_core_clk/X (sky130_fd_sc_hd__clkbuf_4)
     1    0.01                           clknet_1_0_1_core_clk (net)
                  0.05    0.00    1.06 ^ clkbuf_1_0_2_core_clk/A (sky130_fd_sc_hd__clkbuf_4)
                  0.05    0.14    1.20 ^ clkbuf_1_0_2_core_clk/X (sky130_fd_sc_hd__clkbuf_4)
     1    0.01                           clknet_1_0_2_core_clk (net)
                  0.05    0.00    1.20 ^ clkbuf_1_0_3_core_clk/A (sky130_fd_sc_hd__clkbuf_4)
                  0.03    0.12    1.33 ^ clkbuf_1_0_3_core_clk/X (sky130_fd_sc_hd__clkbuf_4)
     1    0.00                           clknet_1_0_3_core_clk (net)
                  0.03    0.00    1.33 ^ clkbuf_1_0_4_core_clk/A (sky130_fd_sc_hd__clkbuf_4)
                  0.20    0.23    1.56 ^ clkbuf_1_0_4_core_clk/X (sky130_fd_sc_hd__clkbuf_4)
     4    0.06                           clknet_1_0_4_core_clk (net)
                  0.21    0.04    1.60 ^ clkbuf_2_1_0_core_clk/A (sky130_fd_sc_hd__clkbuf_4)
                  0.03    0.18    1.78 ^ clkbuf_2_1_0_core_clk/X (sky130_fd_sc_hd__clkbuf_4)
     1    0.00                           clknet_2_1_0_core_clk (net)
                  0.03    0.00    1.78 ^ clkbuf_2_1_1_core_clk/A (sky130_fd_sc_hd__clkbuf_4)
                  0.14    0.20    1.98 ^ clkbuf_2_1_1_core_clk/X (sky130_fd_sc_hd__clkbuf_4)
     4    0.04                           clknet_2_1_1_core_clk (net)
                  0.14    0.01    1.99 ^ clkbuf_3_2_0_core_clk/A (sky130_fd_sc_hd__clkbuf_4)
                  0.05    0.17    2.16 ^ clkbuf_3_2_0_core_clk/X (sky130_fd_sc_hd__clkbuf_4)
     1    0.01                           clknet_3_2_0_core_clk (net)
                  0.05    0.00    2.17 ^ clkbuf_3_2_1_core_clk/A (sky130_fd_sc_hd__clkbuf_4)
                  0.05    0.14    2.30 ^ clkbuf_3_2_1_core_clk/X (sky130_fd_sc_hd__clkbuf_4)
     1    0.01                           clknet_3_2_1_core_clk (net)
                  0.05    0.00    2.31 ^ clkbuf_3_2_2_core_clk/A (sky130_fd_sc_hd__clkbuf_4)
                  0.12    0.19    2.50 ^ clkbuf_3_2_2_core_clk/X (sky130_fd_sc_hd__clkbuf_4)
     4    0.04                           clknet_3_2_2_core_clk (net)
                  0.12    0.02    2.51 ^ clkbuf_4_5_0_core_clk/A (sky130_fd_sc_hd__clkbuf_4)
                  0.10    0.20    2.72 ^ clkbuf_4_5_0_core_clk/X (sky130_fd_sc_hd__clkbuf_4)
     4    0.03                           clknet_4_5_0_core_clk (net)
                  0.10    0.01    2.73 ^ clkbuf_5_11_0_core_clk/A (sky130_fd_sc_hd__clkbuf_4)
                  0.04    0.15    2.89 ^ clkbuf_5_11_0_core_clk/X (sky130_fd_sc_hd__clkbuf_4)
     1    0.01                           clknet_5_11_0_core_clk (net)
                  0.04    0.00    2.89 ^ clkbuf_5_11_1_core_clk/A (sky130_fd_sc_hd__clkbuf_4)
                  0.59    0.48    3.37 ^ clkbuf_5_11_1_core_clk/X (sky130_fd_sc_hd__clkbuf_4)
    24    0.20                           clknet_5_11_1_core_clk (net)
                  0.61    0.09    3.46 ^ clkbuf_leaf_74_core_clk/A (sky130_fd_sc_hd__clkbuf_16)
                  0.13    0.32    3.77 ^ clkbuf_leaf_74_core_clk/X (sky130_fd_sc_hd__clkbuf_16)
    36    0.10                           clknet_leaf_74_core_clk (net)
                  0.15    0.04    3.81 ^ _35118_/CLK (sky130_fd_sc_hd__dfxtp_1)
                          0.25    4.06   clock uncertainty
                          0.00    4.06   clock reconvergence pessimism
                         -0.02    4.04   library hold time
                                  4.04   data required time
-----------------------------------------------------------------------------
                                  4.04   data required time
                                 -4.23   data arrival time
-----------------------------------------------------------------------------
                                  0.19   slack (MET)


