
===========================================================================
report_checks -path_delay min (Hold)
============================================================================
Startpoint: Di[0] (input port clocked by CLK)
Endpoint: BLOCK[1].RAM128.BLOCK[1].RAM32.SLICE[1].RAM8.WORD[3].W.BYTE[0].B.BIT[0].genblk1.FF
          (rising edge-triggered flip-flop clocked by CLK)
Path Group: CLK
Path Type: min

Fanout     Cap    Slew   Delay    Time   Description
-----------------------------------------------------------------------------
                          0.00    0.00   clock CLK (rise edge)
                          0.00    0.00   clock network delay (propagated)
                          5.00    5.00 v input external delay
                  0.16    0.11    5.11 v Di[0] (in)
     4    0.07                           Di[0] (net)
                  0.16    0.00    5.11 v BLOCK[1].RAM128.DIBUF[0]/A (sky130_fd_sc_hd__clkbuf_16)
                  0.08    0.21    5.32 v BLOCK[1].RAM128.DIBUF[0]/X (sky130_fd_sc_hd__clkbuf_16)
     8    0.10                           BLOCK[1].RAM128.BLOCK[0].RAM32.Di[0] (net)
                  0.09    0.02    5.34 v BLOCK[1].RAM128.BLOCK[1].RAM32.DIBUF[0]/A (sky130_fd_sc_hd__clkbuf_16)
                  0.13    0.22    5.57 v BLOCK[1].RAM128.BLOCK[1].RAM32.DIBUF[0]/X (sky130_fd_sc_hd__clkbuf_16)
    64    0.19                           BLOCK[1].RAM128.BLOCK[1].RAM32.Di_buf[0] (net)
                  0.14    0.02    5.59 v BLOCK[1].RAM128.BLOCK[1].RAM32.SLICE[1].RAM8.WORD[3].W.BYTE[0].B.BIT[0].genblk1.FF/D (sky130_fd_sc_hd__dfxtp_1)
                                  5.59   data arrival time

                          0.00    0.00   clock CLK (rise edge)
                          0.00    0.00   clock source latency
                  0.28    0.21    0.21 ^ CLK (in)
     4    0.06                           CLK (net)
                  0.28    0.00    0.21 ^ BLOCK[1].RAM128.CLKBUF/A (sky130_fd_sc_hd__clkbuf_4)
                  2.49    1.66    1.86 ^ BLOCK[1].RAM128.CLKBUF/X (sky130_fd_sc_hd__clkbuf_4)
   264    0.85                           BLOCK[1].RAM128.BLOCK[0].RAM32.CLK (net)
                  2.60    0.44    2.30 ^ BLOCK[1].RAM128.BLOCK[1].RAM32.CLKBUF/A (sky130_fd_sc_hd__clkbuf_2)
                  0.12    0.43    2.73 ^ BLOCK[1].RAM128.BLOCK[1].RAM32.CLKBUF/X (sky130_fd_sc_hd__clkbuf_2)
     4    0.01                           BLOCK[1].RAM128.BLOCK[1].RAM32.CLK_buf (net)
                  0.12    0.01    2.73 ^ BLOCK[1].RAM128.BLOCK[1].RAM32.SLICE[1].RAM8.CLKBUF/A (sky130_fd_sc_hd__clkbuf_2)
                  0.14    0.20    2.93 ^ BLOCK[1].RAM128.BLOCK[1].RAM32.SLICE[1].RAM8.CLKBUF/X (sky130_fd_sc_hd__clkbuf_2)
     8    0.02                           BLOCK[1].RAM128.BLOCK[1].RAM32.SLICE[1].RAM8.CLK_buf (net)
                  0.14    0.01    2.94 ^ BLOCK[1].RAM128.BLOCK[1].RAM32.SLICE[1].RAM8.WORD[3].W.CLKBUF/A (sky130_fd_sc_hd__clkbuf_1)
                  0.93    0.73    3.68 ^ BLOCK[1].RAM128.BLOCK[1].RAM32.SLICE[1].RAM8.WORD[3].W.CLKBUF/X (sky130_fd_sc_hd__clkbuf_1)
     8    0.08                           BLOCK[1].RAM128.BLOCK[1].RAM32.SLICE[1].RAM8.WORD[3].W.BYTE[0].B.CLK (net)
                  0.93    0.03    3.71 ^ BLOCK[1].RAM128.BLOCK[1].RAM32.SLICE[1].RAM8.WORD[3].W.BYTE[0].B.genblk1.CG/CLK (sky130_fd_sc_hd__dlclkp_1)
                  0.26    0.41    4.12 ^ BLOCK[1].RAM128.BLOCK[1].RAM32.SLICE[1].RAM8.WORD[3].W.BYTE[0].B.genblk1.CG/GCLK (sky130_fd_sc_hd__dlclkp_1)
     8    0.03                           BLOCK[1].RAM128.BLOCK[1].RAM32.SLICE[1].RAM8.WORD[3].W.BYTE[0].B.GCLK (net)
                  0.26    0.00    4.12 ^ BLOCK[1].RAM128.BLOCK[1].RAM32.SLICE[1].RAM8.WORD[3].W.BYTE[0].B.BIT[0].genblk1.FF/CLK (sky130_fd_sc_hd__dfxtp_1)
                          0.00    4.12   clock reconvergence pessimism
                         -0.05    4.08   library hold time
                                  4.08   data required time
-----------------------------------------------------------------------------
                                  4.08   data required time
                                 -5.59   data arrival time
-----------------------------------------------------------------------------
                                  1.51   slack (MET)


Startpoint: Di[20] (input port clocked by CLK)
Endpoint: BLOCK[1].RAM128.BLOCK[1].RAM32.SLICE[1].RAM8.WORD[3].W.BYTE[2].B.BIT[4].genblk1.FF
          (rising edge-triggered flip-flop clocked by CLK)
Path Group: CLK
Path Type: min

Fanout     Cap    Slew   Delay    Time   Description
-----------------------------------------------------------------------------
                          0.00    0.00   clock CLK (rise edge)
                          0.00    0.00   clock network delay (propagated)
                          5.00    5.00 v input external delay
                  0.15    0.10    5.10 v Di[20] (in)
     4    0.06                           Di[20] (net)
                  0.15    0.00    5.10 v BLOCK[1].RAM128.DIBUF[20]/A (sky130_fd_sc_hd__clkbuf_16)
                  0.09    0.23    5.33 v BLOCK[1].RAM128.DIBUF[20]/X (sky130_fd_sc_hd__clkbuf_16)
     8    0.13                           BLOCK[1].RAM128.BLOCK[0].RAM32.Di[20] (net)
                  0.10    0.02    5.35 v BLOCK[1].RAM128.BLOCK[1].RAM32.DIBUF[20]/A (sky130_fd_sc_hd__clkbuf_16)
                  0.14    0.24    5.59 v BLOCK[1].RAM128.BLOCK[1].RAM32.DIBUF[20]/X (sky130_fd_sc_hd__clkbuf_16)
    64    0.21                           BLOCK[1].RAM128.BLOCK[1].RAM32.Di_buf[20] (net)
                  0.14    0.01    5.60 v BLOCK[1].RAM128.BLOCK[1].RAM32.SLICE[1].RAM8.WORD[3].W.BYTE[2].B.BIT[4].genblk1.FF/D (sky130_fd_sc_hd__dfxtp_1)
                                  5.60   data arrival time

                          0.00    0.00   clock CLK (rise edge)
                          0.00    0.00   clock source latency
                  0.28    0.21    0.21 ^ CLK (in)
     4    0.06                           CLK (net)
                  0.28    0.00    0.21 ^ BLOCK[1].RAM128.CLKBUF/A (sky130_fd_sc_hd__clkbuf_4)
                  2.49    1.66    1.86 ^ BLOCK[1].RAM128.CLKBUF/X (sky130_fd_sc_hd__clkbuf_4)
   264    0.85                           BLOCK[1].RAM128.BLOCK[0].RAM32.CLK (net)
                  2.60    0.44    2.30 ^ BLOCK[1].RAM128.BLOCK[1].RAM32.CLKBUF/A (sky130_fd_sc_hd__clkbuf_2)
                  0.12    0.43    2.73 ^ BLOCK[1].RAM128.BLOCK[1].RAM32.CLKBUF/X (sky130_fd_sc_hd__clkbuf_2)
     4    0.01                           BLOCK[1].RAM128.BLOCK[1].RAM32.CLK_buf (net)
                  0.12    0.01    2.73 ^ BLOCK[1].RAM128.BLOCK[1].RAM32.SLICE[1].RAM8.CLKBUF/A (sky130_fd_sc_hd__clkbuf_2)
                  0.14    0.20    2.93 ^ BLOCK[1].RAM128.BLOCK[1].RAM32.SLICE[1].RAM8.CLKBUF/X (sky130_fd_sc_hd__clkbuf_2)
     8    0.02                           BLOCK[1].RAM128.BLOCK[1].RAM32.SLICE[1].RAM8.CLK_buf (net)
                  0.14    0.01    2.94 ^ BLOCK[1].RAM128.BLOCK[1].RAM32.SLICE[1].RAM8.WORD[3].W.CLKBUF/A (sky130_fd_sc_hd__clkbuf_1)
                  0.93    0.73    3.68 ^ BLOCK[1].RAM128.BLOCK[1].RAM32.SLICE[1].RAM8.WORD[3].W.CLKBUF/X (sky130_fd_sc_hd__clkbuf_1)
     8    0.08                           BLOCK[1].RAM128.BLOCK[1].RAM32.SLICE[1].RAM8.WORD[3].W.BYTE[0].B.CLK (net)
                  0.93    0.03    3.71 ^ BLOCK[1].RAM128.BLOCK[1].RAM32.SLICE[1].RAM8.WORD[3].W.BYTE[2].B.genblk1.CG/CLK (sky130_fd_sc_hd__dlclkp_1)
                  0.26    0.41    4.12 ^ BLOCK[1].RAM128.BLOCK[1].RAM32.SLICE[1].RAM8.WORD[3].W.BYTE[2].B.genblk1.CG/GCLK (sky130_fd_sc_hd__dlclkp_1)
     8    0.03                           BLOCK[1].RAM128.BLOCK[1].RAM32.SLICE[1].RAM8.WORD[3].W.BYTE[2].B.GCLK (net)
                  0.26    0.01    4.13 ^ BLOCK[1].RAM128.BLOCK[1].RAM32.SLICE[1].RAM8.WORD[3].W.BYTE[2].B.BIT[4].genblk1.FF/CLK (sky130_fd_sc_hd__dfxtp_1)
                          0.00    4.13   clock reconvergence pessimism
                         -0.05    4.08   library hold time
                                  4.08   data required time
-----------------------------------------------------------------------------
                                  4.08   data required time
                                 -5.60   data arrival time
-----------------------------------------------------------------------------
                                  1.52   slack (MET)


Startpoint: Di[2] (input port clocked by CLK)
Endpoint: BLOCK[1].RAM128.BLOCK[0].RAM32.SLICE[1].RAM8.WORD[6].W.BYTE[0].B.BIT[2].genblk1.FF
          (rising edge-triggered flip-flop clocked by CLK)
Path Group: CLK
Path Type: min

Fanout     Cap    Slew   Delay    Time   Description
-----------------------------------------------------------------------------
                          0.00    0.00   clock CLK (rise edge)
                          0.00    0.00   clock network delay (propagated)
                          5.00    5.00 v input external delay
                  0.15    0.11    5.11 v Di[2] (in)
     4    0.07                           Di[2] (net)
                  0.15    0.00    5.11 v BLOCK[1].RAM128.DIBUF[2]/A (sky130_fd_sc_hd__clkbuf_16)
                  0.09    0.21    5.32 v BLOCK[1].RAM128.DIBUF[2]/X (sky130_fd_sc_hd__clkbuf_16)
     8    0.10                           BLOCK[1].RAM128.BLOCK[0].RAM32.Di[2] (net)
                  0.09    0.02    5.34 v BLOCK[1].RAM128.BLOCK[0].RAM32.DIBUF[2]/A (sky130_fd_sc_hd__clkbuf_16)
                  0.13    0.22    5.56 v BLOCK[1].RAM128.BLOCK[0].RAM32.DIBUF[2]/X (sky130_fd_sc_hd__clkbuf_16)
    64    0.19                           BLOCK[1].RAM128.BLOCK[0].RAM32.Di_buf[2] (net)
                  0.15    0.04    5.59 v BLOCK[1].RAM128.BLOCK[0].RAM32.SLICE[1].RAM8.WORD[6].W.BYTE[0].B.BIT[2].genblk1.FF/D (sky130_fd_sc_hd__dfxtp_1)
                                  5.59   data arrival time

                          0.00    0.00   clock CLK (rise edge)
                          0.00    0.00   clock source latency
                  0.28    0.21    0.21 ^ CLK (in)
     4    0.06                           CLK (net)
                  0.28    0.00    0.21 ^ BLOCK[1].RAM128.CLKBUF/A (sky130_fd_sc_hd__clkbuf_4)
                  2.49    1.66    1.86 ^ BLOCK[1].RAM128.CLKBUF/X (sky130_fd_sc_hd__clkbuf_4)
   264    0.85                           BLOCK[1].RAM128.BLOCK[0].RAM32.CLK (net)
                  2.59    0.42    2.28 ^ BLOCK[1].RAM128.BLOCK[0].RAM32.CLKBUF/A (sky130_fd_sc_hd__clkbuf_2)
                  0.12    0.43    2.71 ^ BLOCK[1].RAM128.BLOCK[0].RAM32.CLKBUF/X (sky130_fd_sc_hd__clkbuf_2)
     4    0.01                           BLOCK[1].RAM128.BLOCK[0].RAM32.CLK_buf (net)
                  0.12    0.01    2.71 ^ BLOCK[1].RAM128.BLOCK[0].RAM32.SLICE[1].RAM8.CLKBUF/A (sky130_fd_sc_hd__clkbuf_2)
                  0.14    0.20    2.92 ^ BLOCK[1].RAM128.BLOCK[0].RAM32.SLICE[1].RAM8.CLKBUF/X (sky130_fd_sc_hd__clkbuf_2)
     8    0.02                           BLOCK[1].RAM128.BLOCK[0].RAM32.SLICE[1].RAM8.CLK_buf (net)
                  0.14    0.01    2.92 ^ BLOCK[1].RAM128.BLOCK[0].RAM32.SLICE[1].RAM8.WORD[6].W.CLKBUF/A (sky130_fd_sc_hd__clkbuf_1)
                  0.96    0.75    3.68 ^ BLOCK[1].RAM128.BLOCK[0].RAM32.SLICE[1].RAM8.WORD[6].W.CLKBUF/X (sky130_fd_sc_hd__clkbuf_1)
     8    0.08                           BLOCK[1].RAM128.BLOCK[0].RAM32.SLICE[1].RAM8.WORD[6].W.BYTE[0].B.CLK (net)
                  0.97    0.03    3.71 ^ BLOCK[1].RAM128.BLOCK[0].RAM32.SLICE[1].RAM8.WORD[6].W.BYTE[0].B.genblk1.CG/CLK (sky130_fd_sc_hd__dlclkp_1)
                  0.24    0.40    4.12 ^ BLOCK[1].RAM128.BLOCK[0].RAM32.SLICE[1].RAM8.WORD[6].W.BYTE[0].B.genblk1.CG/GCLK (sky130_fd_sc_hd__dlclkp_1)
     8    0.02                           BLOCK[1].RAM128.BLOCK[0].RAM32.SLICE[1].RAM8.WORD[6].W.BYTE[0].B.GCLK (net)
                  0.24    0.01    4.12 ^ BLOCK[1].RAM128.BLOCK[0].RAM32.SLICE[1].RAM8.WORD[6].W.BYTE[0].B.BIT[2].genblk1.FF/CLK (sky130_fd_sc_hd__dfxtp_1)
                          0.00    4.12   clock reconvergence pessimism
                         -0.05    4.07   library hold time
                                  4.07   data required time
-----------------------------------------------------------------------------
                                  4.07   data required time
                                 -5.59   data arrival time
-----------------------------------------------------------------------------
                                  1.52   slack (MET)


Startpoint: Di[2] (input port clocked by CLK)
Endpoint: BLOCK[1].RAM128.BLOCK[0].RAM32.SLICE[3].RAM8.WORD[6].W.BYTE[0].B.BIT[2].genblk1.FF
          (rising edge-triggered flip-flop clocked by CLK)
Path Group: CLK
Path Type: min

Fanout     Cap    Slew   Delay    Time   Description
-----------------------------------------------------------------------------
                          0.00    0.00   clock CLK (rise edge)
                          0.00    0.00   clock network delay (propagated)
                          5.00    5.00 v input external delay
                  0.15    0.11    5.11 v Di[2] (in)
     4    0.07                           Di[2] (net)
                  0.15    0.00    5.11 v BLOCK[1].RAM128.DIBUF[2]/A (sky130_fd_sc_hd__clkbuf_16)
                  0.09    0.21    5.32 v BLOCK[1].RAM128.DIBUF[2]/X (sky130_fd_sc_hd__clkbuf_16)
     8    0.10                           BLOCK[1].RAM128.BLOCK[0].RAM32.Di[2] (net)
                  0.09    0.02    5.34 v BLOCK[1].RAM128.BLOCK[0].RAM32.DIBUF[2]/A (sky130_fd_sc_hd__clkbuf_16)
                  0.13    0.22    5.56 v BLOCK[1].RAM128.BLOCK[0].RAM32.DIBUF[2]/X (sky130_fd_sc_hd__clkbuf_16)
    64    0.19                           BLOCK[1].RAM128.BLOCK[0].RAM32.Di_buf[2] (net)
                  0.15    0.04    5.60 v BLOCK[1].RAM128.BLOCK[0].RAM32.SLICE[3].RAM8.WORD[6].W.BYTE[0].B.BIT[2].genblk1.FF/D (sky130_fd_sc_hd__dfxtp_1)
                                  5.60   data arrival time

                          0.00    0.00   clock CLK (rise edge)
                          0.00    0.00   clock source latency
                  0.28    0.21    0.21 ^ CLK (in)
     4    0.06                           CLK (net)
                  0.28    0.00    0.21 ^ BLOCK[1].RAM128.CLKBUF/A (sky130_fd_sc_hd__clkbuf_4)
                  2.49    1.66    1.86 ^ BLOCK[1].RAM128.CLKBUF/X (sky130_fd_sc_hd__clkbuf_4)
   264    0.85                           BLOCK[1].RAM128.BLOCK[0].RAM32.CLK (net)
                  2.59    0.42    2.28 ^ BLOCK[1].RAM128.BLOCK[0].RAM32.CLKBUF/A (sky130_fd_sc_hd__clkbuf_2)
                  0.12    0.43    2.71 ^ BLOCK[1].RAM128.BLOCK[0].RAM32.CLKBUF/X (sky130_fd_sc_hd__clkbuf_2)
     4    0.01                           BLOCK[1].RAM128.BLOCK[0].RAM32.CLK_buf (net)
                  0.12    0.01    2.71 ^ BLOCK[1].RAM128.BLOCK[0].RAM32.SLICE[3].RAM8.CLKBUF/A (sky130_fd_sc_hd__clkbuf_2)
                  0.14    0.21    2.92 ^ BLOCK[1].RAM128.BLOCK[0].RAM32.SLICE[3].RAM8.CLKBUF/X (sky130_fd_sc_hd__clkbuf_2)
     8    0.03                           BLOCK[1].RAM128.BLOCK[0].RAM32.SLICE[3].RAM8.CLK_buf (net)
                  0.15    0.01    2.93 ^ BLOCK[1].RAM128.BLOCK[0].RAM32.SLICE[3].RAM8.WORD[6].W.CLKBUF/A (sky130_fd_sc_hd__clkbuf_1)
                  0.91    0.72    3.65 ^ BLOCK[1].RAM128.BLOCK[0].RAM32.SLICE[3].RAM8.WORD[6].W.CLKBUF/X (sky130_fd_sc_hd__clkbuf_1)
     8    0.08                           BLOCK[1].RAM128.BLOCK[0].RAM32.SLICE[3].RAM8.WORD[6].W.BYTE[0].B.CLK (net)
                  0.91    0.02    3.68 ^ BLOCK[1].RAM128.BLOCK[0].RAM32.SLICE[3].RAM8.WORD[6].W.BYTE[0].B.genblk1.CG/CLK (sky130_fd_sc_hd__dlclkp_1)
                  0.28    0.43    4.11 ^ BLOCK[1].RAM128.BLOCK[0].RAM32.SLICE[3].RAM8.WORD[6].W.BYTE[0].B.genblk1.CG/GCLK (sky130_fd_sc_hd__dlclkp_1)
     8    0.03                           BLOCK[1].RAM128.BLOCK[0].RAM32.SLICE[3].RAM8.WORD[6].W.BYTE[0].B.GCLK (net)
                  0.28    0.01    4.12 ^ BLOCK[1].RAM128.BLOCK[0].RAM32.SLICE[3].RAM8.WORD[6].W.BYTE[0].B.BIT[2].genblk1.FF/CLK (sky130_fd_sc_hd__dfxtp_1)
                          0.00    4.12   clock reconvergence pessimism
                         -0.04    4.07   library hold time
                                  4.07   data required time
-----------------------------------------------------------------------------
                                  4.07   data required time
                                 -5.60   data arrival time
-----------------------------------------------------------------------------
                                  1.52   slack (MET)


Startpoint: Di[5] (input port clocked by CLK)
Endpoint: BLOCK[1].RAM128.BLOCK[1].RAM32.SLICE[1].RAM8.WORD[3].W.BYTE[0].B.BIT[5].genblk1.FF
          (rising edge-triggered flip-flop clocked by CLK)
Path Group: CLK
Path Type: min

Fanout     Cap    Slew   Delay    Time   Description
-----------------------------------------------------------------------------
                          0.00    0.00   clock CLK (rise edge)
                          0.00    0.00   clock network delay (propagated)
                          5.00    5.00 v input external delay
                  0.14    0.10    5.10 v Di[5] (in)
     4    0.06                           Di[5] (net)
                  0.14    0.00    5.10 v BLOCK[1].RAM128.DIBUF[5]/A (sky130_fd_sc_hd__clkbuf_16)
                  0.09    0.21    5.31 v BLOCK[1].RAM128.DIBUF[5]/X (sky130_fd_sc_hd__clkbuf_16)
     8    0.10                           BLOCK[1].RAM128.BLOCK[0].RAM32.Di[5] (net)
                  0.09    0.01    5.33 v BLOCK[1].RAM128.BLOCK[1].RAM32.DIBUF[5]/A (sky130_fd_sc_hd__clkbuf_16)
                  0.13    0.20    5.53 v BLOCK[1].RAM128.BLOCK[1].RAM32.DIBUF[5]/X (sky130_fd_sc_hd__clkbuf_16)
    64    0.20                           BLOCK[1].RAM128.BLOCK[1].RAM32.Di_buf[5] (net)
                  0.18    0.06    5.59 v BLOCK[1].RAM128.BLOCK[1].RAM32.SLICE[1].RAM8.WORD[3].W.BYTE[0].B.BIT[5].genblk1.FF/D (sky130_fd_sc_hd__dfxtp_1)
                                  5.59   data arrival time

                          0.00    0.00   clock CLK (rise edge)
                          0.00    0.00   clock source latency
                  0.28    0.21    0.21 ^ CLK (in)
     4    0.06                           CLK (net)
                  0.28    0.00    0.21 ^ BLOCK[1].RAM128.CLKBUF/A (sky130_fd_sc_hd__clkbuf_4)
                  2.49    1.66    1.86 ^ BLOCK[1].RAM128.CLKBUF/X (sky130_fd_sc_hd__clkbuf_4)
   264    0.85                           BLOCK[1].RAM128.BLOCK[0].RAM32.CLK (net)
                  2.60    0.44    2.30 ^ BLOCK[1].RAM128.BLOCK[1].RAM32.CLKBUF/A (sky130_fd_sc_hd__clkbuf_2)
                  0.12    0.43    2.73 ^ BLOCK[1].RAM128.BLOCK[1].RAM32.CLKBUF/X (sky130_fd_sc_hd__clkbuf_2)
     4    0.01                           BLOCK[1].RAM128.BLOCK[1].RAM32.CLK_buf (net)
                  0.12    0.01    2.73 ^ BLOCK[1].RAM128.BLOCK[1].RAM32.SLICE[1].RAM8.CLKBUF/A (sky130_fd_sc_hd__clkbuf_2)
                  0.14    0.20    2.93 ^ BLOCK[1].RAM128.BLOCK[1].RAM32.SLICE[1].RAM8.CLKBUF/X (sky130_fd_sc_hd__clkbuf_2)
     8    0.02                           BLOCK[1].RAM128.BLOCK[1].RAM32.SLICE[1].RAM8.CLK_buf (net)
                  0.14    0.01    2.94 ^ BLOCK[1].RAM128.BLOCK[1].RAM32.SLICE[1].RAM8.WORD[3].W.CLKBUF/A (sky130_fd_sc_hd__clkbuf_1)
                  0.93    0.73    3.68 ^ BLOCK[1].RAM128.BLOCK[1].RAM32.SLICE[1].RAM8.WORD[3].W.CLKBUF/X (sky130_fd_sc_hd__clkbuf_1)
     8    0.08                           BLOCK[1].RAM128.BLOCK[1].RAM32.SLICE[1].RAM8.WORD[3].W.BYTE[0].B.CLK (net)
                  0.93    0.03    3.71 ^ BLOCK[1].RAM128.BLOCK[1].RAM32.SLICE[1].RAM8.WORD[3].W.BYTE[0].B.genblk1.CG/CLK (sky130_fd_sc_hd__dlclkp_1)
                  0.26    0.41    4.12 ^ BLOCK[1].RAM128.BLOCK[1].RAM32.SLICE[1].RAM8.WORD[3].W.BYTE[0].B.genblk1.CG/GCLK (sky130_fd_sc_hd__dlclkp_1)
     8    0.03                           BLOCK[1].RAM128.BLOCK[1].RAM32.SLICE[1].RAM8.WORD[3].W.BYTE[0].B.GCLK (net)
                  0.26    0.00    4.12 ^ BLOCK[1].RAM128.BLOCK[1].RAM32.SLICE[1].RAM8.WORD[3].W.BYTE[0].B.BIT[5].genblk1.FF/CLK (sky130_fd_sc_hd__dfxtp_1)
                          0.00    4.12   clock reconvergence pessimism
                         -0.06    4.06   library hold time
                                  4.06   data required time
-----------------------------------------------------------------------------
                                  4.06   data required time
                                 -5.59   data arrival time
-----------------------------------------------------------------------------
                                  1.53   slack (MET)


