
===========================================================================
 report_clock_skew
============================================================================

======================== Slowest Corner ==================================

Clock CLK
Latency      CRPR       Skew
BLOCK[1].RAM128.BLOCK[1].RAM32.SLICE[1].RAM8.WORD[3].W.BYTE[2].B.BIT[0].genblk1.FF/CLK ^
   7.61
BLOCK[1].RAM128.BLOCK[1].RAM32.Do_FF[16]/CLK ^
   3.31     -0.32       3.98


======================= Typical Corner ===================================

Clock CLK
Latency      CRPR       Skew
BLOCK[1].RAM128.BLOCK[0].RAM32.SLICE[3].RAM8.WORD[6].W.BYTE[0].B.BIT[3].genblk1.FF/CLK ^
   4.09
BLOCK[1].RAM128.BLOCK[0].RAM32.Do_FF[3]/CLK ^
   1.86     -0.19       2.04


======================= Fastest Corner ===================================

Clock CLK
Latency      CRPR       Skew
BLOCK[1].RAM128.BLOCK[0].RAM32.SLICE[3].RAM8.WORD[6].W.BYTE[0].B.BIT[3].genblk1.FF/CLK ^
   2.72
BLOCK[1].RAM128.BLOCK[0].RAM32.Do_FF[3]/CLK ^
   1.32     -0.14       1.25

