
===========================================================================
report_checks -path_delay min (Hold)
============================================================================
Startpoint: la_input[3] (input port clocked by core_clk)
Endpoint: _29548_ (rising edge-triggered flip-flop clocked by core_clk)
Path Group: core_clk
Path Type: min

Fanout     Cap    Slew   Delay    Time   Description
-----------------------------------------------------------------------------
                          0.00    0.00   clock core_clk (rise edge)
                          0.00    0.00   clock network delay (propagated)
                          3.00    3.00 ^ input external delay
                  0.00    0.00    3.00 ^ la_input[3] (in)
     1    0.00                           la_input[3] (net)
                  0.00    0.00    3.00 ^ input106/A (sky130_fd_sc_hd__clkbuf_1)
                  0.09    0.09    3.09 ^ input106/X (sky130_fd_sc_hd__clkbuf_1)
     1    0.01                           net106 (net)
                  0.09    0.00    3.09 ^ _29548_/D (sky130_fd_sc_hd__dfxtp_1)
                                  3.09   data arrival time

                          0.00    0.00   clock core_clk (rise edge)
                          0.00    0.00   clock source latency
                  0.00    0.00    0.00 ^ core_clk (in)
     2    0.08                           core_clk (net)
                  0.05    0.03    0.03 ^ clkbuf_0_core_clk/A (sky130_fd_sc_hd__clkbuf_16)
                  0.04    0.14    0.16 ^ clkbuf_0_core_clk/X (sky130_fd_sc_hd__clkbuf_16)
     2    0.02                           clknet_0_core_clk (net)
                  0.04    0.00    0.16 ^ clkbuf_1_0_0_core_clk/A (sky130_fd_sc_hd__clkbuf_8)
                  0.04    0.12    0.29 ^ clkbuf_1_0_0_core_clk/X (sky130_fd_sc_hd__clkbuf_8)
     1    0.01                           clknet_1_0_0_core_clk (net)
                  0.04    0.00    0.29 ^ clkbuf_1_0_1_core_clk/A (sky130_fd_sc_hd__clkbuf_8)
                  0.04    0.12    0.41 ^ clkbuf_1_0_1_core_clk/X (sky130_fd_sc_hd__clkbuf_8)
     1    0.01                           clknet_1_0_1_core_clk (net)
                  0.04    0.00    0.41 ^ clkbuf_1_0_2_core_clk/A (sky130_fd_sc_hd__clkbuf_8)
                  0.04    0.12    0.53 ^ clkbuf_1_0_2_core_clk/X (sky130_fd_sc_hd__clkbuf_8)
     1    0.01                           clknet_1_0_2_core_clk (net)
                  0.04    0.00    0.53 ^ clkbuf_1_0_3_core_clk/A (sky130_fd_sc_hd__clkbuf_8)
                  0.04    0.12    0.65 ^ clkbuf_1_0_3_core_clk/X (sky130_fd_sc_hd__clkbuf_8)
     1    0.01                           clknet_1_0_3_core_clk (net)
                  0.04    0.00    0.66 ^ clkbuf_1_0_4_core_clk/A (sky130_fd_sc_hd__clkbuf_8)
                  0.04    0.12    0.78 ^ clkbuf_1_0_4_core_clk/X (sky130_fd_sc_hd__clkbuf_8)
     1    0.01                           clknet_1_0_4_core_clk (net)
                  0.04    0.00    0.78 ^ clkbuf_1_0_5_core_clk/A (sky130_fd_sc_hd__clkbuf_8)
                  0.03    0.12    0.89 ^ clkbuf_1_0_5_core_clk/X (sky130_fd_sc_hd__clkbuf_8)
     1    0.01                           clknet_1_0_5_core_clk (net)
                  0.03    0.00    0.89 ^ clkbuf_1_0_6_core_clk/A (sky130_fd_sc_hd__clkbuf_8)
                  0.05    0.13    1.02 ^ clkbuf_1_0_6_core_clk/X (sky130_fd_sc_hd__clkbuf_8)
     2    0.02                           clknet_1_0_6_core_clk (net)
                  0.05    0.00    1.02 ^ clkbuf_2_1_0_core_clk/A (sky130_fd_sc_hd__clkbuf_8)
                  0.04    0.12    1.15 ^ clkbuf_2_1_0_core_clk/X (sky130_fd_sc_hd__clkbuf_8)
     1    0.01                           clknet_2_1_0_core_clk (net)
                  0.04    0.00    1.15 ^ clkbuf_2_1_1_core_clk/A (sky130_fd_sc_hd__clkbuf_8)
                  0.06    0.14    1.29 ^ clkbuf_2_1_1_core_clk/X (sky130_fd_sc_hd__clkbuf_8)
     2    0.03                           clknet_2_1_1_core_clk (net)
                  0.06    0.00    1.29 ^ clkbuf_3_2_0_core_clk/A (sky130_fd_sc_hd__clkbuf_8)
                  0.04    0.13    1.42 ^ clkbuf_3_2_0_core_clk/X (sky130_fd_sc_hd__clkbuf_8)
     1    0.01                           clknet_3_2_0_core_clk (net)
                  0.04    0.00    1.42 ^ clkbuf_3_2_1_core_clk/A (sky130_fd_sc_hd__clkbuf_8)
                  0.04    0.12    1.54 ^ clkbuf_3_2_1_core_clk/X (sky130_fd_sc_hd__clkbuf_8)
     1    0.01                           clknet_3_2_1_core_clk (net)
                  0.04    0.00    1.55 ^ clkbuf_3_2_2_core_clk/A (sky130_fd_sc_hd__clkbuf_8)
                  0.06    0.15    1.69 ^ clkbuf_3_2_2_core_clk/X (sky130_fd_sc_hd__clkbuf_8)
     2    0.03                           clknet_3_2_2_core_clk (net)
                  0.06    0.00    1.69 ^ clkbuf_4_5_0_core_clk/A (sky130_fd_sc_hd__clkbuf_8)
                  0.07    0.16    1.85 ^ clkbuf_4_5_0_core_clk/X (sky130_fd_sc_hd__clkbuf_8)
     2    0.03                           clknet_4_5_0_core_clk (net)
                  0.07    0.00    1.86 ^ clkbuf_5_10_0_core_clk/A (sky130_fd_sc_hd__clkbuf_8)
                  0.03    0.13    1.98 ^ clkbuf_5_10_0_core_clk/X (sky130_fd_sc_hd__clkbuf_8)
     1    0.01                           clknet_5_10_0_core_clk (net)
                  0.03    0.00    1.98 ^ clkbuf_5_10_1_core_clk/A (sky130_fd_sc_hd__clkbuf_8)
                  0.04    0.12    2.11 ^ clkbuf_5_10_1_core_clk/X (sky130_fd_sc_hd__clkbuf_8)
     2    0.01                           clknet_5_10_1_core_clk (net)
                  0.04    0.00    2.11 ^ clkbuf_6_21_0_core_clk/A (sky130_fd_sc_hd__clkbuf_8)
                  0.11    0.18    2.29 ^ clkbuf_6_21_0_core_clk/X (sky130_fd_sc_hd__clkbuf_8)
     6    0.06                           clknet_6_21_0_core_clk (net)
                  0.11    0.01    2.30 ^ clkbuf_opt_8_0_core_clk/A (sky130_fd_sc_hd__clkbuf_16)
                  0.04    0.15    2.45 ^ clkbuf_opt_8_0_core_clk/X (sky130_fd_sc_hd__clkbuf_16)
     1    0.02                           clknet_opt_8_0_core_clk (net)
                  0.04    0.00    2.45 ^ clkbuf_opt_8_1_core_clk/A (sky130_fd_sc_hd__clkbuf_16)
                  0.04    0.12    2.58 ^ clkbuf_opt_8_1_core_clk/X (sky130_fd_sc_hd__clkbuf_16)
     1    0.02                           clknet_opt_8_1_core_clk (net)
                  0.04    0.00    2.58 ^ clkbuf_opt_8_2_core_clk/A (sky130_fd_sc_hd__clkbuf_16)
                  0.04    0.12    2.70 ^ clkbuf_opt_8_2_core_clk/X (sky130_fd_sc_hd__clkbuf_16)
     1    0.01                           clknet_opt_8_2_core_clk (net)
                  0.04    0.00    2.70 ^ clkbuf_leaf_56_core_clk/A (sky130_fd_sc_hd__clkbuf_16)
                  0.05    0.14    2.84 ^ clkbuf_leaf_56_core_clk/X (sky130_fd_sc_hd__clkbuf_16)
     9    0.03                           clknet_leaf_56_core_clk (net)
                  0.05    0.00    2.84 ^ _29548_/CLK (sky130_fd_sc_hd__dfxtp_1)
                          0.12    2.96   clock uncertainty
                          0.00    2.96   clock reconvergence pessimism
                         -0.04    2.92   library hold time
                                  2.92   data required time
-----------------------------------------------------------------------------
                                  2.92   data required time
                                 -3.09   data arrival time
-----------------------------------------------------------------------------
                                  0.17   slack (MET)


Startpoint: la_input[0] (input port clocked by core_clk)
Endpoint: _29554_ (rising edge-triggered flip-flop clocked by core_clk)
Path Group: core_clk
Path Type: min

Fanout     Cap    Slew   Delay    Time   Description
-----------------------------------------------------------------------------
                          0.00    0.00   clock core_clk (rise edge)
                          0.00    0.00   clock network delay (propagated)
                          3.00    3.00 ^ input external delay
                  0.00    0.00    3.00 ^ la_input[0] (in)
     1    0.00                           la_input[0] (net)
                  0.00    0.00    3.00 ^ input45/A (sky130_fd_sc_hd__clkbuf_1)
                  0.09    0.09    3.09 ^ input45/X (sky130_fd_sc_hd__clkbuf_1)
     1    0.01                           net45 (net)
                  0.09    0.00    3.09 ^ _29554_/D (sky130_fd_sc_hd__dfxtp_1)
                                  3.09   data arrival time

                          0.00    0.00   clock core_clk (rise edge)
                          0.00    0.00   clock source latency
                  0.00    0.00    0.00 ^ core_clk (in)
     2    0.08                           core_clk (net)
                  0.05    0.03    0.03 ^ clkbuf_0_core_clk/A (sky130_fd_sc_hd__clkbuf_16)
                  0.04    0.14    0.16 ^ clkbuf_0_core_clk/X (sky130_fd_sc_hd__clkbuf_16)
     2    0.02                           clknet_0_core_clk (net)
                  0.04    0.00    0.16 ^ clkbuf_1_0_0_core_clk/A (sky130_fd_sc_hd__clkbuf_8)
                  0.04    0.12    0.29 ^ clkbuf_1_0_0_core_clk/X (sky130_fd_sc_hd__clkbuf_8)
     1    0.01                           clknet_1_0_0_core_clk (net)
                  0.04    0.00    0.29 ^ clkbuf_1_0_1_core_clk/A (sky130_fd_sc_hd__clkbuf_8)
                  0.04    0.12    0.41 ^ clkbuf_1_0_1_core_clk/X (sky130_fd_sc_hd__clkbuf_8)
     1    0.01                           clknet_1_0_1_core_clk (net)
                  0.04    0.00    0.41 ^ clkbuf_1_0_2_core_clk/A (sky130_fd_sc_hd__clkbuf_8)
                  0.04    0.12    0.53 ^ clkbuf_1_0_2_core_clk/X (sky130_fd_sc_hd__clkbuf_8)
     1    0.01                           clknet_1_0_2_core_clk (net)
                  0.04    0.00    0.53 ^ clkbuf_1_0_3_core_clk/A (sky130_fd_sc_hd__clkbuf_8)
                  0.04    0.12    0.65 ^ clkbuf_1_0_3_core_clk/X (sky130_fd_sc_hd__clkbuf_8)
     1    0.01                           clknet_1_0_3_core_clk (net)
                  0.04    0.00    0.66 ^ clkbuf_1_0_4_core_clk/A (sky130_fd_sc_hd__clkbuf_8)
                  0.04    0.12    0.78 ^ clkbuf_1_0_4_core_clk/X (sky130_fd_sc_hd__clkbuf_8)
     1    0.01                           clknet_1_0_4_core_clk (net)
                  0.04    0.00    0.78 ^ clkbuf_1_0_5_core_clk/A (sky130_fd_sc_hd__clkbuf_8)
                  0.03    0.12    0.89 ^ clkbuf_1_0_5_core_clk/X (sky130_fd_sc_hd__clkbuf_8)
     1    0.01                           clknet_1_0_5_core_clk (net)
                  0.03    0.00    0.89 ^ clkbuf_1_0_6_core_clk/A (sky130_fd_sc_hd__clkbuf_8)
                  0.05    0.13    1.02 ^ clkbuf_1_0_6_core_clk/X (sky130_fd_sc_hd__clkbuf_8)
     2    0.02                           clknet_1_0_6_core_clk (net)
                  0.05    0.00    1.02 ^ clkbuf_2_1_0_core_clk/A (sky130_fd_sc_hd__clkbuf_8)
                  0.04    0.12    1.15 ^ clkbuf_2_1_0_core_clk/X (sky130_fd_sc_hd__clkbuf_8)
     1    0.01                           clknet_2_1_0_core_clk (net)
                  0.04    0.00    1.15 ^ clkbuf_2_1_1_core_clk/A (sky130_fd_sc_hd__clkbuf_8)
                  0.06    0.14    1.29 ^ clkbuf_2_1_1_core_clk/X (sky130_fd_sc_hd__clkbuf_8)
     2    0.03                           clknet_2_1_1_core_clk (net)
                  0.06    0.00    1.29 ^ clkbuf_3_2_0_core_clk/A (sky130_fd_sc_hd__clkbuf_8)
                  0.04    0.13    1.42 ^ clkbuf_3_2_0_core_clk/X (sky130_fd_sc_hd__clkbuf_8)
     1    0.01                           clknet_3_2_0_core_clk (net)
                  0.04    0.00    1.42 ^ clkbuf_3_2_1_core_clk/A (sky130_fd_sc_hd__clkbuf_8)
                  0.04    0.12    1.54 ^ clkbuf_3_2_1_core_clk/X (sky130_fd_sc_hd__clkbuf_8)
     1    0.01                           clknet_3_2_1_core_clk (net)
                  0.04    0.00    1.55 ^ clkbuf_3_2_2_core_clk/A (sky130_fd_sc_hd__clkbuf_8)
                  0.06    0.15    1.69 ^ clkbuf_3_2_2_core_clk/X (sky130_fd_sc_hd__clkbuf_8)
     2    0.03                           clknet_3_2_2_core_clk (net)
                  0.06    0.00    1.69 ^ clkbuf_4_5_0_core_clk/A (sky130_fd_sc_hd__clkbuf_8)
                  0.07    0.16    1.85 ^ clkbuf_4_5_0_core_clk/X (sky130_fd_sc_hd__clkbuf_8)
     2    0.03                           clknet_4_5_0_core_clk (net)
                  0.07    0.00    1.86 ^ clkbuf_5_10_0_core_clk/A (sky130_fd_sc_hd__clkbuf_8)
                  0.03    0.13    1.98 ^ clkbuf_5_10_0_core_clk/X (sky130_fd_sc_hd__clkbuf_8)
     1    0.01                           clknet_5_10_0_core_clk (net)
                  0.03    0.00    1.98 ^ clkbuf_5_10_1_core_clk/A (sky130_fd_sc_hd__clkbuf_8)
                  0.04    0.12    2.11 ^ clkbuf_5_10_1_core_clk/X (sky130_fd_sc_hd__clkbuf_8)
     2    0.01                           clknet_5_10_1_core_clk (net)
                  0.04    0.00    2.11 ^ clkbuf_6_21_0_core_clk/A (sky130_fd_sc_hd__clkbuf_8)
                  0.11    0.18    2.29 ^ clkbuf_6_21_0_core_clk/X (sky130_fd_sc_hd__clkbuf_8)
     6    0.06                           clknet_6_21_0_core_clk (net)
                  0.11    0.01    2.30 ^ clkbuf_opt_7_0_core_clk/A (sky130_fd_sc_hd__clkbuf_16)
                  0.04    0.15    2.45 ^ clkbuf_opt_7_0_core_clk/X (sky130_fd_sc_hd__clkbuf_16)
     1    0.02                           clknet_opt_7_0_core_clk (net)
                  0.04    0.00    2.45 ^ clkbuf_opt_7_1_core_clk/A (sky130_fd_sc_hd__clkbuf_16)
                  0.04    0.12    2.58 ^ clkbuf_opt_7_1_core_clk/X (sky130_fd_sc_hd__clkbuf_16)
     1    0.02                           clknet_opt_7_1_core_clk (net)
                  0.04    0.00    2.58 ^ clkbuf_opt_7_2_core_clk/A (sky130_fd_sc_hd__clkbuf_16)
                  0.04    0.12    2.70 ^ clkbuf_opt_7_2_core_clk/X (sky130_fd_sc_hd__clkbuf_16)
     1    0.02                           clknet_opt_7_2_core_clk (net)
                  0.04    0.00    2.70 ^ clkbuf_leaf_55_core_clk/A (sky130_fd_sc_hd__clkbuf_16)
                  0.03    0.11    2.82 ^ clkbuf_leaf_55_core_clk/X (sky130_fd_sc_hd__clkbuf_16)
     2    0.00                           clknet_leaf_55_core_clk (net)
                  0.03    0.00    2.82 ^ _29554_/CLK (sky130_fd_sc_hd__dfxtp_1)
                          0.12    2.94   clock uncertainty
                          0.00    2.94   clock reconvergence pessimism
                         -0.04    2.89   library hold time
                                  2.89   data required time
-----------------------------------------------------------------------------
                                  2.89   data required time
                                 -3.09   data arrival time
-----------------------------------------------------------------------------
                                  0.20   slack (MET)


Startpoint: _29348_ (rising edge-triggered flip-flop clocked by core_clk)
Endpoint: _29347_ (rising edge-triggered flip-flop clocked by core_clk)
Path Group: core_clk
Path Type: min

Fanout     Cap    Slew   Delay    Time   Description
-----------------------------------------------------------------------------
                          0.00    0.00   clock core_clk (rise edge)
                          0.00    0.00   clock source latency
                  0.00    0.00    0.00 ^ core_clk (in)
     2    0.08                           core_clk (net)
                  0.05    0.02    0.02 ^ clkbuf_0_core_clk/A (sky130_fd_sc_hd__clkbuf_16)
                  0.04    0.12    0.15 ^ clkbuf_0_core_clk/X (sky130_fd_sc_hd__clkbuf_16)
     2    0.02                           clknet_0_core_clk (net)
                  0.04    0.00    0.15 ^ clkbuf_1_1_0_core_clk/A (sky130_fd_sc_hd__clkbuf_8)
                  0.04    0.11    0.26 ^ clkbuf_1_1_0_core_clk/X (sky130_fd_sc_hd__clkbuf_8)
     1    0.01                           clknet_1_1_0_core_clk (net)
                  0.04    0.00    0.26 ^ clkbuf_1_1_1_core_clk/A (sky130_fd_sc_hd__clkbuf_8)
                  0.04    0.11    0.37 ^ clkbuf_1_1_1_core_clk/X (sky130_fd_sc_hd__clkbuf_8)
     1    0.01                           clknet_1_1_1_core_clk (net)
                  0.04    0.00    0.37 ^ clkbuf_1_1_2_core_clk/A (sky130_fd_sc_hd__clkbuf_8)
                  0.04    0.11    0.48 ^ clkbuf_1_1_2_core_clk/X (sky130_fd_sc_hd__clkbuf_8)
     1    0.01                           clknet_1_1_2_core_clk (net)
                  0.04    0.00    0.48 ^ clkbuf_1_1_3_core_clk/A (sky130_fd_sc_hd__clkbuf_8)
                  0.04    0.11    0.59 ^ clkbuf_1_1_3_core_clk/X (sky130_fd_sc_hd__clkbuf_8)
     1    0.01                           clknet_1_1_3_core_clk (net)
                  0.04    0.00    0.59 ^ clkbuf_1_1_4_core_clk/A (sky130_fd_sc_hd__clkbuf_8)
                  0.04    0.11    0.70 ^ clkbuf_1_1_4_core_clk/X (sky130_fd_sc_hd__clkbuf_8)
     1    0.01                           clknet_1_1_4_core_clk (net)
                  0.04    0.00    0.70 ^ clkbuf_1_1_5_core_clk/A (sky130_fd_sc_hd__clkbuf_8)
                  0.03    0.10    0.80 ^ clkbuf_1_1_5_core_clk/X (sky130_fd_sc_hd__clkbuf_8)
     1    0.01                           clknet_1_1_5_core_clk (net)
                  0.03    0.00    0.80 ^ clkbuf_1_1_6_core_clk/A (sky130_fd_sc_hd__clkbuf_8)
                  0.06    0.12    0.92 ^ clkbuf_1_1_6_core_clk/X (sky130_fd_sc_hd__clkbuf_8)
     2    0.02                           clknet_1_1_6_core_clk (net)
                  0.06    0.00    0.93 ^ clkbuf_2_3_0_core_clk/A (sky130_fd_sc_hd__clkbuf_8)
                  0.04    0.12    1.04 ^ clkbuf_2_3_0_core_clk/X (sky130_fd_sc_hd__clkbuf_8)
     1    0.01                           clknet_2_3_0_core_clk (net)
                  0.04    0.00    1.04 ^ clkbuf_2_3_1_core_clk/A (sky130_fd_sc_hd__clkbuf_8)
                  0.06    0.13    1.17 ^ clkbuf_2_3_1_core_clk/X (sky130_fd_sc_hd__clkbuf_8)
     2    0.03                           clknet_2_3_1_core_clk (net)
                  0.06    0.00    1.17 ^ clkbuf_3_6_0_core_clk/A (sky130_fd_sc_hd__clkbuf_8)
                  0.04    0.12    1.29 ^ clkbuf_3_6_0_core_clk/X (sky130_fd_sc_hd__clkbuf_8)
     1    0.01                           clknet_3_6_0_core_clk (net)
                  0.04    0.00    1.29 ^ clkbuf_3_6_1_core_clk/A (sky130_fd_sc_hd__clkbuf_8)
                  0.04    0.11    1.40 ^ clkbuf_3_6_1_core_clk/X (sky130_fd_sc_hd__clkbuf_8)
     1    0.01                           clknet_3_6_1_core_clk (net)
                  0.04    0.00    1.40 ^ clkbuf_3_6_2_core_clk/A (sky130_fd_sc_hd__clkbuf_8)
                  0.06    0.13    1.53 ^ clkbuf_3_6_2_core_clk/X (sky130_fd_sc_hd__clkbuf_8)
     2    0.02                           clknet_3_6_2_core_clk (net)
                  0.06    0.00    1.53 ^ clkbuf_4_13_0_core_clk/A (sky130_fd_sc_hd__clkbuf_8)
                  0.06    0.14    1.67 ^ clkbuf_4_13_0_core_clk/X (sky130_fd_sc_hd__clkbuf_8)
     2    0.03                           clknet_4_13_0_core_clk (net)
                  0.06    0.00    1.67 ^ clkbuf_5_27_0_core_clk/A (sky130_fd_sc_hd__clkbuf_8)
                  0.03    0.11    1.79 ^ clkbuf_5_27_0_core_clk/X (sky130_fd_sc_hd__clkbuf_8)
     1    0.01                           clknet_5_27_0_core_clk (net)
                  0.03    0.00    1.79 ^ clkbuf_5_27_1_core_clk/A (sky130_fd_sc_hd__clkbuf_8)
                  0.04    0.12    1.90 ^ clkbuf_5_27_1_core_clk/X (sky130_fd_sc_hd__clkbuf_8)
     2    0.02                           clknet_5_27_1_core_clk (net)
                  0.04    0.00    1.90 ^ clkbuf_6_55_0_core_clk/A (sky130_fd_sc_hd__clkbuf_8)
                  0.17    0.21    2.12 ^ clkbuf_6_55_0_core_clk/X (sky130_fd_sc_hd__clkbuf_8)
     8    0.10                           clknet_6_55_0_core_clk (net)
                  0.17    0.00    2.12 ^ clkbuf_leaf_181_core_clk/A (sky130_fd_sc_hd__clkbuf_16)
                  0.05    0.17    2.29 ^ clkbuf_leaf_181_core_clk/X (sky130_fd_sc_hd__clkbuf_16)
    10    0.03                           clknet_leaf_181_core_clk (net)
                  0.05    0.00    2.29 ^ _29348_/CLK (sky130_fd_sc_hd__dfxtp_1)
                  0.05    0.29    2.58 ^ _29348_/Q (sky130_fd_sc_hd__dfxtp_1)
     1    0.00                           core.multiregimpl106_regs0 (net)
                  0.05    0.00    2.58 ^ hold3/A (sky130_fd_sc_hd__bufbuf_16)
                  0.03    0.21    2.80 ^ hold3/X (sky130_fd_sc_hd__bufbuf_16)
     1    0.00                           net27019 (net)
                  0.03    0.00    2.80 ^ _29347_/D (sky130_fd_sc_hd__dfxtp_1)
                                  2.80   data arrival time

                          0.00    0.00   clock core_clk (rise edge)
                          0.00    0.00   clock source latency
                  0.00    0.00    0.00 ^ core_clk (in)
     2    0.08                           core_clk (net)
                  0.05    0.03    0.03 ^ clkbuf_0_core_clk/A (sky130_fd_sc_hd__clkbuf_16)
                  0.04    0.14    0.16 ^ clkbuf_0_core_clk/X (sky130_fd_sc_hd__clkbuf_16)
     2    0.02                           clknet_0_core_clk (net)
                  0.04    0.00    0.16 ^ clkbuf_1_1_0_core_clk/A (sky130_fd_sc_hd__clkbuf_8)
                  0.04    0.12    0.28 ^ clkbuf_1_1_0_core_clk/X (sky130_fd_sc_hd__clkbuf_8)
     1    0.01                           clknet_1_1_0_core_clk (net)
                  0.04    0.00    0.29 ^ clkbuf_1_1_1_core_clk/A (sky130_fd_sc_hd__clkbuf_8)
                  0.04    0.12    0.41 ^ clkbuf_1_1_1_core_clk/X (sky130_fd_sc_hd__clkbuf_8)
     1    0.01                           clknet_1_1_1_core_clk (net)
                  0.04    0.00    0.41 ^ clkbuf_1_1_2_core_clk/A (sky130_fd_sc_hd__clkbuf_8)
                  0.04    0.12    0.53 ^ clkbuf_1_1_2_core_clk/X (sky130_fd_sc_hd__clkbuf_8)
     1    0.01                           clknet_1_1_2_core_clk (net)
                  0.04    0.00    0.53 ^ clkbuf_1_1_3_core_clk/A (sky130_fd_sc_hd__clkbuf_8)
                  0.04    0.12    0.65 ^ clkbuf_1_1_3_core_clk/X (sky130_fd_sc_hd__clkbuf_8)
     1    0.01                           clknet_1_1_3_core_clk (net)
                  0.04    0.00    0.65 ^ clkbuf_1_1_4_core_clk/A (sky130_fd_sc_hd__clkbuf_8)
                  0.04    0.12    0.77 ^ clkbuf_1_1_4_core_clk/X (sky130_fd_sc_hd__clkbuf_8)
     1    0.01                           clknet_1_1_4_core_clk (net)
                  0.04    0.00    0.77 ^ clkbuf_1_1_5_core_clk/A (sky130_fd_sc_hd__clkbuf_8)
                  0.03    0.11    0.88 ^ clkbuf_1_1_5_core_clk/X (sky130_fd_sc_hd__clkbuf_8)
     1    0.01                           clknet_1_1_5_core_clk (net)
                  0.03    0.00    0.88 ^ clkbuf_1_1_6_core_clk/A (sky130_fd_sc_hd__clkbuf_8)
                  0.06    0.14    1.02 ^ clkbuf_1_1_6_core_clk/X (sky130_fd_sc_hd__clkbuf_8)
     2    0.02                           clknet_1_1_6_core_clk (net)
                  0.06    0.00    1.02 ^ clkbuf_2_3_0_core_clk/A (sky130_fd_sc_hd__clkbuf_8)
                  0.04    0.13    1.15 ^ clkbuf_2_3_0_core_clk/X (sky130_fd_sc_hd__clkbuf_8)
     1    0.01                           clknet_2_3_0_core_clk (net)
                  0.04    0.00    1.15 ^ clkbuf_2_3_1_core_clk/A (sky130_fd_sc_hd__clkbuf_8)
                  0.06    0.14    1.30 ^ clkbuf_2_3_1_core_clk/X (sky130_fd_sc_hd__clkbuf_8)
     2    0.03                           clknet_2_3_1_core_clk (net)
                  0.06    0.00    1.30 ^ clkbuf_3_7_0_core_clk/A (sky130_fd_sc_hd__clkbuf_8)
                  0.04    0.13    1.43 ^ clkbuf_3_7_0_core_clk/X (sky130_fd_sc_hd__clkbuf_8)
     1    0.01                           clknet_3_7_0_core_clk (net)
                  0.04    0.00    1.43 ^ clkbuf_3_7_1_core_clk/A (sky130_fd_sc_hd__clkbuf_8)
                  0.04    0.12    1.55 ^ clkbuf_3_7_1_core_clk/X (sky130_fd_sc_hd__clkbuf_8)
     1    0.01                           clknet_3_7_1_core_clk (net)
                  0.04    0.00    1.55 ^ clkbuf_3_7_2_core_clk/A (sky130_fd_sc_hd__clkbuf_8)
                  0.07    0.15    1.70 ^ clkbuf_3_7_2_core_clk/X (sky130_fd_sc_hd__clkbuf_8)
     2    0.03                           clknet_3_7_2_core_clk (net)
                  0.07    0.00    1.70 ^ clkbuf_4_14_0_core_clk/A (sky130_fd_sc_hd__clkbuf_8)
                  0.05    0.15    1.86 ^ clkbuf_4_14_0_core_clk/X (sky130_fd_sc_hd__clkbuf_8)
     2    0.02                           clknet_4_14_0_core_clk (net)
                  0.05    0.00    1.86 ^ clkbuf_5_28_0_core_clk/A (sky130_fd_sc_hd__clkbuf_8)
                  0.03    0.12    1.98 ^ clkbuf_5_28_0_core_clk/X (sky130_fd_sc_hd__clkbuf_8)
     1    0.01                           clknet_5_28_0_core_clk (net)
                  0.03    0.00    1.98 ^ clkbuf_5_28_1_core_clk/A (sky130_fd_sc_hd__clkbuf_8)
                  0.05    0.13    2.11 ^ clkbuf_5_28_1_core_clk/X (sky130_fd_sc_hd__clkbuf_8)
     2    0.02                           clknet_5_28_1_core_clk (net)
                  0.05    0.00    2.11 ^ clkbuf_6_57_0_core_clk/A (sky130_fd_sc_hd__clkbuf_8)
                  0.25    0.29    2.40 ^ clkbuf_6_57_0_core_clk/X (sky130_fd_sc_hd__clkbuf_8)
    12    0.14                           clknet_6_57_0_core_clk (net)
                  0.25    0.01    2.41 ^ clkbuf_leaf_182_core_clk/A (sky130_fd_sc_hd__clkbuf_16)
                  0.06    0.22    2.63 ^ clkbuf_leaf_182_core_clk/X (sky130_fd_sc_hd__clkbuf_16)
    13    0.04                           clknet_leaf_182_core_clk (net)
                  0.06    0.00    2.63 ^ _29347_/CLK (sky130_fd_sc_hd__dfxtp_1)
                          0.12    2.75   clock uncertainty
                         -0.12    2.63   clock reconvergence pessimism
                         -0.03    2.60   library hold time
                                  2.60   data required time
-----------------------------------------------------------------------------
                                  2.60   data required time
                                 -2.80   data arrival time
-----------------------------------------------------------------------------
                                  0.20   slack (MET)


Startpoint: _29454_ (rising edge-triggered flip-flop clocked by core_clk)
Endpoint: _29453_ (rising edge-triggered flip-flop clocked by core_clk)
Path Group: core_clk
Path Type: min

Fanout     Cap    Slew   Delay    Time   Description
-----------------------------------------------------------------------------
                          0.00    0.00   clock core_clk (rise edge)
                          0.00    0.00   clock source latency
                  0.00    0.00    0.00 ^ core_clk (in)
     2    0.08                           core_clk (net)
                  0.05    0.02    0.02 ^ clkbuf_0_core_clk/A (sky130_fd_sc_hd__clkbuf_16)
                  0.04    0.12    0.15 ^ clkbuf_0_core_clk/X (sky130_fd_sc_hd__clkbuf_16)
     2    0.02                           clknet_0_core_clk (net)
                  0.04    0.00    0.15 ^ clkbuf_1_0_0_core_clk/A (sky130_fd_sc_hd__clkbuf_8)
                  0.04    0.11    0.26 ^ clkbuf_1_0_0_core_clk/X (sky130_fd_sc_hd__clkbuf_8)
     1    0.01                           clknet_1_0_0_core_clk (net)
                  0.04    0.00    0.26 ^ clkbuf_1_0_1_core_clk/A (sky130_fd_sc_hd__clkbuf_8)
                  0.04    0.11    0.37 ^ clkbuf_1_0_1_core_clk/X (sky130_fd_sc_hd__clkbuf_8)
     1    0.01                           clknet_1_0_1_core_clk (net)
                  0.04    0.00    0.37 ^ clkbuf_1_0_2_core_clk/A (sky130_fd_sc_hd__clkbuf_8)
                  0.04    0.11    0.48 ^ clkbuf_1_0_2_core_clk/X (sky130_fd_sc_hd__clkbuf_8)
     1    0.01                           clknet_1_0_2_core_clk (net)
                  0.04    0.00    0.48 ^ clkbuf_1_0_3_core_clk/A (sky130_fd_sc_hd__clkbuf_8)
                  0.04    0.11    0.59 ^ clkbuf_1_0_3_core_clk/X (sky130_fd_sc_hd__clkbuf_8)
     1    0.01                           clknet_1_0_3_core_clk (net)
                  0.04    0.00    0.59 ^ clkbuf_1_0_4_core_clk/A (sky130_fd_sc_hd__clkbuf_8)
                  0.04    0.11    0.70 ^ clkbuf_1_0_4_core_clk/X (sky130_fd_sc_hd__clkbuf_8)
     1    0.01                           clknet_1_0_4_core_clk (net)
                  0.04    0.00    0.70 ^ clkbuf_1_0_5_core_clk/A (sky130_fd_sc_hd__clkbuf_8)
                  0.03    0.10    0.81 ^ clkbuf_1_0_5_core_clk/X (sky130_fd_sc_hd__clkbuf_8)
     1    0.01                           clknet_1_0_5_core_clk (net)
                  0.03    0.00    0.81 ^ clkbuf_1_0_6_core_clk/A (sky130_fd_sc_hd__clkbuf_8)
                  0.05    0.11    0.92 ^ clkbuf_1_0_6_core_clk/X (sky130_fd_sc_hd__clkbuf_8)
     2    0.02                           clknet_1_0_6_core_clk (net)
                  0.05    0.00    0.93 ^ clkbuf_2_1_0_core_clk/A (sky130_fd_sc_hd__clkbuf_8)
                  0.04    0.11    1.04 ^ clkbuf_2_1_0_core_clk/X (sky130_fd_sc_hd__clkbuf_8)
     1    0.01                           clknet_2_1_0_core_clk (net)
                  0.04    0.00    1.04 ^ clkbuf_2_1_1_core_clk/A (sky130_fd_sc_hd__clkbuf_8)
                  0.06    0.13    1.17 ^ clkbuf_2_1_1_core_clk/X (sky130_fd_sc_hd__clkbuf_8)
     2    0.03                           clknet_2_1_1_core_clk (net)
                  0.06    0.00    1.17 ^ clkbuf_3_2_0_core_clk/A (sky130_fd_sc_hd__clkbuf_8)
                  0.04    0.12    1.29 ^ clkbuf_3_2_0_core_clk/X (sky130_fd_sc_hd__clkbuf_8)
     1    0.01                           clknet_3_2_0_core_clk (net)
                  0.04    0.00    1.29 ^ clkbuf_3_2_1_core_clk/A (sky130_fd_sc_hd__clkbuf_8)
                  0.04    0.11    1.40 ^ clkbuf_3_2_1_core_clk/X (sky130_fd_sc_hd__clkbuf_8)
     1    0.01                           clknet_3_2_1_core_clk (net)
                  0.04    0.00    1.40 ^ clkbuf_3_2_2_core_clk/A (sky130_fd_sc_hd__clkbuf_8)
                  0.06    0.13    1.53 ^ clkbuf_3_2_2_core_clk/X (sky130_fd_sc_hd__clkbuf_8)
     2    0.03                           clknet_3_2_2_core_clk (net)
                  0.06    0.00    1.53 ^ clkbuf_4_4_0_core_clk/A (sky130_fd_sc_hd__clkbuf_8)
                  0.06    0.14    1.67 ^ clkbuf_4_4_0_core_clk/X (sky130_fd_sc_hd__clkbuf_8)
     2    0.02                           clknet_4_4_0_core_clk (net)
                  0.06    0.00    1.67 ^ clkbuf_5_9_0_core_clk/A (sky130_fd_sc_hd__clkbuf_8)
                  0.03    0.11    1.78 ^ clkbuf_5_9_0_core_clk/X (sky130_fd_sc_hd__clkbuf_8)
     1    0.01                           clknet_5_9_0_core_clk (net)
                  0.03    0.00    1.78 ^ clkbuf_5_9_1_core_clk/A (sky130_fd_sc_hd__clkbuf_8)
                  0.05    0.12    1.90 ^ clkbuf_5_9_1_core_clk/X (sky130_fd_sc_hd__clkbuf_8)
     2    0.02                           clknet_5_9_1_core_clk (net)
                  0.05    0.00    1.90 ^ clkbuf_6_19_0_core_clk/A (sky130_fd_sc_hd__clkbuf_8)
                  0.15    0.20    2.10 ^ clkbuf_6_19_0_core_clk/X (sky130_fd_sc_hd__clkbuf_8)
     7    0.08                           clknet_6_19_0_core_clk (net)
                  0.15    0.00    2.10 ^ clkbuf_leaf_76_core_clk/A (sky130_fd_sc_hd__clkbuf_16)
                  0.07    0.18    2.28 ^ clkbuf_leaf_76_core_clk/X (sky130_fd_sc_hd__clkbuf_16)
    17    0.05                           clknet_leaf_76_core_clk (net)
                  0.07    0.00    2.28 ^ _29454_/CLK (sky130_fd_sc_hd__dfxtp_1)
                  0.04    0.29    2.57 ^ _29454_/Q (sky130_fd_sc_hd__dfxtp_1)
     1    0.00                           core.multiregimpl53_regs0 (net)
                  0.04    0.00    2.57 ^ _29453_/D (sky130_fd_sc_hd__dfxtp_1)
                                  2.57   data arrival time

                          0.00    0.00   clock core_clk (rise edge)
                          0.00    0.00   clock source latency
                  0.00    0.00    0.00 ^ core_clk (in)
     2    0.08                           core_clk (net)
                  0.05    0.03    0.03 ^ clkbuf_0_core_clk/A (sky130_fd_sc_hd__clkbuf_16)
                  0.04    0.14    0.16 ^ clkbuf_0_core_clk/X (sky130_fd_sc_hd__clkbuf_16)
     2    0.02                           clknet_0_core_clk (net)
                  0.04    0.00    0.16 ^ clkbuf_1_0_0_core_clk/A (sky130_fd_sc_hd__clkbuf_8)
                  0.04    0.12    0.29 ^ clkbuf_1_0_0_core_clk/X (sky130_fd_sc_hd__clkbuf_8)
     1    0.01                           clknet_1_0_0_core_clk (net)
                  0.04    0.00    0.29 ^ clkbuf_1_0_1_core_clk/A (sky130_fd_sc_hd__clkbuf_8)
                  0.04    0.12    0.41 ^ clkbuf_1_0_1_core_clk/X (sky130_fd_sc_hd__clkbuf_8)
     1    0.01                           clknet_1_0_1_core_clk (net)
                  0.04    0.00    0.41 ^ clkbuf_1_0_2_core_clk/A (sky130_fd_sc_hd__clkbuf_8)
                  0.04    0.12    0.53 ^ clkbuf_1_0_2_core_clk/X (sky130_fd_sc_hd__clkbuf_8)
     1    0.01                           clknet_1_0_2_core_clk (net)
                  0.04    0.00    0.53 ^ clkbuf_1_0_3_core_clk/A (sky130_fd_sc_hd__clkbuf_8)
                  0.04    0.12    0.65 ^ clkbuf_1_0_3_core_clk/X (sky130_fd_sc_hd__clkbuf_8)
     1    0.01                           clknet_1_0_3_core_clk (net)
                  0.04    0.00    0.66 ^ clkbuf_1_0_4_core_clk/A (sky130_fd_sc_hd__clkbuf_8)
                  0.04    0.12    0.78 ^ clkbuf_1_0_4_core_clk/X (sky130_fd_sc_hd__clkbuf_8)
     1    0.01                           clknet_1_0_4_core_clk (net)
                  0.04    0.00    0.78 ^ clkbuf_1_0_5_core_clk/A (sky130_fd_sc_hd__clkbuf_8)
                  0.03    0.12    0.89 ^ clkbuf_1_0_5_core_clk/X (sky130_fd_sc_hd__clkbuf_8)
     1    0.01                           clknet_1_0_5_core_clk (net)
                  0.03    0.00    0.89 ^ clkbuf_1_0_6_core_clk/A (sky130_fd_sc_hd__clkbuf_8)
                  0.05    0.13    1.02 ^ clkbuf_1_0_6_core_clk/X (sky130_fd_sc_hd__clkbuf_8)
     2    0.02                           clknet_1_0_6_core_clk (net)
                  0.05    0.00    1.02 ^ clkbuf_2_1_0_core_clk/A (sky130_fd_sc_hd__clkbuf_8)
                  0.04    0.12    1.15 ^ clkbuf_2_1_0_core_clk/X (sky130_fd_sc_hd__clkbuf_8)
     1    0.01                           clknet_2_1_0_core_clk (net)
                  0.04    0.00    1.15 ^ clkbuf_2_1_1_core_clk/A (sky130_fd_sc_hd__clkbuf_8)
                  0.06    0.14    1.29 ^ clkbuf_2_1_1_core_clk/X (sky130_fd_sc_hd__clkbuf_8)
     2    0.03                           clknet_2_1_1_core_clk (net)
                  0.06    0.00    1.29 ^ clkbuf_3_2_0_core_clk/A (sky130_fd_sc_hd__clkbuf_8)
                  0.04    0.13    1.42 ^ clkbuf_3_2_0_core_clk/X (sky130_fd_sc_hd__clkbuf_8)
     1    0.01                           clknet_3_2_0_core_clk (net)
                  0.04    0.00    1.42 ^ clkbuf_3_2_1_core_clk/A (sky130_fd_sc_hd__clkbuf_8)
                  0.04    0.12    1.54 ^ clkbuf_3_2_1_core_clk/X (sky130_fd_sc_hd__clkbuf_8)
     1    0.01                           clknet_3_2_1_core_clk (net)
                  0.04    0.00    1.55 ^ clkbuf_3_2_2_core_clk/A (sky130_fd_sc_hd__clkbuf_8)
                  0.06    0.15    1.69 ^ clkbuf_3_2_2_core_clk/X (sky130_fd_sc_hd__clkbuf_8)
     2    0.03                           clknet_3_2_2_core_clk (net)
                  0.06    0.00    1.69 ^ clkbuf_4_4_0_core_clk/A (sky130_fd_sc_hd__clkbuf_8)
                  0.06    0.15    1.85 ^ clkbuf_4_4_0_core_clk/X (sky130_fd_sc_hd__clkbuf_8)
     2    0.02                           clknet_4_4_0_core_clk (net)
                  0.06    0.00    1.85 ^ clkbuf_5_9_0_core_clk/A (sky130_fd_sc_hd__clkbuf_8)
                  0.03    0.12    1.97 ^ clkbuf_5_9_0_core_clk/X (sky130_fd_sc_hd__clkbuf_8)
     1    0.01                           clknet_5_9_0_core_clk (net)
                  0.03    0.00    1.97 ^ clkbuf_5_9_1_core_clk/A (sky130_fd_sc_hd__clkbuf_8)
                  0.05    0.13    2.10 ^ clkbuf_5_9_1_core_clk/X (sky130_fd_sc_hd__clkbuf_8)
     2    0.02                           clknet_5_9_1_core_clk (net)
                  0.05    0.00    2.10 ^ clkbuf_6_19_0_core_clk/A (sky130_fd_sc_hd__clkbuf_8)
                  0.15    0.22    2.32 ^ clkbuf_6_19_0_core_clk/X (sky130_fd_sc_hd__clkbuf_8)
     7    0.08                           clknet_6_19_0_core_clk (net)
                  0.15    0.00    2.32 ^ clkbuf_leaf_76_core_clk/A (sky130_fd_sc_hd__clkbuf_16)
                  0.07    0.20    2.52 ^ clkbuf_leaf_76_core_clk/X (sky130_fd_sc_hd__clkbuf_16)
    17    0.05                           clknet_leaf_76_core_clk (net)
                  0.07    0.00    2.52 ^ _29453_/CLK (sky130_fd_sc_hd__dfxtp_1)
                          0.12    2.64   clock uncertainty
                         -0.24    2.40   clock reconvergence pessimism
                         -0.03    2.38   library hold time
                                  2.38   data required time
-----------------------------------------------------------------------------
                                  2.38   data required time
                                 -2.57   data arrival time
-----------------------------------------------------------------------------
                                  0.20   slack (MET)


Startpoint: _29142_ (rising edge-triggered flip-flop clocked by core_clk)
Endpoint: _29557_ (rising edge-triggered flip-flop clocked by core_clk)
Path Group: core_clk
Path Type: min

Fanout     Cap    Slew   Delay    Time   Description
-----------------------------------------------------------------------------
                          0.00    0.00   clock core_clk (rise edge)
                          0.00    0.00   clock source latency
                  0.00    0.00    0.00 ^ core_clk (in)
     2    0.08                           core_clk (net)
                  0.05    0.02    0.02 ^ clkbuf_0_core_clk/A (sky130_fd_sc_hd__clkbuf_16)
                  0.04    0.12    0.15 ^ clkbuf_0_core_clk/X (sky130_fd_sc_hd__clkbuf_16)
     2    0.02                           clknet_0_core_clk (net)
                  0.04    0.00    0.15 ^ clkbuf_1_1_0_core_clk/A (sky130_fd_sc_hd__clkbuf_8)
                  0.04    0.11    0.26 ^ clkbuf_1_1_0_core_clk/X (sky130_fd_sc_hd__clkbuf_8)
     1    0.01                           clknet_1_1_0_core_clk (net)
                  0.04    0.00    0.26 ^ clkbuf_1_1_1_core_clk/A (sky130_fd_sc_hd__clkbuf_8)
                  0.04    0.11    0.37 ^ clkbuf_1_1_1_core_clk/X (sky130_fd_sc_hd__clkbuf_8)
     1    0.01                           clknet_1_1_1_core_clk (net)
                  0.04    0.00    0.37 ^ clkbuf_1_1_2_core_clk/A (sky130_fd_sc_hd__clkbuf_8)
                  0.04    0.11    0.48 ^ clkbuf_1_1_2_core_clk/X (sky130_fd_sc_hd__clkbuf_8)
     1    0.01                           clknet_1_1_2_core_clk (net)
                  0.04    0.00    0.48 ^ clkbuf_1_1_3_core_clk/A (sky130_fd_sc_hd__clkbuf_8)
                  0.04    0.11    0.59 ^ clkbuf_1_1_3_core_clk/X (sky130_fd_sc_hd__clkbuf_8)
     1    0.01                           clknet_1_1_3_core_clk (net)
                  0.04    0.00    0.59 ^ clkbuf_1_1_4_core_clk/A (sky130_fd_sc_hd__clkbuf_8)
                  0.04    0.11    0.70 ^ clkbuf_1_1_4_core_clk/X (sky130_fd_sc_hd__clkbuf_8)
     1    0.01                           clknet_1_1_4_core_clk (net)
                  0.04    0.00    0.70 ^ clkbuf_1_1_5_core_clk/A (sky130_fd_sc_hd__clkbuf_8)
                  0.03    0.10    0.80 ^ clkbuf_1_1_5_core_clk/X (sky130_fd_sc_hd__clkbuf_8)
     1    0.01                           clknet_1_1_5_core_clk (net)
                  0.03    0.00    0.80 ^ clkbuf_1_1_6_core_clk/A (sky130_fd_sc_hd__clkbuf_8)
                  0.06    0.12    0.92 ^ clkbuf_1_1_6_core_clk/X (sky130_fd_sc_hd__clkbuf_8)
     2    0.02                           clknet_1_1_6_core_clk (net)
                  0.06    0.00    0.93 ^ clkbuf_2_3_0_core_clk/A (sky130_fd_sc_hd__clkbuf_8)
                  0.04    0.12    1.04 ^ clkbuf_2_3_0_core_clk/X (sky130_fd_sc_hd__clkbuf_8)
     1    0.01                           clknet_2_3_0_core_clk (net)
                  0.04    0.00    1.04 ^ clkbuf_2_3_1_core_clk/A (sky130_fd_sc_hd__clkbuf_8)
                  0.06    0.13    1.17 ^ clkbuf_2_3_1_core_clk/X (sky130_fd_sc_hd__clkbuf_8)
     2    0.03                           clknet_2_3_1_core_clk (net)
                  0.06    0.00    1.17 ^ clkbuf_3_7_0_core_clk/A (sky130_fd_sc_hd__clkbuf_8)
                  0.04    0.12    1.29 ^ clkbuf_3_7_0_core_clk/X (sky130_fd_sc_hd__clkbuf_8)
     1    0.01                           clknet_3_7_0_core_clk (net)
                  0.04    0.00    1.29 ^ clkbuf_3_7_1_core_clk/A (sky130_fd_sc_hd__clkbuf_8)
                  0.04    0.11    1.40 ^ clkbuf_3_7_1_core_clk/X (sky130_fd_sc_hd__clkbuf_8)
     1    0.01                           clknet_3_7_1_core_clk (net)
                  0.04    0.00    1.40 ^ clkbuf_3_7_2_core_clk/A (sky130_fd_sc_hd__clkbuf_8)
                  0.07    0.14    1.54 ^ clkbuf_3_7_2_core_clk/X (sky130_fd_sc_hd__clkbuf_8)
     2    0.03                           clknet_3_7_2_core_clk (net)
                  0.07    0.00    1.54 ^ clkbuf_4_14_0_core_clk/A (sky130_fd_sc_hd__clkbuf_8)
                  0.05    0.14    1.68 ^ clkbuf_4_14_0_core_clk/X (sky130_fd_sc_hd__clkbuf_8)
     2    0.02                           clknet_4_14_0_core_clk (net)
                  0.05    0.00    1.68 ^ clkbuf_5_29_0_core_clk/A (sky130_fd_sc_hd__clkbuf_8)
                  0.03    0.11    1.79 ^ clkbuf_5_29_0_core_clk/X (sky130_fd_sc_hd__clkbuf_8)
     1    0.01                           clknet_5_29_0_core_clk (net)
                  0.03    0.00    1.79 ^ clkbuf_5_29_1_core_clk/A (sky130_fd_sc_hd__clkbuf_8)
                  0.05    0.12    1.91 ^ clkbuf_5_29_1_core_clk/X (sky130_fd_sc_hd__clkbuf_8)
     2    0.02                           clknet_5_29_1_core_clk (net)
                  0.05    0.00    1.91 ^ clkbuf_6_59_0_core_clk/A (sky130_fd_sc_hd__clkbuf_8)
                  0.14    0.19    2.11 ^ clkbuf_6_59_0_core_clk/X (sky130_fd_sc_hd__clkbuf_8)
     7    0.08                           clknet_6_59_0_core_clk (net)
                  0.14    0.00    2.11 ^ clkbuf_leaf_244_core_clk/A (sky130_fd_sc_hd__clkbuf_16)
                  0.06    0.17    2.28 ^ clkbuf_leaf_244_core_clk/X (sky130_fd_sc_hd__clkbuf_16)
    14    0.04                           clknet_leaf_244_core_clk (net)
                  0.06    0.00    2.28 ^ _29142_/CLK (sky130_fd_sc_hd__dfxtp_1)
                  0.03    0.28    2.56 v _29142_/Q (sky130_fd_sc_hd__dfxtp_1)
     1    0.00                           core.multiregimpl1_regs0 (net)
                  0.03    0.00    2.56 v _29557_/D (sky130_fd_sc_hd__dfxtp_2)
                                  2.56   data arrival time

                          0.00    0.00   clock core_clk (rise edge)
                          0.00    0.00   clock source latency
                  0.00    0.00    0.00 ^ core_clk (in)
     2    0.08                           core_clk (net)
                  0.05    0.03    0.03 ^ clkbuf_0_core_clk/A (sky130_fd_sc_hd__clkbuf_16)
                  0.04    0.14    0.16 ^ clkbuf_0_core_clk/X (sky130_fd_sc_hd__clkbuf_16)
     2    0.02                           clknet_0_core_clk (net)
                  0.04    0.00    0.16 ^ clkbuf_1_1_0_core_clk/A (sky130_fd_sc_hd__clkbuf_8)
                  0.04    0.12    0.28 ^ clkbuf_1_1_0_core_clk/X (sky130_fd_sc_hd__clkbuf_8)
     1    0.01                           clknet_1_1_0_core_clk (net)
                  0.04    0.00    0.29 ^ clkbuf_1_1_1_core_clk/A (sky130_fd_sc_hd__clkbuf_8)
                  0.04    0.12    0.41 ^ clkbuf_1_1_1_core_clk/X (sky130_fd_sc_hd__clkbuf_8)
     1    0.01                           clknet_1_1_1_core_clk (net)
                  0.04    0.00    0.41 ^ clkbuf_1_1_2_core_clk/A (sky130_fd_sc_hd__clkbuf_8)
                  0.04    0.12    0.53 ^ clkbuf_1_1_2_core_clk/X (sky130_fd_sc_hd__clkbuf_8)
     1    0.01                           clknet_1_1_2_core_clk (net)
                  0.04    0.00    0.53 ^ clkbuf_1_1_3_core_clk/A (sky130_fd_sc_hd__clkbuf_8)
                  0.04    0.12    0.65 ^ clkbuf_1_1_3_core_clk/X (sky130_fd_sc_hd__clkbuf_8)
     1    0.01                           clknet_1_1_3_core_clk (net)
                  0.04    0.00    0.65 ^ clkbuf_1_1_4_core_clk/A (sky130_fd_sc_hd__clkbuf_8)
                  0.04    0.12    0.77 ^ clkbuf_1_1_4_core_clk/X (sky130_fd_sc_hd__clkbuf_8)
     1    0.01                           clknet_1_1_4_core_clk (net)
                  0.04    0.00    0.77 ^ clkbuf_1_1_5_core_clk/A (sky130_fd_sc_hd__clkbuf_8)
                  0.03    0.11    0.88 ^ clkbuf_1_1_5_core_clk/X (sky130_fd_sc_hd__clkbuf_8)
     1    0.01                           clknet_1_1_5_core_clk (net)
                  0.03    0.00    0.88 ^ clkbuf_1_1_6_core_clk/A (sky130_fd_sc_hd__clkbuf_8)
                  0.06    0.14    1.02 ^ clkbuf_1_1_6_core_clk/X (sky130_fd_sc_hd__clkbuf_8)
     2    0.02                           clknet_1_1_6_core_clk (net)
                  0.06    0.00    1.02 ^ clkbuf_2_3_0_core_clk/A (sky130_fd_sc_hd__clkbuf_8)
                  0.04    0.13    1.15 ^ clkbuf_2_3_0_core_clk/X (sky130_fd_sc_hd__clkbuf_8)
     1    0.01                           clknet_2_3_0_core_clk (net)
                  0.04    0.00    1.15 ^ clkbuf_2_3_1_core_clk/A (sky130_fd_sc_hd__clkbuf_8)
                  0.06    0.14    1.30 ^ clkbuf_2_3_1_core_clk/X (sky130_fd_sc_hd__clkbuf_8)
     2    0.03                           clknet_2_3_1_core_clk (net)
                  0.06    0.00    1.30 ^ clkbuf_3_7_0_core_clk/A (sky130_fd_sc_hd__clkbuf_8)
                  0.04    0.13    1.43 ^ clkbuf_3_7_0_core_clk/X (sky130_fd_sc_hd__clkbuf_8)
     1    0.01                           clknet_3_7_0_core_clk (net)
                  0.04    0.00    1.43 ^ clkbuf_3_7_1_core_clk/A (sky130_fd_sc_hd__clkbuf_8)
                  0.04    0.12    1.55 ^ clkbuf_3_7_1_core_clk/X (sky130_fd_sc_hd__clkbuf_8)
     1    0.01                           clknet_3_7_1_core_clk (net)
                  0.04    0.00    1.55 ^ clkbuf_3_7_2_core_clk/A (sky130_fd_sc_hd__clkbuf_8)
                  0.07    0.15    1.70 ^ clkbuf_3_7_2_core_clk/X (sky130_fd_sc_hd__clkbuf_8)
     2    0.03                           clknet_3_7_2_core_clk (net)
                  0.07    0.00    1.70 ^ clkbuf_4_14_0_core_clk/A (sky130_fd_sc_hd__clkbuf_8)
                  0.05    0.15    1.86 ^ clkbuf_4_14_0_core_clk/X (sky130_fd_sc_hd__clkbuf_8)
     2    0.02                           clknet_4_14_0_core_clk (net)
                  0.05    0.00    1.86 ^ clkbuf_5_29_0_core_clk/A (sky130_fd_sc_hd__clkbuf_8)
                  0.03    0.12    1.98 ^ clkbuf_5_29_0_core_clk/X (sky130_fd_sc_hd__clkbuf_8)
     1    0.01                           clknet_5_29_0_core_clk (net)
                  0.03    0.00    1.98 ^ clkbuf_5_29_1_core_clk/A (sky130_fd_sc_hd__clkbuf_8)
                  0.05    0.13    2.11 ^ clkbuf_5_29_1_core_clk/X (sky130_fd_sc_hd__clkbuf_8)
     2    0.02                           clknet_5_29_1_core_clk (net)
                  0.05    0.00    2.11 ^ clkbuf_6_59_0_core_clk/A (sky130_fd_sc_hd__clkbuf_8)
                  0.14    0.21    2.33 ^ clkbuf_6_59_0_core_clk/X (sky130_fd_sc_hd__clkbuf_8)
     7    0.08                           clknet_6_59_0_core_clk (net)
                  0.14    0.00    2.33 ^ clkbuf_leaf_244_core_clk/A (sky130_fd_sc_hd__clkbuf_16)
                  0.06    0.19    2.52 ^ clkbuf_leaf_244_core_clk/X (sky130_fd_sc_hd__clkbuf_16)
    14    0.04                           clknet_leaf_244_core_clk (net)
                  0.06    0.00    2.52 ^ _29557_/CLK (sky130_fd_sc_hd__dfxtp_2)
                          0.12    2.64   clock uncertainty
                         -0.24    2.40   clock reconvergence pessimism
                         -0.04    2.36   library hold time
                                  2.36   data required time
-----------------------------------------------------------------------------
                                  2.36   data required time
                                 -2.56   data arrival time
-----------------------------------------------------------------------------
                                  0.20   slack (MET)


