┏━━━━━━━━━━━━━━━━┳━━━━━━━━━━━━━━━━┳━━━━━━━━━━━━┳━━━━━━━━━━┳━━━━━━━━━━━━━━━━┳━━━━━━━━━━━━━━━━┳━━━━━━━━━━━━━━━━┳━━━━━━━━━━━━┳━━━━━━━━━━━┳━━━━━━━━━━━━━━━━┳━━━━━━━━━━━━━━━━┳━━━━━━━━━━━━━━━━┳━━━━━━━━━━━━━━━━┓
┃                ┃ Hold Worst     ┃            ┃          ┃ Hold           ┃ of which       ┃ Setup Worst    ┃            ┃           ┃ Setup          ┃ of which       ┃ Max Cap        ┃ Max Slew       ┃
┃ Corner/Group   ┃ Slack          ┃ reg-to-reg ┃ Hold TNS ┃ Violations     ┃ reg-to-reg     ┃ Slack          ┃ reg-to-reg ┃ Setup TNS ┃ Violations     ┃ reg-to-reg     ┃ Violations     ┃ Violations     ┃
┡━━━━━━━━━━━━━━━━╇━━━━━━━━━━━━━━━━╇━━━━━━━━━━━━╇━━━━━━━━━━╇━━━━━━━━━━━━━━━━╇━━━━━━━━━━━━━━━━╇━━━━━━━━━━━━━━━━╇━━━━━━━━━━━━╇━━━━━━━━━━━╇━━━━━━━━━━━━━━━━╇━━━━━━━━━━━━━━━━╇━━━━━━━━━━━━━━━━╇━━━━━━━━━━━━━━━━┩
│ Overall        │ 0.0124         │ N/A        │ 0.0000   │ 0              │ 0              │ 84.9722        │ N/A        │ 0.0000    │ 0              │ 0              │ 2036           │ 1015           │
│ nom_tt_025C_1… │ 0.0948         │ N/A        │ 0.0000   │ 0              │ 0              │ 92.2020        │ N/A        │ 0.0000    │ 0              │ 0              │ 0              │ 0              │
│ nom_ss_100C_1… │ 0.3960         │ N/A        │ 0.0000   │ 0              │ 0              │ 85.5033        │ N/A        │ 0.0000    │ 0              │ 0              │ 548            │ 198            │
│ nom_ff_n40C_1… │ 0.0165         │ N/A        │ 0.0000   │ 0              │ 0              │ 94.9315        │ N/A        │ 0.0000    │ 0              │ 0              │ 0              │ 0              │
│ min_tt_025C_1… │ 0.1323         │ N/A        │ 0.0000   │ 0              │ 0              │ 92.6037        │ N/A        │ 0.0000    │ 0              │ 0              │ 0              │ 0              │
│ min_ss_100C_1… │ 0.4631         │ N/A        │ 0.0000   │ 0              │ 0              │ 86.2238        │ N/A        │ 0.0000    │ 0              │ 0              │ 87             │ 34             │
│ min_ff_n40C_1… │ 0.0430         │ N/A        │ 0.0000   │ 0              │ 0              │ 95.1746        │ N/A        │ 0.0000    │ 0              │ 0              │ 0              │ 0              │
│ max_tt_025C_1… │ 0.0904         │ N/A        │ 0.0000   │ 0              │ 0              │ 91.9183        │ N/A        │ 0.0000    │ 0              │ 0              │ 0              │ 0              │
│ max_ss_100C_1… │ 0.3841         │ N/A        │ 0.0000   │ 0              │ 0              │ 84.9722        │ N/A        │ 0.0000    │ 0              │ 0              │ 1401           │ 783            │
│ max_ff_n40C_1… │ 0.0124         │ N/A        │ 0.0000   │ 0              │ 0              │ 94.7657        │ N/A        │ 0.0000    │ 0              │ 0              │ 0              │ 0              │
└────────────────┴────────────────┴────────────┴──────────┴────────────────┴────────────────┴────────────────┴────────────┴───────────┴────────────────┴────────────────┴────────────────┴────────────────┘
