
===========================================================================
 report_power
============================================================================
======================= nom_tt_025C_1v80 Corner ===================================

Group                    Internal    Switching      Leakage        Total
                            Power        Power        Power        Power (Watts)
------------------------------------------------------------------------
Sequential           1.999468e-05 3.856189e-04 1.440699e-07 4.057577e-04  19.5%
Combinational        4.533221e-04 1.226135e-03 1.904954e-07 1.679648e-03  80.5%
Clock                1.565180e-07 0.000000e+00 1.257388e-07 2.822568e-07   0.0%
Macro                0.000000e+00 0.000000e+00 0.000000e+00 0.000000e+00   0.0%
Pad                  0.000000e+00 0.000000e+00 0.000000e+00 0.000000e+00   0.0%
------------------------------------------------------------------------
Total                4.734742e-04 1.611751e-03 4.601663e-07 2.085685e-03 100.0%
                            22.7%        77.3%         0.0%

