Warning - class CORE ANTENNACELL is not found. This message can be ignored if not in the antenna-avoid flow
  No sinks on this net
  No sinks on this net
  No sinks on this net
  No sinks on this net
  No sinks on this net
  No sinks on this net
  No sinks on this net
  No sinks on this net
  No sinks on this net
  No sinks on this net
  No sinks on this net
  No sinks on this net
  No sinks on this net
  No sinks on this net
  No sinks on this net
  No sinks on this net
  No sinks on this net
  No sinks on this net
  No sinks on this net
  No sinks on this net
  No sinks on this net
  No sinks on this net
  No sinks on this net
  No sinks on this net
  No sinks on this net
  No sinks on this net
  No sinks on this net
  No sinks on this net
  No sinks on this net
  No sinks on this net
  No sinks on this net
  No sinks on this net
  No sinks on this net
  No sinks on this net
  No sinks on this net
  No sinks on this net
  No sinks on this net
  No sinks on this net
  No sinks on this net
  No sinks on this net
  No sinks on this net
  No sinks on this net
  No sinks on this net
  No sinks on this net
  No sinks on this net
  No sinks on this net
  No sinks on this net
  No sinks on this net
  No sinks on this net
  No sinks on this net
  No sinks on this net
  No sinks on this net
  No sinks on this net
  No sinks on this net
  No sinks on this net
  No sinks on this net
  No sinks on this net
  No sinks on this net
  No sinks on this net
  No sinks on this net
  No sinks on this net
  No sinks on this net
  No sinks on this net
  No sinks on this net
  No sinks on this net
  No sinks on this net
  No sinks on this net
  No sinks on this net
  No sinks on this net
  No sinks on this net
  No sinks on this net
  No sinks on this net
  No sinks on this net
  No sinks on this net
  No sinks on this net
  No sinks on this net
  No sinks on this net
  No sinks on this net
  No sinks on this net
  No sinks on this net
  No sinks on this net
  No sinks on this net
  No sinks on this net
  No sinks on this net
  No sinks on this net
  No sinks on this net
  No sinks on this net
  No sinks on this net
  No sinks on this net
  No sinks on this net
  No sinks on this net
  No sinks on this net
  No sinks on this net
  No sinks on this net
  No sinks on this net
  No sinks on this net
  No sinks on this net
  No sinks on this net
  No sinks on this net
  No sinks on this net
  No sinks on this net
  No sinks on this net
  No sinks on this net
  No sinks on this net
  No sinks on this net
  No sinks on this net
  No sinks on this net
  No sinks on this net
  No sinks on this net
  No sinks on this net
  No sinks on this net
  No sinks on this net
  No sinks on this net
  No sinks on this net
  No sinks on this net
  No sinks on this net
  No sinks on this net
  No sinks on this net
  No sinks on this net
  No sinks on this net
  No sinks on this net
  No sinks on this net
  No sinks on this net
  No sinks on this net
  No sinks on this net
  No sinks on this net
  No sinks on this net
  No sinks on this net
  No sinks on this net
  No sinks on this net
  No sinks on this net
  No sinks on this net
  No sinks on this net
  No sinks on this net
  No sinks on this net
  No sinks on this net
  No sinks on this net
  No sinks on this net
  No sinks on this net
  No sinks on this net
  No sinks on this net
  No sinks on this net
  No sinks on this net
  No sinks on this net
  No sinks on this net
  No sinks on this net
  No sinks on this net
  No sinks on this net
  No sinks on this net
  No sinks on this net
  No sinks on this net
  No sinks on this net
  No sinks on this net
  No sinks on this net
  No sinks on this net
  No sinks on this net
  No sinks on this net
  No sinks on this net
  No sinks on this net
  No sinks on this net
  No sinks on this net
  No sinks on this net
  No sinks on this net
  No sinks on this net
  No sinks on this net
  No sinks on this net
  No sinks on this net
  No sinks on this net
  No sinks on this net
  No sinks on this net
  No sinks on this net
  No sinks on this net
  No sinks on this net
  No sinks on this net
  No sinks on this net
  No sinks on this net
  No sinks on this net
  No sinks on this net
  No sinks on this net
  No sinks on this net
  No sinks on this net
  No sinks on this net
  No sinks on this net
  No sinks on this net
  No sinks on this net
  No sinks on this net
  No sinks on this net
  No sinks on this net
  No sinks on this net
  No sinks on this net
  No sinks on this net
  No sinks on this net
  No sinks on this net
  No sinks on this net
  No sinks on this net
  No sinks on this net
  No sinks on this net
  No sinks on this net
  No sinks on this net
  No sinks on this net
  No sinks on this net
  No sinks on this net
  No sinks on this net
  No sinks on this net
  No sinks on this net
  No sinks on this net
  No sinks on this net
  No sinks on this net
  No sinks on this net
  No sinks on this net
  No sinks on this net
  No sinks on this net
  No sinks on this net
  No sinks on this net
  No sinks on this net
  No sinks on this net
  No sinks on this net
  No sinks on this net
  No sinks on this net
  No sinks on this net
  No sinks on this net
  No sinks on this net
  No sinks on this net
  No sinks on this net
  No sinks on this net
  No sinks on this net
  No sinks on this net
  No sinks on this net
  No sinks on this net
  No sinks on this net
  No sinks on this net
  No sinks on this net
  No sinks on this net
  No sinks on this net
  No sinks on this net
  No sinks on this net
  No sinks on this net
  No sinks on this net
  No sinks on this net
  No sinks on this net
  No sinks on this net
  No sinks on this net
  No sinks on this net
  No sinks on this net
  No sinks on this net
  No sinks on this net
  No sinks on this net
  No sinks on this net
  No sinks on this net
  No sinks on this net
  No sinks on this net
  No sinks on this net
  No sinks on this net
  No sinks on this net
  No sinks on this net
  No sinks on this net
  No sinks on this net
  No sinks on this net
  No sinks on this net
  No sinks on this net
  No sinks on this net
  No sinks on this net
  No sinks on this net
  No sinks on this net
  No sinks on this net
  No sinks on this net
  No sinks on this net
  No sinks on this net
  No sinks on this net
  No sinks on this net
  No sinks on this net
  No sinks on this net
  No sinks on this net
  No sinks on this net
  No sinks on this net
  No sinks on this net
  No sinks on this net
  No sinks on this net
  No sinks on this net
  No sinks on this net
  No sinks on this net
  No sinks on this net
  No sinks on this net
  No sinks on this net
  No sinks on this net
  No sinks on this net
  No sinks on this net
  No sinks on this net
  No sinks on this net
  No sinks on this net
  No sinks on this net
  No sinks on this net
  No sinks on this net
  No sinks on this net
  No sinks on this net
  No sinks on this net
  No sinks on this net
  No sinks on this net
  No sinks on this net
  No sinks on this net
  No sinks on this net
  No sinks on this net
  No sinks on this net
  No sinks on this net
  No sinks on this net
  No sinks on this net
  No sinks on this net
  No sinks on this net
  No sinks on this net
  No sinks on this net
  No sinks on this net
  No sinks on this net
  No sinks on this net
  No sinks on this net
  No sinks on this net
  No sinks on this net
  No sinks on this net
  No sinks on this net
  No sinks on this net
  No sinks on this net
  No sinks on this net
  No sinks on this net
  No sinks on this net
  No sinks on this net
  No sinks on this net
  No sinks on this net
  No sinks on this net
  No sinks on this net
  No sinks on this net
  No sinks on this net
  No sinks on this net
  No sinks on this net
  No sinks on this net
  No sinks on this net
  No sinks on this net
  No sinks on this net
  No sinks on this net
  No sinks on this net
  No sinks on this net
  No sinks on this net
  No sinks on this net
  No sinks on this net
  No sinks on this net
  No sinks on this net
  No sinks on this net
  No sinks on this net
  No sinks on this net
  No sinks on this net
  No sinks on this net
  No sinks on this net
  No sinks on this net
  No sinks on this net
  No sinks on this net
  No sinks on this net
  No sinks on this net
  No sinks on this net
  No sinks on this net
  No sinks on this net
  No sinks on this net
  No sinks on this net
  No sinks on this net
  No sinks on this net
  No sinks on this net
  No sinks on this net
  No sinks on this net
  No sinks on this net
  No sinks on this net
  No sinks on this net
  No sinks on this net
  No sinks on this net
  No sinks on this net
  No sinks on this net
  No sinks on this net
  No sinks on this net
  No sinks on this net
  No sinks on this net
  No sinks on this net
  No sinks on this net
  No sinks on this net
  No sinks on this net
  No sinks on this net
  No sinks on this net
  No sinks on this net
  No sinks on this net
  No sinks on this net
  No sinks on this net
  No sinks on this net
  No sinks on this net
  No sinks on this net
  No sinks on this net
  No sinks on this net
  No sinks on this net
  No sinks on this net
  No sinks on this net
  No sinks on this net
  No sinks on this net
  No sinks on this net
  No sinks on this net
  No sinks on this net
  No sinks on this net
  No sinks on this net
  No sinks on this net
  No sinks on this net
  No sinks on this net
  No sinks on this net
  No sinks on this net
  No sinks on this net
  No sinks on this net
  No sinks on this net
  No sinks on this net
  No sinks on this net
  No sinks on this net
  No sinks on this net
  No sinks on this net
  No sinks on this net
  No sinks on this net
  No sinks on this net
  No sinks on this net
  No sinks on this net
  No sinks on this net
  No sinks on this net
  No sinks on this net
  No sinks on this net
  No sinks on this net
  No sinks on this net
  No sinks on this net
  No sinks on this net
  No sinks on this net
  No sinks on this net
  No sinks on this net
  No sinks on this net
  No sinks on this net
  No sinks on this net
  No sinks on this net
  No sinks on this net
  No sinks on this net
  No sinks on this net
  No sinks on this net
  No sinks on this net
  No sinks on this net
  No sinks on this net
  No sinks on this net
  No sinks on this net
  No sinks on this net
  No sinks on this net
  No sinks on this net
  No sinks on this net
  No sinks on this net
  No sinks on this net
  No sinks on this net
  No sinks on this net
  No sinks on this net
  No sinks on this net
  No sinks on this net
  No sinks on this net
  No sinks on this net
  No sinks on this net
  No sinks on this net
  No sinks on this net
  No sinks on this net
  No sinks on this net
  No sinks on this net
  No sinks on this net
  No sinks on this net
  No sinks on this net
  No sinks on this net
  No sinks on this net
  No sinks on this net
  No sinks on this net
  No sinks on this net
  No sinks on this net
  No sinks on this net
  No sinks on this net
  No sinks on this net
  No sinks on this net
  No sinks on this net
  No sinks on this net
  No sinks on this net
  No sinks on this net
  No sinks on this net
  No sinks on this net
  No sinks on this net
  No sinks on this net
  No sinks on this net
  No sinks on this net
  No sinks on this net
  No sinks on this net
  No sinks on this net
  No sinks on this net
  No sinks on this net
  No sinks on this net
  No sinks on this net
  No sinks on this net
  No sinks on this net
  No sinks on this net
  No sinks on this net
  No sinks on this net
  No sinks on this net
  No sinks on this net
  No sinks on this net
  No sinks on this net
  No sinks on this net
  No sinks on this net
  No sinks on this net
  No sinks on this net
  No sinks on this net
  No sinks on this net
  No sinks on this net
  No sinks on this net
  No sinks on this net
  No sinks on this net
  No sinks on this net
  No sinks on this net
  No sinks on this net
  No sinks on this net
  No sinks on this net
  No sinks on this net
  No sinks on this net
  No sinks on this net
  No sinks on this net
  No sinks on this net
  No sinks on this net
  No sinks on this net
  No sinks on this net
  No sinks on this net
  No sinks on this net
  No sinks on this net
  No sinks on this net
  No sinks on this net
  No sinks on this net
  No sinks on this net
  No sinks on this net
  No sinks on this net
  No sinks on this net
  No sinks on this net
  No sinks on this net
  No sinks on this net
  No sinks on this net
  No sinks on this net
  No sinks on this net
  No sinks on this net
  No sinks on this net
  No sinks on this net
  No sinks on this net
  No sinks on this net
  No sinks on this net
  No sinks on this net
  No sinks on this net
  No sinks on this net
  No sinks on this net
  No sinks on this net
  No sinks on this net
  No sinks on this net
  No sinks on this net
  No sinks on this net
  No sinks on this net
  No sinks on this net
  No sinks on this net
  No sinks on this net
  No sinks on this net
  No sinks on this net
  No sinks on this net
  No sinks on this net
  No sinks on this net
  No sinks on this net
  No sinks on this net
  No sinks on this net
  No sinks on this net
  No sinks on this net
  No sinks on this net
  No sinks on this net
  No sinks on this net
  No sinks on this net
  No sinks on this net
  No sinks on this net
  No sinks on this net
  No sinks on this net
  No sinks on this net
  No sinks on this net
  No sinks on this net
  No sinks on this net
  No sinks on this net
  No sinks on this net
  No sinks on this net
  No sinks on this net
  No sinks on this net
  No sinks on this net
  No sinks on this net
  No sinks on this net
  No sinks on this net
  No sinks on this net
  No sinks on this net
  No sinks on this net
  No sinks on this net
  No sinks on this net
  No sinks on this net
  No sinks on this net
  No sinks on this net
  No sinks on this net
  No sinks on this net
  No sinks on this net
  No sinks on this net
  No sinks on this net
  No sinks on this net
  No sinks on this net
  No sinks on this net
  No sinks on this net
  No sinks on this net
  No sinks on this net
  No sinks on this net
  No sinks on this net
  No sinks on this net
  No sinks on this net
  No sinks on this net
  No sinks on this net
  No sinks on this net
  No sinks on this net
  No sinks on this net
  No sinks on this net
  No sinks on this net
  No sinks on this net
  No sinks on this net
  No sinks on this net
  No sinks on this net
  No sinks on this net
  No sinks on this net
  No sinks on this net
  No sinks on this net
  No sinks on this net
  No sinks on this net
  No sinks on this net
  No sinks on this net
  No sinks on this net
  No sinks on this net
  No sinks on this net
  No sinks on this net
  No sinks on this net
  No sinks on this net
  No sinks on this net
  No sinks on this net
  No sinks on this net
  No sinks on this net
  No sinks on this net
  No sinks on this net
  No sinks on this net
  No sinks on this net
  No sinks on this net
  No sinks on this net
  No sinks on this net
  No sinks on this net
  No sinks on this net
  No sinks on this net
  No sinks on this net
  No sinks on this net
  No sinks on this net
  No sinks on this net
  No sinks on this net
  No sinks on this net
  No sinks on this net
  No sinks on this net
  No sinks on this net
  No sinks on this net
  No sinks on this net
  No sinks on this net
  No sinks on this net
  No sinks on this net
  No sinks on this net
  No sinks on this net
  No sinks on this net
  No sinks on this net
  No sinks on this net
  No sinks on this net
  No sinks on this net
  No sinks on this net
  No sinks on this net
  No sinks on this net
  No sinks on this net
  No sinks on this net
  No sinks on this net
  No sinks on this net
  No sinks on this net
  No sinks on this net
  No sinks on this net
  No sinks on this net
  No sinks on this net
  No sinks on this net
  No sinks on this net
  No sinks on this net
  No sinks on this net
  No sinks on this net
  No sinks on this net
  No sinks on this net
  No sinks on this net
  No sinks on this net
  No sinks on this net
  No sinks on this net
  No sinks on this net
  No sinks on this net
  No sinks on this net
  No sinks on this net
  No sinks on this net
  No sinks on this net
  No sinks on this net
  No sinks on this net
  No sinks on this net
  No sinks on this net
  No sinks on this net
  No sinks on this net
  No sinks on this net
  No sinks on this net
  No sinks on this net
  No sinks on this net
  No sinks on this net
  No sinks on this net
  No sinks on this net
  No sinks on this net
  No sinks on this net
  No sinks on this net
  No sinks on this net
  No sinks on this net
  No sinks on this net
  No sinks on this net
  No sinks on this net
  No sinks on this net
  No sinks on this net
  No sinks on this net
  No sinks on this net
  No sinks on this net
  No sinks on this net
  No sinks on this net
  No sinks on this net
  No sinks on this net
  No sinks on this net
  No sinks on this net
  No sinks on this net
  No sinks on this net
  No sinks on this net
  No sinks on this net
  No sinks on this net
  No sinks on this net
  No sinks on this net
  No sinks on this net
  No sinks on this net
  No sinks on this net
  No sinks on this net
  No sinks on this net
  No sinks on this net
  No sinks on this net
  No sinks on this net
  No sinks on this net
  No sinks on this net
  No sinks on this net
  No sinks on this net
  No sinks on this net
  No sinks on this net
  No sinks on this net
  No sinks on this net
  No sinks on this net
  No sinks on this net
  No sinks on this net
  No sinks on this net
  No sinks on this net
  No sinks on this net
  No sinks on this net
  No sinks on this net
  No sinks on this net
  No sinks on this net
  No sinks on this net
  No sinks on this net
  No sinks on this net
  No sinks on this net
  No sinks on this net
  No sinks on this net
  No sinks on this net
  No sinks on this net
  No sinks on this net
  No sinks on this net
  No sinks on this net
  No sinks on this net
  No sinks on this net
  No sinks on this net
  No sinks on this net
  No sinks on this net
  No sinks on this net
  No sinks on this net
  No sinks on this net
  No sinks on this net
  No sinks on this net
  No sinks on this net
  No sinks on this net
  No sinks on this net
  No sinks on this net
  No sinks on this net
  No sinks on this net
  No sinks on this net
  No sinks on this net
  No sinks on this net
  No sinks on this net
  No sinks on this net
  No sinks on this net
  No sinks on this net
  No sinks on this net
  No sinks on this net
  No sinks on this net
  No sinks on this net
  No sinks on this net
  No sinks on this net
  No sinks on this net
  No sinks on this net
  No sinks on this net
  No sinks on this net
  No sinks on this net
  No sinks on this net
  No sinks on this net
  No sinks on this net
  No sinks on this net
  No sinks on this net
Number of pins violated: 0
Number of nets violated: 0
Total number of unspecial nets: 817
