
===========================================================================
report_checks -unconstrained
============================================================================
Startpoint: _38355_ (rising edge-triggered flip-flop clocked by core_clk)
Endpoint: mgmt_soc_dff_A[3] (output port clocked by core_clk)
Path Group: core_clk
Path Type: max

Fanout     Cap    Slew   Delay    Time   Description
-----------------------------------------------------------------------------
                  0.15    0.00    0.00   clock core_clk (rise edge)
                          0.00    0.00   clock network delay (ideal)
                  0.15    0.00    0.00 ^ _38355_/CLK (sky130_fd_sc_hd__dfxtp_2)
                  0.16    0.46    0.46 ^ _38355_/Q (sky130_fd_sc_hd__dfxtp_2)
     7    0.03                           grant[1] (net)
                  0.16    0.00    0.46 ^ _16979_/A_N (sky130_fd_sc_hd__and2b_1)
                  0.06    0.24    0.70 v _16979_/X (sky130_fd_sc_hd__and2b_1)
     1    0.01                           _07039_ (net)
                  0.06    0.00    0.70 v _16980_/A (sky130_fd_sc_hd__buf_12)
                  0.07    0.18    0.87 v _16980_/X (sky130_fd_sc_hd__buf_12)
     7    0.11                           _07040_ (net)
                  0.07    0.00    0.88 v _30651_/A (sky130_fd_sc_hd__buf_12)
                  0.19    0.25    1.13 v _30651_/X (sky130_fd_sc_hd__buf_12)
    39    0.39                           _02059_ (net)
                  0.23    0.08    1.20 v _31545_/B (sky130_fd_sc_hd__nor2_8)
                  1.21    1.00    2.20 ^ _31545_/Y (sky130_fd_sc_hd__nor2_8)
    32    0.35                           _02060_ (net)
                  1.22    0.06    2.26 ^ _33553_/S (sky130_fd_sc_hd__mux2_8)
                  0.22    0.64    2.91 v _33553_/X (sky130_fd_sc_hd__mux2_8)
    24    0.28                           _02137_ (net)
                  0.23    0.04    2.95 v _17322_/A (sky130_fd_sc_hd__inv_2)
                  0.06    0.10    3.04 ^ _17322_/Y (sky130_fd_sc_hd__inv_2)
     1    0.00                           net639 (net)
                  0.06    0.00    3.04 ^ repeater1633/A (sky130_fd_sc_hd__clkbuf_1)
                  0.05    0.09    3.13 ^ repeater1633/X (sky130_fd_sc_hd__clkbuf_1)
     1    0.00                           net1633 (net)
                  0.05    0.00    3.13 ^ repeater1632/A (sky130_fd_sc_hd__clkbuf_1)
                  0.05    0.09    3.22 ^ repeater1632/X (sky130_fd_sc_hd__clkbuf_1)
     1    0.00                           net1632 (net)
                  0.05    0.00    3.22 ^ repeater1631/A (sky130_fd_sc_hd__clkbuf_1)
                  0.05    0.09    3.31 ^ repeater1631/X (sky130_fd_sc_hd__clkbuf_1)
     1    0.00                           net1631 (net)
                  0.05    0.00    3.31 ^ repeater1630/A (sky130_fd_sc_hd__clkbuf_1)
                  0.06    0.10    3.41 ^ repeater1630/X (sky130_fd_sc_hd__clkbuf_1)
     1    0.00                           net1630 (net)
                  0.06    0.00    3.41 ^ repeater1629/A (sky130_fd_sc_hd__clkbuf_1)
                  0.06    0.10    3.51 ^ repeater1629/X (sky130_fd_sc_hd__clkbuf_1)
     1    0.00                           net1629 (net)
                  0.06    0.00    3.51 ^ repeater1628/A (sky130_fd_sc_hd__clkbuf_1)
                  0.04    0.08    3.59 ^ repeater1628/X (sky130_fd_sc_hd__clkbuf_1)
     1    0.00                           net1628 (net)
                  0.04    0.00    3.59 ^ repeater1627/A (sky130_fd_sc_hd__clkbuf_1)
                  0.05    0.08    3.68 ^ repeater1627/X (sky130_fd_sc_hd__clkbuf_1)
     1    0.00                           net1627 (net)
                  0.05    0.00    3.68 ^ repeater1626/A (sky130_fd_sc_hd__clkbuf_1)
                  0.05    0.09    3.76 ^ repeater1626/X (sky130_fd_sc_hd__clkbuf_1)
     1    0.00                           net1626 (net)
                  0.05    0.00    3.76 ^ repeater1625/A (sky130_fd_sc_hd__clkbuf_1)
                  0.05    0.09    3.85 ^ repeater1625/X (sky130_fd_sc_hd__clkbuf_1)
     1    0.00                           net1625 (net)
                  0.05    0.00    3.85 ^ repeater1624/A (sky130_fd_sc_hd__clkbuf_1)
                  0.05    0.09    3.94 ^ repeater1624/X (sky130_fd_sc_hd__clkbuf_1)
     1    0.00                           net1624 (net)
                  0.05    0.00    3.94 ^ repeater1623/A (sky130_fd_sc_hd__clkbuf_1)
                  0.05    0.09    4.03 ^ repeater1623/X (sky130_fd_sc_hd__clkbuf_1)
     1    0.00                           net1623 (net)
                  0.05    0.00    4.03 ^ repeater1622/A (sky130_fd_sc_hd__clkbuf_1)
                  0.05    0.09    4.12 ^ repeater1622/X (sky130_fd_sc_hd__clkbuf_1)
     1    0.00                           net1622 (net)
                  0.05    0.00    4.12 ^ repeater1621/A (sky130_fd_sc_hd__clkbuf_1)
                  0.05    0.09    4.21 ^ repeater1621/X (sky130_fd_sc_hd__clkbuf_1)
     1    0.00                           net1621 (net)
                  0.05    0.00    4.21 ^ repeater1620/A (sky130_fd_sc_hd__clkbuf_1)
                  0.04    0.08    4.29 ^ repeater1620/X (sky130_fd_sc_hd__clkbuf_1)
     1    0.00                           net1620 (net)
                  0.04    0.00    4.29 ^ repeater1619/A (sky130_fd_sc_hd__clkbuf_1)
                  0.08    0.11    4.41 ^ repeater1619/X (sky130_fd_sc_hd__clkbuf_1)
     2    0.01                           net1619 (net)
                  0.08    0.00    4.41 ^ repeater1618/A (sky130_fd_sc_hd__clkbuf_1)
                  0.10    0.14    4.54 ^ repeater1618/X (sky130_fd_sc_hd__clkbuf_1)
     1    0.01                           net1618 (net)
                  0.10    0.00    4.55 ^ repeater1605/A (sky130_fd_sc_hd__clkbuf_1)
                  0.11    0.15    4.70 ^ repeater1605/X (sky130_fd_sc_hd__clkbuf_1)
     1    0.01                           net1605 (net)
                  0.11    0.00    4.70 ^ repeater1604/A (sky130_fd_sc_hd__clkbuf_1)
                  0.13    0.16    4.86 ^ repeater1604/X (sky130_fd_sc_hd__clkbuf_1)
     1    0.01                           net1604 (net)
                  0.13    0.00    4.86 ^ repeater1603/A (sky130_fd_sc_hd__clkbuf_1)
                  0.12    0.17    5.03 ^ repeater1603/X (sky130_fd_sc_hd__clkbuf_1)
     1    0.01                           net1603 (net)
                  0.12    0.00    5.03 ^ repeater1602/A (sky130_fd_sc_hd__clkbuf_1)
                  0.12    0.17    5.20 ^ repeater1602/X (sky130_fd_sc_hd__clkbuf_1)
     1    0.01                           net1602 (net)
                  0.12    0.00    5.20 ^ repeater1601/A (sky130_fd_sc_hd__clkbuf_1)
                  0.12    0.16    5.36 ^ repeater1601/X (sky130_fd_sc_hd__clkbuf_1)
     1    0.01                           net1601 (net)
                  0.12    0.00    5.36 ^ repeater1600/A (sky130_fd_sc_hd__clkbuf_1)
                  0.13    0.17    5.53 ^ repeater1600/X (sky130_fd_sc_hd__clkbuf_1)
     2    0.01                           net1600 (net)
                  0.13    0.00    5.53 ^ repeater1599/A (sky130_fd_sc_hd__clkbuf_1)
                  0.05    0.11    5.64 ^ repeater1599/X (sky130_fd_sc_hd__clkbuf_1)
     1    0.00                           net1599 (net)
                  0.05    0.00    5.64 ^ repeater1598/A (sky130_fd_sc_hd__clkbuf_1)
                  0.07    0.10    5.74 ^ repeater1598/X (sky130_fd_sc_hd__clkbuf_1)
     1    0.01                           net1598 (net)
                  0.07    0.00    5.74 ^ repeater1597/A (sky130_fd_sc_hd__clkbuf_1)
                  0.08    0.12    5.86 ^ repeater1597/X (sky130_fd_sc_hd__clkbuf_1)
     1    0.01                           net1597 (net)
                  0.08    0.00    5.86 ^ repeater1596/A (sky130_fd_sc_hd__clkbuf_1)
                  0.07    0.11    5.98 ^ repeater1596/X (sky130_fd_sc_hd__clkbuf_1)
     1    0.01                           net1596 (net)
                  0.07    0.00    5.98 ^ repeater1595/A (sky130_fd_sc_hd__clkbuf_1)
                  0.08    0.12    6.09 ^ repeater1595/X (sky130_fd_sc_hd__clkbuf_1)
     1    0.01                           net1595 (net)
                  0.08    0.00    6.09 ^ repeater1594/A (sky130_fd_sc_hd__clkbuf_1)
                  0.08    0.12    6.21 ^ repeater1594/X (sky130_fd_sc_hd__clkbuf_1)
     1    0.01                           net1594 (net)
                  0.08    0.00    6.21 ^ repeater1593/A (sky130_fd_sc_hd__clkbuf_1)
                  0.07    0.11    6.32 ^ repeater1593/X (sky130_fd_sc_hd__clkbuf_1)
     1    0.00                           net1593 (net)
                  0.07    0.00    6.32 ^ repeater1592/A (sky130_fd_sc_hd__clkbuf_1)
                  0.08    0.11    6.44 ^ repeater1592/X (sky130_fd_sc_hd__clkbuf_1)
     2    0.01                           net1592 (net)
                  0.08    0.00    6.44 ^ repeater1591/A (sky130_fd_sc_hd__clkbuf_1)
                  0.05    0.10    6.53 ^ repeater1591/X (sky130_fd_sc_hd__clkbuf_1)
     1    0.00                           net1591 (net)
                  0.05    0.00    6.53 ^ repeater1590/A (sky130_fd_sc_hd__clkbuf_1)
                  0.07    0.10    6.63 ^ repeater1590/X (sky130_fd_sc_hd__clkbuf_1)
     1    0.00                           net1590 (net)
                  0.07    0.00    6.63 ^ repeater1589/A (sky130_fd_sc_hd__clkbuf_1)
                  0.04    0.09    6.72 ^ repeater1589/X (sky130_fd_sc_hd__clkbuf_1)
     1    0.00                           net1589 (net)
                  0.04    0.00    6.72 ^ repeater1588/A (sky130_fd_sc_hd__clkbuf_1)
                  0.06    0.10    6.82 ^ repeater1588/X (sky130_fd_sc_hd__clkbuf_1)
     1    0.00                           net1588 (net)
                  0.06    0.00    6.82 ^ repeater1587/A (sky130_fd_sc_hd__clkbuf_1)
                  0.05    0.10    6.91 ^ repeater1587/X (sky130_fd_sc_hd__clkbuf_1)
     1    0.00                           net1587 (net)
                  0.05    0.00    6.91 ^ repeater1586/A (sky130_fd_sc_hd__clkbuf_1)
                  0.05    0.09    7.00 ^ repeater1586/X (sky130_fd_sc_hd__clkbuf_1)
     1    0.00                           net1586 (net)
                  0.05    0.00    7.00 ^ repeater1585/A (sky130_fd_sc_hd__clkbuf_1)
                  0.04    0.08    7.08 ^ repeater1585/X (sky130_fd_sc_hd__clkbuf_1)
     1    0.00                           net1585 (net)
                  0.04    0.00    7.08 ^ repeater1584/A (sky130_fd_sc_hd__clkbuf_1)
                  0.05    0.08    7.17 ^ repeater1584/X (sky130_fd_sc_hd__clkbuf_1)
     1    0.00                           net1584 (net)
                  0.05    0.00    7.17 ^ repeater1583/A (sky130_fd_sc_hd__clkbuf_1)
                  0.04    0.08    7.25 ^ repeater1583/X (sky130_fd_sc_hd__clkbuf_1)
     1    0.00                           net1583 (net)
                  0.04    0.00    7.25 ^ repeater1582/A (sky130_fd_sc_hd__clkbuf_1)
                  0.04    0.08    7.33 ^ repeater1582/X (sky130_fd_sc_hd__clkbuf_1)
     1    0.00                           net1582 (net)
                  0.04    0.00    7.33 ^ repeater1581/A (sky130_fd_sc_hd__clkbuf_1)
                  0.04    0.08    7.41 ^ repeater1581/X (sky130_fd_sc_hd__clkbuf_1)
     1    0.00                           net1581 (net)
                  0.04    0.00    7.41 ^ repeater1580/A (sky130_fd_sc_hd__clkbuf_1)
                  0.04    0.08    7.49 ^ repeater1580/X (sky130_fd_sc_hd__clkbuf_1)
     1    0.00                           net1580 (net)
                  0.04    0.00    7.49 ^ repeater1579/A (sky130_fd_sc_hd__clkbuf_1)
                  0.04    0.08    7.57 ^ repeater1579/X (sky130_fd_sc_hd__clkbuf_1)
     1    0.00                           net1579 (net)
                  0.04    0.00    7.57 ^ repeater1578/A (sky130_fd_sc_hd__clkbuf_1)
                  0.04    0.08    7.65 ^ repeater1578/X (sky130_fd_sc_hd__clkbuf_1)
     1    0.00                           net1578 (net)
                  0.04    0.00    7.65 ^ repeater1577/A (sky130_fd_sc_hd__clkbuf_1)
                  0.04    0.08    7.72 ^ repeater1577/X (sky130_fd_sc_hd__clkbuf_1)
     1    0.00                           net1577 (net)
                  0.04    0.00    7.72 ^ repeater1576/A (sky130_fd_sc_hd__clkbuf_1)
                  0.04    0.08    7.80 ^ repeater1576/X (sky130_fd_sc_hd__clkbuf_1)
     1    0.00                           net1576 (net)
                  0.04    0.00    7.80 ^ repeater1575/A (sky130_fd_sc_hd__clkbuf_1)
                  0.05    0.09    7.89 ^ repeater1575/X (sky130_fd_sc_hd__clkbuf_1)
     1    0.00                           net1575 (net)
                  0.05    0.00    7.89 ^ repeater1574/A (sky130_fd_sc_hd__clkbuf_1)
                  0.04    0.08    7.97 ^ repeater1574/X (sky130_fd_sc_hd__clkbuf_1)
     1    0.00                           net1574 (net)
                  0.04    0.00    7.97 ^ repeater1573/A (sky130_fd_sc_hd__clkbuf_1)
                  0.05    0.08    8.05 ^ repeater1573/X (sky130_fd_sc_hd__clkbuf_1)
     1    0.00                           net1573 (net)
                  0.05    0.00    8.05 ^ repeater1572/A (sky130_fd_sc_hd__clkbuf_1)
                  0.05    0.09    8.14 ^ repeater1572/X (sky130_fd_sc_hd__clkbuf_1)
     1    0.00                           net1572 (net)
                  0.05    0.00    8.14 ^ repeater1571/A (sky130_fd_sc_hd__clkbuf_1)
                  0.05    0.09    8.23 ^ repeater1571/X (sky130_fd_sc_hd__clkbuf_1)
     1    0.00                           net1571 (net)
                  0.05    0.00    8.23 ^ repeater1570/A (sky130_fd_sc_hd__clkbuf_1)
                  0.06    0.09    8.32 ^ repeater1570/X (sky130_fd_sc_hd__clkbuf_1)
     1    0.00                           net1570 (net)
                  0.06    0.00    8.32 ^ repeater1569/A (sky130_fd_sc_hd__clkbuf_1)
                  0.05    0.09    8.41 ^ repeater1569/X (sky130_fd_sc_hd__clkbuf_1)
     1    0.00                           net1569 (net)
                  0.05    0.00    8.41 ^ repeater1568/A (sky130_fd_sc_hd__clkbuf_1)
                  0.05    0.09    8.50 ^ repeater1568/X (sky130_fd_sc_hd__clkbuf_1)
     1    0.00                           net1568 (net)
                  0.05    0.00    8.50 ^ repeater1567/A (sky130_fd_sc_hd__clkbuf_1)
                  0.06    0.10    8.60 ^ repeater1567/X (sky130_fd_sc_hd__clkbuf_1)
     1    0.00                           net1567 (net)
                  0.06    0.00    8.60 ^ repeater1566/A (sky130_fd_sc_hd__clkbuf_1)
                  0.06    0.10    8.70 ^ repeater1566/X (sky130_fd_sc_hd__clkbuf_1)
     1    0.00                           net1566 (net)
                  0.06    0.00    8.70 ^ repeater1565/A (sky130_fd_sc_hd__clkbuf_1)
                  0.05    0.09    8.79 ^ repeater1565/X (sky130_fd_sc_hd__clkbuf_1)
     1    0.00                           net1565 (net)
                  0.05    0.00    8.79 ^ repeater1564/A (sky130_fd_sc_hd__clkbuf_1)
                  0.04    0.08    8.87 ^ repeater1564/X (sky130_fd_sc_hd__clkbuf_1)
     1    0.00                           net1564 (net)
                  0.04    0.00    8.87 ^ repeater1563/A (sky130_fd_sc_hd__clkbuf_1)
                  0.04    0.08    8.95 ^ repeater1563/X (sky130_fd_sc_hd__clkbuf_1)
     1    0.00                           net1563 (net)
                  0.04    0.00    8.95 ^ repeater1562/A (sky130_fd_sc_hd__clkbuf_1)
                  0.04    0.08    9.03 ^ repeater1562/X (sky130_fd_sc_hd__clkbuf_1)
     1    0.00                           net1562 (net)
                  0.04    0.00    9.03 ^ repeater1561/A (sky130_fd_sc_hd__clkbuf_1)
                  0.05    0.08    9.11 ^ repeater1561/X (sky130_fd_sc_hd__clkbuf_1)
     1    0.00                           net1561 (net)
                  0.05    0.00    9.11 ^ repeater1560/A (sky130_fd_sc_hd__clkbuf_1)
                  0.10    0.13    9.24 ^ repeater1560/X (sky130_fd_sc_hd__clkbuf_1)
     2    0.01                           net1560 (net)
                  0.10    0.00    9.24 ^ repeater1559/A (sky130_fd_sc_hd__clkbuf_1)
                  0.06    0.11    9.35 ^ repeater1559/X (sky130_fd_sc_hd__clkbuf_1)
     1    0.00                           net1559 (net)
                  0.06    0.00    9.35 ^ repeater1558/A (sky130_fd_sc_hd__clkbuf_1)
                  0.05    0.09    9.44 ^ repeater1558/X (sky130_fd_sc_hd__clkbuf_1)
     1    0.00                           net1558 (net)
                  0.05    0.00    9.44 ^ repeater1557/A (sky130_fd_sc_hd__clkbuf_1)
                  0.05    0.09    9.52 ^ repeater1557/X (sky130_fd_sc_hd__clkbuf_1)
     1    0.00                           net1557 (net)
                  0.05    0.00    9.52 ^ repeater1556/A (sky130_fd_sc_hd__clkbuf_1)
                  0.05    0.09    9.62 ^ repeater1556/X (sky130_fd_sc_hd__clkbuf_1)
     1    0.00                           net1556 (net)
                  0.05    0.00    9.62 ^ repeater1555/A (sky130_fd_sc_hd__clkbuf_1)
                  0.05    0.09    9.71 ^ repeater1555/X (sky130_fd_sc_hd__clkbuf_1)
     1    0.00                           net1555 (net)
                  0.05    0.00    9.71 ^ repeater1554/A (sky130_fd_sc_hd__clkbuf_1)
                  0.05    0.09    9.80 ^ repeater1554/X (sky130_fd_sc_hd__clkbuf_1)
     1    0.00                           net1554 (net)
                  0.05    0.00    9.80 ^ repeater1553/A (sky130_fd_sc_hd__clkbuf_1)
                  0.05    0.09    9.89 ^ repeater1553/X (sky130_fd_sc_hd__clkbuf_1)
     1    0.00                           net1553 (net)
                  0.05    0.00    9.89 ^ repeater1552/A (sky130_fd_sc_hd__clkbuf_1)
                  0.04    0.08    9.97 ^ repeater1552/X (sky130_fd_sc_hd__clkbuf_1)
     1    0.00                           net1552 (net)
                  0.04    0.00    9.97 ^ repeater1551/A (sky130_fd_sc_hd__clkbuf_1)
                  0.08    0.11   10.07 ^ repeater1551/X (sky130_fd_sc_hd__clkbuf_1)
     2    0.01                           net1551 (net)
                  0.08    0.00   10.07 ^ repeater1550/A (sky130_fd_sc_hd__clkbuf_1)
                  0.12    0.15   10.22 ^ repeater1550/X (sky130_fd_sc_hd__clkbuf_1)
     1    0.01                           net1550 (net)
                  0.12    0.00   10.22 ^ repeater1549/A (sky130_fd_sc_hd__clkbuf_2)
                  0.13    0.20   10.42 ^ repeater1549/X (sky130_fd_sc_hd__clkbuf_2)
     1    0.02                           net1549 (net)
                  0.13    0.00   10.42 ^ repeater1548/A (sky130_fd_sc_hd__clkbuf_2)
                  0.13    0.20   10.62 ^ repeater1548/X (sky130_fd_sc_hd__clkbuf_2)
     1    0.02                           net1548 (net)
                  0.13    0.00   10.62 ^ repeater1547/A (sky130_fd_sc_hd__clkbuf_2)
                  0.12    0.20   10.82 ^ repeater1547/X (sky130_fd_sc_hd__clkbuf_2)
     1    0.02                           net1547 (net)
                  0.12    0.00   10.82 ^ repeater1546/A (sky130_fd_sc_hd__clkbuf_2)
                  0.14    0.21   11.03 ^ repeater1546/X (sky130_fd_sc_hd__clkbuf_2)
     1    0.03                           net1546 (net)
                  0.14    0.00   11.04 ^ repeater1545/A (sky130_fd_sc_hd__clkbuf_2)
                  0.11    0.19   11.23 ^ repeater1545/X (sky130_fd_sc_hd__clkbuf_2)
     1    0.02                           net1545 (net)
                  0.11    0.00   11.23 ^ repeater1544/A (sky130_fd_sc_hd__clkbuf_2)
                  0.11    0.18   11.41 ^ repeater1544/X (sky130_fd_sc_hd__clkbuf_2)
     1    0.02                           net1544 (net)
                  0.11    0.00   11.42 ^ repeater1543/A (sky130_fd_sc_hd__clkbuf_2)
                  0.11    0.18   11.60 ^ repeater1543/X (sky130_fd_sc_hd__clkbuf_2)
     1    0.02                           net1543 (net)
                  0.11    0.00   11.60 ^ repeater1542/A (sky130_fd_sc_hd__clkbuf_2)
                  0.31    0.32   11.93 ^ repeater1542/X (sky130_fd_sc_hd__clkbuf_2)
     1    0.06                           net1542 (net)
                  0.31    0.01   11.94 ^ repeater1541/A (sky130_fd_sc_hd__clkbuf_2)
                  0.05    0.19   12.12 ^ repeater1541/X (sky130_fd_sc_hd__clkbuf_2)
     2    0.01                           net1541 (net)
                  0.05    0.00   12.12 ^ repeater1540/A (sky130_fd_sc_hd__clkbuf_1)
                  0.07    0.11   12.23 ^ repeater1540/X (sky130_fd_sc_hd__clkbuf_1)
     1    0.00                           net1540 (net)
                  0.07    0.00   12.23 ^ repeater1539/A (sky130_fd_sc_hd__clkbuf_1)
                  0.06    0.10   12.33 ^ repeater1539/X (sky130_fd_sc_hd__clkbuf_1)
     1    0.00                           net1539 (net)
                  0.06    0.00   12.33 ^ repeater1538/A (sky130_fd_sc_hd__clkbuf_1)
                  0.05    0.09   12.42 ^ repeater1538/X (sky130_fd_sc_hd__clkbuf_1)
     1    0.00                           net1538 (net)
                  0.05    0.00   12.42 ^ repeater1537/A (sky130_fd_sc_hd__clkbuf_1)
                  0.04    0.08   12.51 ^ repeater1537/X (sky130_fd_sc_hd__clkbuf_1)
     1    0.00                           net1537 (net)
                  0.04    0.00   12.51 ^ repeater1536/A (sky130_fd_sc_hd__clkbuf_1)
                  0.05    0.08   12.59 ^ repeater1536/X (sky130_fd_sc_hd__clkbuf_1)
     1    0.00                           net1536 (net)
                  0.05    0.00   12.59 ^ repeater1535/A (sky130_fd_sc_hd__clkbuf_1)
                  0.04    0.08   12.67 ^ repeater1535/X (sky130_fd_sc_hd__clkbuf_1)
     1    0.00                           net1535 (net)
                  0.04    0.00   12.67 ^ repeater1534/A (sky130_fd_sc_hd__clkbuf_1)
                  0.04    0.08   12.75 ^ repeater1534/X (sky130_fd_sc_hd__clkbuf_1)
     1    0.00                           net1534 (net)
                  0.04    0.00   12.75 ^ repeater1533/A (sky130_fd_sc_hd__clkbuf_1)
                  0.05    0.08   12.84 ^ repeater1533/X (sky130_fd_sc_hd__clkbuf_1)
     1    0.00                           net1533 (net)
                  0.05    0.00   12.84 ^ repeater1532/A (sky130_fd_sc_hd__clkbuf_1)
                  0.05    0.08   12.92 ^ repeater1532/X (sky130_fd_sc_hd__clkbuf_1)
     1    0.00                           net1532 (net)
                  0.05    0.00   12.92 ^ repeater1531/A (sky130_fd_sc_hd__clkbuf_1)
                  0.05    0.09   13.01 ^ repeater1531/X (sky130_fd_sc_hd__clkbuf_1)
     1    0.00                           net1531 (net)
                  0.05    0.00   13.01 ^ repeater1530/A (sky130_fd_sc_hd__clkbuf_1)
                  0.04    0.08   13.09 ^ repeater1530/X (sky130_fd_sc_hd__clkbuf_1)
     1    0.00                           net1530 (net)
                  0.04    0.00   13.09 ^ repeater1529/A (sky130_fd_sc_hd__clkbuf_1)
                  0.04    0.08   13.17 ^ repeater1529/X (sky130_fd_sc_hd__clkbuf_1)
     1    0.00                           net1529 (net)
                  0.04    0.00   13.17 ^ repeater1528/A (sky130_fd_sc_hd__clkbuf_1)
                  0.05    0.09   13.26 ^ repeater1528/X (sky130_fd_sc_hd__clkbuf_1)
     1    0.00                           net1528 (net)
                  0.05    0.00   13.27 ^ repeater1527/A (sky130_fd_sc_hd__clkbuf_1)
                  0.05    0.09   13.36 ^ repeater1527/X (sky130_fd_sc_hd__clkbuf_1)
     1    0.00                           net1527 (net)
                  0.05    0.00   13.36 ^ repeater1526/A (sky130_fd_sc_hd__clkbuf_1)
                  0.05    0.09   13.45 ^ repeater1526/X (sky130_fd_sc_hd__clkbuf_1)
     1    0.00                           net1526 (net)
                  0.05    0.00   13.45 ^ repeater1525/A (sky130_fd_sc_hd__clkbuf_1)
                  0.05    0.09   13.53 ^ repeater1525/X (sky130_fd_sc_hd__clkbuf_1)
     1    0.00                           net1525 (net)
                  0.05    0.00   13.53 ^ repeater1524/A (sky130_fd_sc_hd__clkbuf_1)
                  0.04    0.08   13.62 ^ repeater1524/X (sky130_fd_sc_hd__clkbuf_1)
     1    0.00                           net1524 (net)
                  0.04    0.00   13.62 ^ repeater1523/A (sky130_fd_sc_hd__clkbuf_1)
                  0.04    0.08   13.70 ^ repeater1523/X (sky130_fd_sc_hd__clkbuf_1)
     1    0.00                           net1523 (net)
                  0.04    0.00   13.70 ^ output639/A (sky130_fd_sc_hd__clkbuf_4)
                  0.11    0.20   13.90 ^ output639/X (sky130_fd_sc_hd__clkbuf_4)
     1    0.03                           mgmt_soc_dff_A[3] (net)
                  0.11    0.00   13.90 ^ mgmt_soc_dff_A[3] (out)
                                 13.90   data arrival time

                  0.15   25.00   25.00   clock core_clk (rise edge)
                          0.00   25.00   clock network delay (ideal)
                         -0.25   24.75   clock uncertainty
                          0.00   24.75   clock reconvergence pessimism
                         -5.00   19.75   output external delay
                                 19.75   data required time
-----------------------------------------------------------------------------
                                 19.75   data required time
                                -13.90   data arrival time
-----------------------------------------------------------------------------
                                  5.85   slack (MET)



===========================================================================
report_checks --slack_max -0.01
============================================================================
No paths found.
