
===========================================================================
report_checks -unconstrained
============================================================================
Startpoint: sky130_sram_2kbyte_1rw1r_32x512_8
            (falling edge-triggered flip-flop clocked by core_clk)
Endpoint: _29621_ (rising edge-triggered flip-flop clocked by core_clk)
Path Group: core_clk
Path Type: max

Fanout     Cap    Slew   Delay    Time   Description
-----------------------------------------------------------------------------
                         15.00   15.00   clock core_clk (fall edge)
                          0.00   15.00   clock source latency
                  1.10    0.87   15.87 v core_clk (in)
     2    0.24                           core_clk (net)
                  1.10    0.00   15.87 v clkbuf_0_core_clk/A (sky130_fd_sc_hd__clkbuf_16)
                  0.06    0.53   16.40 v clkbuf_0_core_clk/X (sky130_fd_sc_hd__clkbuf_16)
     4    0.02                           clknet_0_core_clk (net)
                  0.06    0.00   16.40 v clkbuf_1_0_0_core_clk/A (sky130_fd_sc_hd__clkbuf_4)
                  0.04    0.16   16.55 v clkbuf_1_0_0_core_clk/X (sky130_fd_sc_hd__clkbuf_4)
     1    0.01                           clknet_1_0_0_core_clk (net)
                  0.04    0.00   16.55 v clkbuf_1_0_1_core_clk/A (sky130_fd_sc_hd__clkbuf_4)
                  0.04    0.14   16.70 v clkbuf_1_0_1_core_clk/X (sky130_fd_sc_hd__clkbuf_4)
     1    0.01                           clknet_1_0_1_core_clk (net)
                  0.04    0.00   16.70 v clkbuf_1_0_2_core_clk/A (sky130_fd_sc_hd__clkbuf_4)
                  0.04    0.14   16.84 v clkbuf_1_0_2_core_clk/X (sky130_fd_sc_hd__clkbuf_4)
     1    0.01                           clknet_1_0_2_core_clk (net)
                  0.04    0.00   16.84 v clkbuf_1_0_3_core_clk/A (sky130_fd_sc_hd__clkbuf_4)
                  0.02    0.13   16.97 v clkbuf_1_0_3_core_clk/X (sky130_fd_sc_hd__clkbuf_4)
     1    0.00                           clknet_1_0_3_core_clk (net)
                  0.02    0.00   16.97 v clkbuf_1_0_4_core_clk/A (sky130_fd_sc_hd__clkbuf_4)
                  0.23    0.28   17.25 v clkbuf_1_0_4_core_clk/X (sky130_fd_sc_hd__clkbuf_4)
     4    0.11                           clknet_1_0_4_core_clk (net)
                  0.23    0.03   17.28 v clkbuf_2_1_0_core_clk/A (sky130_fd_sc_hd__clkbuf_4)
                  0.03    0.22   17.50 v clkbuf_2_1_0_core_clk/X (sky130_fd_sc_hd__clkbuf_4)
     1    0.00                           clknet_2_1_0_core_clk (net)
                  0.03    0.00   17.50 v clkbuf_2_1_1_core_clk/A (sky130_fd_sc_hd__clkbuf_4)
                  0.09    0.20   17.70 v clkbuf_2_1_1_core_clk/X (sky130_fd_sc_hd__clkbuf_4)
     4    0.04                           clknet_2_1_1_core_clk (net)
                  0.09    0.00   17.70 v clkbuf_3_2_0_core_clk/A (sky130_fd_sc_hd__clkbuf_4)
                  0.04    0.17   17.87 v clkbuf_3_2_0_core_clk/X (sky130_fd_sc_hd__clkbuf_4)
     1    0.01                           clknet_3_2_0_core_clk (net)
                  0.04    0.00   17.88 v clkbuf_3_2_1_core_clk/A (sky130_fd_sc_hd__clkbuf_4)
                  0.03    0.14   18.02 v clkbuf_3_2_1_core_clk/X (sky130_fd_sc_hd__clkbuf_4)
     1    0.01                           clknet_3_2_1_core_clk (net)
                  0.03    0.00   18.02 v clkbuf_3_2_2_core_clk/A (sky130_fd_sc_hd__clkbuf_4)
                  0.08    0.19   18.20 v clkbuf_3_2_2_core_clk/X (sky130_fd_sc_hd__clkbuf_4)
     4    0.04                           clknet_3_2_2_core_clk (net)
                  0.08    0.01   18.21 v clkbuf_4_4_0_core_clk/A (sky130_fd_sc_hd__clkbuf_4)
                  0.05    0.18   18.39 v clkbuf_4_4_0_core_clk/X (sky130_fd_sc_hd__clkbuf_4)
     2    0.02                           clknet_4_4_0_core_clk (net)
                  0.05    0.00   18.39 v clkbuf_5_9_0_core_clk/A (sky130_fd_sc_hd__clkbuf_4)
                  0.03    0.14   18.53 v clkbuf_5_9_0_core_clk/X (sky130_fd_sc_hd__clkbuf_4)
     1    0.01                           clknet_5_9_0_core_clk (net)
                  0.03    0.00   18.53 v clkbuf_5_9_1_core_clk/A (sky130_fd_sc_hd__clkbuf_4)
                  0.35    0.39   18.93 v clkbuf_5_9_1_core_clk/X (sky130_fd_sc_hd__clkbuf_4)
    26    0.18                           clknet_5_9_1_core_clk (net)
                  0.35    0.02   18.94 v clkbuf_opt_26_0_core_clk/A (sky130_fd_sc_hd__clkbuf_16)
                  0.04    0.29   19.23 v clkbuf_opt_26_0_core_clk/X (sky130_fd_sc_hd__clkbuf_16)
     1    0.01                           clknet_opt_26_0_core_clk (net)
                  0.04    0.00   19.23 v clkbuf_opt_26_1_core_clk/A (sky130_fd_sc_hd__clkbuf_16)
                  0.04    0.15   19.38 v clkbuf_opt_26_1_core_clk/X (sky130_fd_sc_hd__clkbuf_16)
     2    0.02                           clknet_opt_26_1_core_clk (net)
                  0.04    0.00   19.39 v clkbuf_leaf_15_core_clk/A (sky130_fd_sc_hd__clkbuf_16)
                  0.05    0.17   19.55 v clkbuf_leaf_15_core_clk/X (sky130_fd_sc_hd__clkbuf_16)
    14    0.05                           clknet_leaf_15_core_clk (net)
                  0.07    0.00   19.56 v sky130_sram_2kbyte_1rw1r_32x512_8/clk0 (sky130_sram_2kbyte_1rw1r_32x512_8)
                  0.00    0.42   19.98 v sky130_sram_2kbyte_1rw1r_32x512_8/dout0[15] (sky130_sram_2kbyte_1rw1r_32x512_8)
     1    0.01                           sram_bus_dat_r[15] (net)
                  0.00    0.00   19.98 v repeater2142/A (sky130_fd_sc_hd__clkbuf_2)
                  0.93    0.64   20.62 v repeater2142/X (sky130_fd_sc_hd__clkbuf_2)
     2    0.25                           net2142 (net)
                  0.99    0.19   20.81 v _22855_/B2 (sky130_fd_sc_hd__a221o_4)
                  0.35    1.06   21.86 v _22855_/X (sky130_fd_sc_hd__a221o_4)
     2    0.25                           _11220_ (net)
                  0.36    0.04   21.91 v _22858_/B1 (sky130_fd_sc_hd__a2111o_4)
                  0.28    0.77   22.68 v _22858_/X (sky130_fd_sc_hd__a2111o_4)
     8    0.15                           VexRiscv.IBusSimplePlugin_rspJoin_rspBuffer_c.io_push_payload_inst[15] (net)
                  0.32    0.08   22.76 v _28158_/A0 (sky130_fd_sc_hd__mux2_2)
                  0.08    0.44   23.19 v _28158_/X (sky130_fd_sc_hd__mux2_2)
     1    0.02                           _02368_ (net)
                  0.08    0.00   23.19 v _25575_/A (sky130_fd_sc_hd__clkinv_2)
                  0.11    0.12   23.32 ^ _25575_/Y (sky130_fd_sc_hd__clkinv_2)
     2    0.03                           _02369_ (net)
                  0.11    0.00   23.32 ^ _28157_/A0 (sky130_fd_sc_hd__mux2_8)
                  0.59    0.55   23.87 ^ _28157_/X (sky130_fd_sc_hd__mux2_8)
    60    0.36                           _02370_ (net)
                  0.59    0.05   23.93 ^ repeater792/A (sky130_fd_sc_hd__buf_12)
                  0.51    0.42   24.35 ^ repeater792/X (sky130_fd_sc_hd__buf_12)
    82    0.47                           net792 (net)
                  0.71    0.27   24.62 ^ repeater791/A (sky130_fd_sc_hd__buf_12)
                  0.44    0.35   24.97 ^ repeater791/X (sky130_fd_sc_hd__buf_12)
    76    0.44                           net791 (net)
                  0.80    0.36   25.33 ^ _28826_/S0 (sky130_fd_sc_hd__mux4_1)
                  0.11    0.72   26.05 v _28826_/X (sky130_fd_sc_hd__mux4_1)
     1    0.01                           _02572_ (net)
                  0.11    0.00   26.05 v _28827_/A3 (sky130_fd_sc_hd__mux4_2)
                  0.38    0.88   26.93 v _28827_/X (sky130_fd_sc_hd__mux4_2)
     2    0.14                           _02573_ (net)
                  0.38    0.01   26.95 v _27537_/A0 (sky130_fd_sc_hd__mux2_8)
                  0.18    0.56   27.50 v _27537_/X (sky130_fd_sc_hd__mux2_8)
     2    0.17                           VexRiscv.RegFilePlugin_regFile$rdreg[1]$d[19] (net)
                  0.26    0.10   27.60 v _29621_/D (sky130_fd_sc_hd__dfxtp_1)
                                 27.60   data arrival time

                         30.00   30.00   clock core_clk (rise edge)
                          0.00   30.00   clock source latency
                  1.96    1.33   31.33 ^ core_clk (in)
     2    0.24                           core_clk (net)
                  1.96    0.00   31.33 ^ clkbuf_0_core_clk/A (sky130_fd_sc_hd__clkbuf_16)
                  0.09    0.36   31.69 ^ clkbuf_0_core_clk/X (sky130_fd_sc_hd__clkbuf_16)
     4    0.02                           clknet_0_core_clk (net)
                  0.09    0.00   31.69 ^ clkbuf_1_1_0_core_clk/A (sky130_fd_sc_hd__clkbuf_4)
                  0.05    0.14   31.83 ^ clkbuf_1_1_0_core_clk/X (sky130_fd_sc_hd__clkbuf_4)
     1    0.01                           clknet_1_1_0_core_clk (net)
                  0.05    0.00   31.83 ^ clkbuf_1_1_1_core_clk/A (sky130_fd_sc_hd__clkbuf_4)
                  0.05    0.13   31.96 ^ clkbuf_1_1_1_core_clk/X (sky130_fd_sc_hd__clkbuf_4)
     1    0.01                           clknet_1_1_1_core_clk (net)
                  0.05    0.00   31.96 ^ clkbuf_1_1_2_core_clk/A (sky130_fd_sc_hd__clkbuf_4)
                  0.05    0.13   32.09 ^ clkbuf_1_1_2_core_clk/X (sky130_fd_sc_hd__clkbuf_4)
     1    0.01                           clknet_1_1_2_core_clk (net)
                  0.05    0.00   32.09 ^ clkbuf_1_1_3_core_clk/A (sky130_fd_sc_hd__clkbuf_4)
                  0.05    0.13   32.22 ^ clkbuf_1_1_3_core_clk/X (sky130_fd_sc_hd__clkbuf_4)
     1    0.01                           clknet_1_1_3_core_clk (net)
                  0.05    0.00   32.22 ^ clkbuf_1_1_4_core_clk/A (sky130_fd_sc_hd__clkbuf_4)
                  0.19    0.22   32.45 ^ clkbuf_1_1_4_core_clk/X (sky130_fd_sc_hd__clkbuf_4)
     4    0.06                           clknet_1_1_4_core_clk (net)
                  0.19    0.01   32.46 ^ clkbuf_2_2_0_core_clk/A (sky130_fd_sc_hd__clkbuf_4)
                  0.05    0.17   32.63 ^ clkbuf_2_2_0_core_clk/X (sky130_fd_sc_hd__clkbuf_4)
     1    0.01                           clknet_2_2_0_core_clk (net)
                  0.05    0.00   32.63 ^ clkbuf_2_2_1_core_clk/A (sky130_fd_sc_hd__clkbuf_4)
                  0.14    0.19   32.83 ^ clkbuf_2_2_1_core_clk/X (sky130_fd_sc_hd__clkbuf_4)
     4    0.04                           clknet_2_2_1_core_clk (net)
                  0.14    0.00   32.83 ^ clkbuf_3_4_0_core_clk/A (sky130_fd_sc_hd__clkbuf_4)
                  0.05    0.16   32.99 ^ clkbuf_3_4_0_core_clk/X (sky130_fd_sc_hd__clkbuf_4)
     1    0.01                           clknet_3_4_0_core_clk (net)
                  0.05    0.00   33.00 ^ clkbuf_3_4_1_core_clk/A (sky130_fd_sc_hd__clkbuf_4)
                  0.04    0.12   33.12 ^ clkbuf_3_4_1_core_clk/X (sky130_fd_sc_hd__clkbuf_4)
     1    0.01                           clknet_3_4_1_core_clk (net)
                  0.04    0.00   33.12 ^ clkbuf_3_4_2_core_clk/A (sky130_fd_sc_hd__clkbuf_4)
                  0.14    0.19   33.31 ^ clkbuf_3_4_2_core_clk/X (sky130_fd_sc_hd__clkbuf_4)
     4    0.04                           clknet_3_4_2_core_clk (net)
                  0.14    0.01   33.31 ^ clkbuf_4_8_0_core_clk/A (sky130_fd_sc_hd__clkbuf_4)
                  0.12    0.21   33.52 ^ clkbuf_4_8_0_core_clk/X (sky130_fd_sc_hd__clkbuf_4)
     4    0.04                           clknet_4_8_0_core_clk (net)
                  0.12    0.00   33.52 ^ clkbuf_5_17_0_core_clk/A (sky130_fd_sc_hd__clkbuf_4)
                  0.04    0.14   33.67 ^ clkbuf_5_17_0_core_clk/X (sky130_fd_sc_hd__clkbuf_4)
     1    0.01                           clknet_5_17_0_core_clk (net)
                  0.04    0.00   33.67 ^ clkbuf_5_17_1_core_clk/A (sky130_fd_sc_hd__clkbuf_4)
                  0.66    0.53   34.19 ^ clkbuf_5_17_1_core_clk/X (sky130_fd_sc_hd__clkbuf_4)
    28    0.23                           clknet_5_17_1_core_clk (net)
                  0.66    0.01   34.21 ^ clkbuf_leaf_344_core_clk/A (sky130_fd_sc_hd__clkbuf_16)
                  0.09    0.29   34.50 ^ clkbuf_leaf_344_core_clk/X (sky130_fd_sc_hd__clkbuf_16)
    28    0.07                           clknet_leaf_344_core_clk (net)
                  0.09    0.00   34.50 ^ _29621_/CLK (sky130_fd_sc_hd__dfxtp_1)
                         -0.25   34.25   clock uncertainty
                          0.13   34.39   clock reconvergence pessimism
                         -0.19   34.19   library setup time
                                 34.19   data required time
-----------------------------------------------------------------------------
                                 34.19   data required time
                                -27.60   data arrival time
-----------------------------------------------------------------------------
                                  6.59   slack (MET)



===========================================================================
report_checks --slack_max -0.01
============================================================================
No paths found.
