
===========================================================================
report_checks -unconstrained
============================================================================

======================= Slowest Corner ===================================

Startpoint: _32391_ (rising edge-triggered flip-flop clocked by core_clk)
Endpoint: mprj_adr_o[4] (output port clocked by core_clk)
Path Group: core_clk
Path Type: max
Corner: ss

Fanout     Cap    Slew   Delay    Time   Description
-----------------------------------------------------------------------------
                          0.00    0.00   clock core_clk (rise edge)
                          0.00    0.00   clock source latency
                  2.94    2.21    2.21 ^ core_clk (in)
     2    0.24                           core_clk (net)
                  2.94    0.00    2.21 ^ clkbuf_0_core_clk/A (sky130_fd_sc_hd__clkbuf_16)
                  0.14    0.99    3.20 ^ clkbuf_0_core_clk/X (sky130_fd_sc_hd__clkbuf_16)
     4    0.02                           clknet_0_core_clk (net)
                  0.14    0.00    3.20 ^ clkbuf_1_1_0_core_clk/A (sky130_fd_sc_hd__clkbuf_4)
                  0.08    0.29    3.49 ^ clkbuf_1_1_0_core_clk/X (sky130_fd_sc_hd__clkbuf_4)
     1    0.01                           clknet_1_1_0_core_clk (net)
                  0.08    0.00    3.49 ^ clkbuf_1_1_1_core_clk/A (sky130_fd_sc_hd__clkbuf_4)
                  0.08    0.26    3.75 ^ clkbuf_1_1_1_core_clk/X (sky130_fd_sc_hd__clkbuf_4)
     1    0.01                           clknet_1_1_1_core_clk (net)
                  0.08    0.00    3.75 ^ clkbuf_1_1_2_core_clk/A (sky130_fd_sc_hd__clkbuf_4)
                  0.09    0.27    4.02 ^ clkbuf_1_1_2_core_clk/X (sky130_fd_sc_hd__clkbuf_4)
     1    0.01                           clknet_1_1_2_core_clk (net)
                  0.09    0.00    4.02 ^ clkbuf_1_1_3_core_clk/A (sky130_fd_sc_hd__clkbuf_4)
                  0.08    0.27    4.29 ^ clkbuf_1_1_3_core_clk/X (sky130_fd_sc_hd__clkbuf_4)
     1    0.01                           clknet_1_1_3_core_clk (net)
                  0.08    0.00    4.29 ^ clkbuf_1_1_4_core_clk/A (sky130_fd_sc_hd__clkbuf_4)
                  0.30    0.44    4.72 ^ clkbuf_1_1_4_core_clk/X (sky130_fd_sc_hd__clkbuf_4)
     4    0.06                           clknet_1_1_4_core_clk (net)
                  0.30    0.01    4.74 ^ clkbuf_2_3_0_core_clk/A (sky130_fd_sc_hd__clkbuf_4)
                  0.08    0.36    5.10 ^ clkbuf_2_3_0_core_clk/X (sky130_fd_sc_hd__clkbuf_4)
     1    0.01                           clknet_2_3_0_core_clk (net)
                  0.08    0.00    5.10 ^ clkbuf_2_3_1_core_clk/A (sky130_fd_sc_hd__clkbuf_4)
                  0.22    0.38    5.48 ^ clkbuf_2_3_1_core_clk/X (sky130_fd_sc_hd__clkbuf_4)
     4    0.04                           clknet_2_3_1_core_clk (net)
                  0.22    0.00    5.48 ^ clkbuf_3_6_0_core_clk/A (sky130_fd_sc_hd__clkbuf_4)
                  0.07    0.32    5.80 ^ clkbuf_3_6_0_core_clk/X (sky130_fd_sc_hd__clkbuf_4)
     1    0.01                           clknet_3_6_0_core_clk (net)
                  0.07    0.00    5.80 ^ clkbuf_3_6_1_core_clk/A (sky130_fd_sc_hd__clkbuf_4)
                  0.07    0.24    6.04 ^ clkbuf_3_6_1_core_clk/X (sky130_fd_sc_hd__clkbuf_4)
     1    0.01                           clknet_3_6_1_core_clk (net)
                  0.07    0.00    6.04 ^ clkbuf_3_6_2_core_clk/A (sky130_fd_sc_hd__clkbuf_4)
                  0.18    0.34    6.38 ^ clkbuf_3_6_2_core_clk/X (sky130_fd_sc_hd__clkbuf_4)
     4    0.03                           clknet_3_6_2_core_clk (net)
                  0.18    0.00    6.39 ^ clkbuf_4_12_0_core_clk/A (sky130_fd_sc_hd__clkbuf_4)
                  0.18    0.39    6.78 ^ clkbuf_4_12_0_core_clk/X (sky130_fd_sc_hd__clkbuf_4)
     4    0.03                           clknet_4_12_0_core_clk (net)
                  0.18    0.00    6.78 ^ clkbuf_5_24_0_core_clk/A (sky130_fd_sc_hd__clkbuf_4)
                  0.06    0.29    7.07 ^ clkbuf_5_24_0_core_clk/X (sky130_fd_sc_hd__clkbuf_4)
     1    0.01                           clknet_5_24_0_core_clk (net)
                  0.06    0.00    7.07 ^ clkbuf_5_24_1_core_clk/A (sky130_fd_sc_hd__clkbuf_4)
                  0.99    0.93    8.00 ^ clkbuf_5_24_1_core_clk/X (sky130_fd_sc_hd__clkbuf_4)
    26    0.22                           clknet_5_24_1_core_clk (net)
                  0.99    0.03    8.04 ^ clkbuf_leaf_107_core_clk/A (sky130_fd_sc_hd__clkbuf_16)
                  0.13    0.63    8.67 ^ clkbuf_leaf_107_core_clk/X (sky130_fd_sc_hd__clkbuf_16)
    20    0.05                           clknet_leaf_107_core_clk (net)
                  0.13    0.00    8.67 ^ _32391_/CLK (sky130_fd_sc_hd__dfxtp_2)
                  0.36    0.94    9.61 ^ _32391_/Q (sky130_fd_sc_hd__dfxtp_2)
     5    0.04                           grant[0] (net)
                  0.36    0.00    9.61 ^ _14397_/A (sky130_fd_sc_hd__clkinv_2)
                  0.20    0.32    9.93 v _14397_/Y (sky130_fd_sc_hd__clkinv_2)
     3    0.02                           _13741_ (net)
                  0.20    0.00    9.93 v _14398_/B (sky130_fd_sc_hd__nor2_8)
                  0.78    0.69   10.63 ^ _14398_/Y (sky130_fd_sc_hd__nor2_8)
    16    0.14                           _13742_ (net)
                  0.78    0.04   10.66 ^ _25614_/A (sky130_fd_sc_hd__buf_6)
                  0.30    0.62   11.29 ^ _25614_/X (sky130_fd_sc_hd__buf_6)
    16    0.09                           _12733_ (net)
                  0.30    0.00   11.29 ^ _25620_/B1 (sky130_fd_sc_hd__a22oi_2)
                  0.16    0.24   11.53 v _25620_/Y (sky130_fd_sc_hd__a22oi_2)
     1    0.01                           _01714_ (net)
                  0.16    0.00   11.53 v _28407_/A0 (sky130_fd_sc_hd__mux2_8)
                  0.18    0.76   12.29 v _28407_/X (sky130_fd_sc_hd__mux2_8)
     6    0.07                           _01715_ (net)
                  0.18    0.02   12.31 v _14930_/A (sky130_fd_sc_hd__clkinv_4)
                  0.05    0.10   12.41 ^ _14930_/Y (sky130_fd_sc_hd__clkinv_4)
     1    0.00                           net640 (net)
                  0.05    0.00   12.41 ^ repeater1234/A (sky130_fd_sc_hd__clkbuf_1)
                  0.10    0.17   12.57 ^ repeater1234/X (sky130_fd_sc_hd__clkbuf_1)
     1    0.00                           net1234 (net)
                  0.10    0.00   12.57 ^ repeater1233/A (sky130_fd_sc_hd__clkbuf_1)
                  0.08    0.17   12.75 ^ repeater1233/X (sky130_fd_sc_hd__clkbuf_1)
     1    0.00                           net1233 (net)
                  0.08    0.00   12.75 ^ repeater1232/A (sky130_fd_sc_hd__clkbuf_1)
                  0.07    0.16   12.91 ^ repeater1232/X (sky130_fd_sc_hd__clkbuf_1)
     1    0.00                           net1232 (net)
                  0.07    0.00   12.91 ^ repeater1231/A (sky130_fd_sc_hd__clkbuf_1)
                  0.09    0.17   13.08 ^ repeater1231/X (sky130_fd_sc_hd__clkbuf_1)
     1    0.00                           net1231 (net)
                  0.09    0.00   13.08 ^ repeater1230/A (sky130_fd_sc_hd__clkbuf_1)
                  0.09    0.18   13.26 ^ repeater1230/X (sky130_fd_sc_hd__clkbuf_1)
     1    0.00                           net1230 (net)
                  0.09    0.00   13.26 ^ repeater1229/A (sky130_fd_sc_hd__clkbuf_1)
                  0.09    0.18   13.45 ^ repeater1229/X (sky130_fd_sc_hd__clkbuf_1)
     1    0.00                           net1229 (net)
                  0.09    0.00   13.45 ^ repeater1228/A (sky130_fd_sc_hd__clkbuf_1)
                  0.06    0.16   13.61 ^ repeater1228/X (sky130_fd_sc_hd__clkbuf_1)
     1    0.00                           net1228 (net)
                  0.06    0.00   13.61 ^ repeater1227/A (sky130_fd_sc_hd__clkbuf_1)
                  0.11    0.18   13.79 ^ repeater1227/X (sky130_fd_sc_hd__clkbuf_1)
     1    0.00                           net1227 (net)
                  0.11    0.00   13.79 ^ repeater1226/A (sky130_fd_sc_hd__clkbuf_1)
                  0.06    0.17   13.96 ^ repeater1226/X (sky130_fd_sc_hd__clkbuf_1)
     1    0.00                           net1226 (net)
                  0.06    0.00   13.96 ^ repeater1225/A (sky130_fd_sc_hd__clkbuf_1)
                  0.08    0.16   14.12 ^ repeater1225/X (sky130_fd_sc_hd__clkbuf_1)
     1    0.00                           net1225 (net)
                  0.08    0.00   14.12 ^ repeater1224/A (sky130_fd_sc_hd__clkbuf_1)
                  0.07    0.16   14.28 ^ repeater1224/X (sky130_fd_sc_hd__clkbuf_1)
     1    0.00                           net1224 (net)
                  0.07    0.00   14.28 ^ repeater1223/A (sky130_fd_sc_hd__clkbuf_1)
                  0.07    0.16   14.43 ^ repeater1223/X (sky130_fd_sc_hd__clkbuf_1)
     1    0.00                           net1223 (net)
                  0.07    0.00   14.43 ^ repeater1222/A (sky130_fd_sc_hd__clkbuf_1)
                  0.09    0.17   14.61 ^ repeater1222/X (sky130_fd_sc_hd__clkbuf_1)
     1    0.00                           net1222 (net)
                  0.09    0.00   14.61 ^ repeater1221/A (sky130_fd_sc_hd__clkbuf_1)
                  0.06    0.16   14.77 ^ repeater1221/X (sky130_fd_sc_hd__clkbuf_1)
     1    0.00                           net1221 (net)
                  0.06    0.00   14.77 ^ repeater1220/A (sky130_fd_sc_hd__clkbuf_1)
                  0.06    0.15   14.92 ^ repeater1220/X (sky130_fd_sc_hd__clkbuf_1)
     1    0.00                           net1220 (net)
                  0.06    0.00   14.92 ^ repeater1219/A (sky130_fd_sc_hd__clkbuf_1)
                  0.07    0.16   15.07 ^ repeater1219/X (sky130_fd_sc_hd__clkbuf_1)
     1    0.00                           net1219 (net)
                  0.07    0.00   15.07 ^ repeater1218/A (sky130_fd_sc_hd__clkbuf_1)
                  0.06    0.15   15.22 ^ repeater1218/X (sky130_fd_sc_hd__clkbuf_1)
     1    0.00                           net1218 (net)
                  0.06    0.00   15.22 ^ repeater1217/A (sky130_fd_sc_hd__clkbuf_1)
                  0.14    0.21   15.43 ^ repeater1217/X (sky130_fd_sc_hd__clkbuf_1)
     2    0.01                           net1217 (net)
                  0.14    0.00   15.43 ^ repeater1184/A (sky130_fd_sc_hd__clkbuf_1)
                  0.10    0.21   15.65 ^ repeater1184/X (sky130_fd_sc_hd__clkbuf_1)
     1    0.00                           net1184 (net)
                  0.10    0.00   15.65 ^ repeater1183/A (sky130_fd_sc_hd__clkbuf_1)
                  0.11    0.20   15.85 ^ repeater1183/X (sky130_fd_sc_hd__clkbuf_1)
     1    0.01                           net1183 (net)
                  0.11    0.00   15.85 ^ repeater1182/A (sky130_fd_sc_hd__clkbuf_1)
                  0.10    0.20   16.05 ^ repeater1182/X (sky130_fd_sc_hd__clkbuf_1)
     1    0.00                           net1182 (net)
                  0.10    0.00   16.05 ^ repeater1181/A (sky130_fd_sc_hd__clkbuf_1)
                  0.10    0.20   16.25 ^ repeater1181/X (sky130_fd_sc_hd__clkbuf_1)
     1    0.00                           net1181 (net)
                  0.10    0.00   16.25 ^ repeater1180/A (sky130_fd_sc_hd__clkbuf_1)
                  0.13    0.22   16.47 ^ repeater1180/X (sky130_fd_sc_hd__clkbuf_1)
     1    0.01                           net1180 (net)
                  0.13    0.00   16.47 ^ repeater1179/A (sky130_fd_sc_hd__clkbuf_1)
                  0.14    0.24   16.70 ^ repeater1179/X (sky130_fd_sc_hd__clkbuf_1)
     2    0.01                           net1179 (net)
                  0.14    0.00   16.70 ^ repeater1178/A (sky130_fd_sc_hd__clkbuf_1)
                  0.10    0.21   16.91 ^ repeater1178/X (sky130_fd_sc_hd__clkbuf_1)
     1    0.00                           net1178 (net)
                  0.10    0.00   16.91 ^ repeater1177/A (sky130_fd_sc_hd__clkbuf_1)
                  0.26    0.31   17.22 ^ repeater1177/X (sky130_fd_sc_hd__clkbuf_1)
     1    0.01                           net1177 (net)
                  0.26    0.00   17.22 ^ repeater1176/A (sky130_fd_sc_hd__clkbuf_1)
                  0.26    0.38   17.61 ^ repeater1176/X (sky130_fd_sc_hd__clkbuf_1)
     1    0.01                           net1176 (net)
                  0.26    0.00   17.61 ^ repeater1175/A (sky130_fd_sc_hd__clkbuf_1)
                  0.20    0.33   17.94 ^ repeater1175/X (sky130_fd_sc_hd__clkbuf_1)
     1    0.01                           net1175 (net)
                  0.20    0.00   17.94 ^ repeater1174/A (sky130_fd_sc_hd__clkbuf_1)
                  0.27    0.36   18.30 ^ repeater1174/X (sky130_fd_sc_hd__clkbuf_1)
     1    0.01                           net1174 (net)
                  0.27    0.00   18.30 ^ repeater1173/A (sky130_fd_sc_hd__clkbuf_1)
                  0.26    0.38   18.68 ^ repeater1173/X (sky130_fd_sc_hd__clkbuf_1)
     1    0.01                           net1173 (net)
                  0.26    0.00   18.68 ^ repeater1172/A (sky130_fd_sc_hd__clkbuf_1)
                  0.25    0.37   19.05 ^ repeater1172/X (sky130_fd_sc_hd__clkbuf_1)
     1    0.01                           net1172 (net)
                  0.25    0.00   19.05 ^ repeater1171/A (sky130_fd_sc_hd__clkbuf_1)
                  0.25    0.36   19.41 ^ repeater1171/X (sky130_fd_sc_hd__clkbuf_1)
     2    0.01                           net1171 (net)
                  0.25    0.00   19.41 ^ repeater1170/A (sky130_fd_sc_hd__clkbuf_1)
                  0.07    0.23   19.64 ^ repeater1170/X (sky130_fd_sc_hd__clkbuf_1)
     1    0.00                           net1170 (net)
                  0.07    0.00   19.64 ^ repeater1169/A (sky130_fd_sc_hd__clkbuf_1)
                  0.08    0.16   19.80 ^ repeater1169/X (sky130_fd_sc_hd__clkbuf_1)
     1    0.00                           net1169 (net)
                  0.08    0.00   19.80 ^ repeater1168/A (sky130_fd_sc_hd__clkbuf_1)
                  0.08    0.16   19.97 ^ repeater1168/X (sky130_fd_sc_hd__clkbuf_1)
     1    0.00                           net1168 (net)
                  0.08    0.00   19.97 ^ repeater1167/A (sky130_fd_sc_hd__clkbuf_1)
                  0.08    0.17   20.13 ^ repeater1167/X (sky130_fd_sc_hd__clkbuf_1)
     1    0.00                           net1167 (net)
                  0.08    0.00   20.13 ^ repeater1166/A (sky130_fd_sc_hd__clkbuf_1)
                  0.06    0.15   20.29 ^ repeater1166/X (sky130_fd_sc_hd__clkbuf_1)
     1    0.00                           net1166 (net)
                  0.06    0.00   20.29 ^ repeater1165/A (sky130_fd_sc_hd__clkbuf_1)
                  0.11    0.18   20.47 ^ repeater1165/X (sky130_fd_sc_hd__clkbuf_1)
     1    0.00                           net1165 (net)
                  0.11    0.00   20.47 ^ repeater1164/A (sky130_fd_sc_hd__clkbuf_1)
                  0.09    0.19   20.66 ^ repeater1164/X (sky130_fd_sc_hd__clkbuf_1)
     1    0.00                           net1164 (net)
                  0.09    0.00   20.66 ^ repeater1163/A (sky130_fd_sc_hd__clkbuf_1)
                  0.12    0.21   20.87 ^ repeater1163/X (sky130_fd_sc_hd__clkbuf_1)
     1    0.01                           net1163 (net)
                  0.12    0.00   20.87 ^ repeater1162/A (sky130_fd_sc_hd__clkbuf_1)
                  0.07    0.18   21.05 ^ repeater1162/X (sky130_fd_sc_hd__clkbuf_1)
     1    0.00                           net1162 (net)
                  0.07    0.00   21.05 ^ repeater1161/A (sky130_fd_sc_hd__clkbuf_1)
                  0.09    0.18   21.22 ^ repeater1161/X (sky130_fd_sc_hd__clkbuf_1)
     1    0.00                           net1161 (net)
                  0.09    0.00   21.22 ^ repeater1160/A (sky130_fd_sc_hd__clkbuf_1)
                  0.09    0.18   21.40 ^ repeater1160/X (sky130_fd_sc_hd__clkbuf_1)
     1    0.00                           net1160 (net)
                  0.09    0.00   21.40 ^ repeater1159/A (sky130_fd_sc_hd__clkbuf_1)
                  0.06    0.16   21.56 ^ repeater1159/X (sky130_fd_sc_hd__clkbuf_1)
     1    0.00                           net1159 (net)
                  0.06    0.00   21.56 ^ repeater1158/A (sky130_fd_sc_hd__clkbuf_1)
                  0.06    0.15   21.71 ^ repeater1158/X (sky130_fd_sc_hd__clkbuf_1)
     1    0.00                           net1158 (net)
                  0.06    0.00   21.71 ^ repeater1157/A (sky130_fd_sc_hd__clkbuf_1)
                  0.06    0.15   21.86 ^ repeater1157/X (sky130_fd_sc_hd__clkbuf_1)
     1    0.00                           net1157 (net)
                  0.06    0.00   21.86 ^ repeater1156/A (sky130_fd_sc_hd__clkbuf_1)
                  0.07    0.15   22.01 ^ repeater1156/X (sky130_fd_sc_hd__clkbuf_1)
     1    0.00                           net1156 (net)
                  0.07    0.00   22.01 ^ repeater1155/A (sky130_fd_sc_hd__clkbuf_1)
                  0.21    0.26   22.27 ^ repeater1155/X (sky130_fd_sc_hd__clkbuf_1)
     2    0.01                           net1155 (net)
                  0.21    0.00   22.27 ^ repeater1153/A (sky130_fd_sc_hd__clkbuf_1)
                  0.07    0.22   22.49 ^ repeater1153/X (sky130_fd_sc_hd__clkbuf_1)
     1    0.00                           net1153 (net)
                  0.07    0.00   22.49 ^ repeater1152/A (sky130_fd_sc_hd__clkbuf_1)
                  0.11    0.19   22.68 ^ repeater1152/X (sky130_fd_sc_hd__clkbuf_1)
     1    0.01                           net1152 (net)
                  0.11    0.00   22.68 ^ repeater1151/A (sky130_fd_sc_hd__clkbuf_1)
                  0.11    0.21   22.89 ^ repeater1151/X (sky130_fd_sc_hd__clkbuf_1)
     1    0.01                           net1151 (net)
                  0.11    0.00   22.89 ^ repeater1150/A (sky130_fd_sc_hd__clkbuf_1)
                  0.11    0.20   23.09 ^ repeater1150/X (sky130_fd_sc_hd__clkbuf_1)
     1    0.00                           net1150 (net)
                  0.11    0.00   23.09 ^ repeater1149/A (sky130_fd_sc_hd__clkbuf_1)
                  0.06    0.17   23.26 ^ repeater1149/X (sky130_fd_sc_hd__clkbuf_1)
     1    0.00                           net1149 (net)
                  0.06    0.00   23.26 ^ repeater1148/A (sky130_fd_sc_hd__clkbuf_1)
                  0.07    0.15   23.41 ^ repeater1148/X (sky130_fd_sc_hd__clkbuf_1)
     1    0.00                           net1148 (net)
                  0.07    0.00   23.41 ^ repeater1147/A (sky130_fd_sc_hd__clkbuf_1)
                  0.09    0.17   23.58 ^ repeater1147/X (sky130_fd_sc_hd__clkbuf_1)
     1    0.00                           net1147 (net)
                  0.09    0.00   23.58 ^ repeater1146/A (sky130_fd_sc_hd__clkbuf_1)
                  0.11    0.20   23.78 ^ repeater1146/X (sky130_fd_sc_hd__clkbuf_1)
     2    0.00                           net1146 (net)
                  0.11    0.00   23.78 ^ repeater1144/A (sky130_fd_sc_hd__clkbuf_1)
                  0.08    0.18   23.96 ^ repeater1144/X (sky130_fd_sc_hd__clkbuf_1)
     1    0.00                           net1144 (net)
                  0.08    0.00   23.96 ^ repeater1143/A (sky130_fd_sc_hd__clkbuf_1)
                  0.07    0.16   24.12 ^ repeater1143/X (sky130_fd_sc_hd__clkbuf_1)
     1    0.00                           net1143 (net)
                  0.07    0.00   24.12 ^ repeater1142/A (sky130_fd_sc_hd__clkbuf_1)
                  0.07    0.16   24.28 ^ repeater1142/X (sky130_fd_sc_hd__clkbuf_1)
     1    0.00                           net1142 (net)
                  0.07    0.00   24.28 ^ repeater1141/A (sky130_fd_sc_hd__clkbuf_1)
                  0.08    0.16   24.44 ^ repeater1141/X (sky130_fd_sc_hd__clkbuf_1)
     1    0.00                           net1141 (net)
                  0.08    0.00   24.44 ^ repeater1140/A (sky130_fd_sc_hd__clkbuf_1)
                  0.07    0.16   24.60 ^ repeater1140/X (sky130_fd_sc_hd__clkbuf_1)
     1    0.00                           net1140 (net)
                  0.07    0.00   24.60 ^ repeater1139/A (sky130_fd_sc_hd__clkbuf_1)
                  0.08    0.17   24.77 ^ repeater1139/X (sky130_fd_sc_hd__clkbuf_1)
     1    0.00                           net1139 (net)
                  0.08    0.00   24.77 ^ repeater1138/A (sky130_fd_sc_hd__clkbuf_1)
                  0.09    0.18   24.95 ^ repeater1138/X (sky130_fd_sc_hd__clkbuf_1)
     1    0.00                           net1138 (net)
                  0.09    0.00   24.95 ^ repeater1137/A (sky130_fd_sc_hd__clkbuf_1)
                  0.07    0.16   25.11 ^ repeater1137/X (sky130_fd_sc_hd__clkbuf_1)
     1    0.00                           net1137 (net)
                  0.07    0.00   25.11 ^ repeater1136/A (sky130_fd_sc_hd__clkbuf_1)
                  0.07    0.16   25.27 ^ repeater1136/X (sky130_fd_sc_hd__clkbuf_1)
     1    0.00                           net1136 (net)
                  0.07    0.00   25.27 ^ repeater1135/A (sky130_fd_sc_hd__clkbuf_1)
                  0.07    0.16   25.43 ^ repeater1135/X (sky130_fd_sc_hd__clkbuf_1)
     1    0.00                           net1135 (net)
                  0.07    0.00   25.43 ^ repeater1134/A (sky130_fd_sc_hd__clkbuf_1)
                  0.07    0.15   25.58 ^ repeater1134/X (sky130_fd_sc_hd__clkbuf_1)
     1    0.00                           net1134 (net)
                  0.07    0.00   25.58 ^ repeater1133/A (sky130_fd_sc_hd__clkbuf_1)
                  0.06    0.15   25.73 ^ repeater1133/X (sky130_fd_sc_hd__clkbuf_1)
     1    0.00                           net1133 (net)
                  0.06    0.00   25.73 ^ repeater1132/A (sky130_fd_sc_hd__clkbuf_1)
                  0.07    0.16   25.89 ^ repeater1132/X (sky130_fd_sc_hd__clkbuf_1)
     1    0.00                           net1132 (net)
                  0.07    0.00   25.89 ^ repeater1131/A (sky130_fd_sc_hd__clkbuf_1)
                  0.06    0.15   26.04 ^ repeater1131/X (sky130_fd_sc_hd__clkbuf_1)
     1    0.00                           net1131 (net)
                  0.06    0.00   26.04 ^ repeater1130/A (sky130_fd_sc_hd__clkbuf_1)
                  0.07    0.15   26.19 ^ repeater1130/X (sky130_fd_sc_hd__clkbuf_1)
     1    0.00                           net1130 (net)
                  0.07    0.00   26.19 ^ repeater1129/A (sky130_fd_sc_hd__clkbuf_1)
                  0.06    0.15   26.34 ^ repeater1129/X (sky130_fd_sc_hd__clkbuf_1)
     1    0.00                           net1129 (net)
                  0.06    0.00   26.34 ^ repeater1128/A (sky130_fd_sc_hd__clkbuf_1)
                  0.06    0.15   26.49 ^ repeater1128/X (sky130_fd_sc_hd__clkbuf_1)
     1    0.00                           net1128 (net)
                  0.06    0.00   26.49 ^ repeater1127/A (sky130_fd_sc_hd__clkbuf_1)
                  0.06    0.15   26.64 ^ repeater1127/X (sky130_fd_sc_hd__clkbuf_1)
     1    0.00                           net1127 (net)
                  0.06    0.00   26.64 ^ repeater1126/A (sky130_fd_sc_hd__clkbuf_1)
                  0.08    0.16   26.80 ^ repeater1126/X (sky130_fd_sc_hd__clkbuf_1)
     1    0.00                           net1126 (net)
                  0.08    0.00   26.80 ^ repeater1125/A (sky130_fd_sc_hd__clkbuf_1)
                  0.08    0.17   26.96 ^ repeater1125/X (sky130_fd_sc_hd__clkbuf_1)
     1    0.00                           net1125 (net)
                  0.08    0.00   26.96 ^ repeater1124/A (sky130_fd_sc_hd__clkbuf_1)
                  0.09    0.17   27.14 ^ repeater1124/X (sky130_fd_sc_hd__clkbuf_1)
     1    0.00                           net1124 (net)
                  0.09    0.00   27.14 ^ repeater1123/A (sky130_fd_sc_hd__clkbuf_1)
                  0.06    0.16   27.30 ^ repeater1123/X (sky130_fd_sc_hd__clkbuf_1)
     1    0.00                           net1123 (net)
                  0.06    0.00   27.30 ^ repeater1122/A (sky130_fd_sc_hd__clkbuf_1)
                  0.07    0.15   27.45 ^ repeater1122/X (sky130_fd_sc_hd__clkbuf_1)
     1    0.00                           net1122 (net)
                  0.07    0.00   27.45 ^ _27333_/A (sky130_fd_sc_hd__clkbuf_4)
                  0.23    0.38   27.83 ^ _27333_/X (sky130_fd_sc_hd__clkbuf_4)
     2    0.05                           net702 (net)
                  0.24    0.01   27.84 ^ output702/A (sky130_fd_sc_hd__buf_2)
                  0.28    0.44   28.28 ^ output702/X (sky130_fd_sc_hd__buf_2)
     1    0.03                           mprj_adr_o[4] (net)
                  0.37    0.00   28.28 ^ mprj_adr_o[4] (out)
                                 28.28   data arrival time

                         30.00   30.00   clock core_clk (rise edge)
                          0.00   30.00   clock network delay (propagated)
                         -0.25   29.75   clock uncertainty
                          0.00   29.75   clock reconvergence pessimism
                         -6.00   23.75   output external delay
                                 23.75   data required time
-----------------------------------------------------------------------------
                                 23.75   data required time
                                -28.28   data arrival time
-----------------------------------------------------------------------------
                                 -4.53   slack (VIOLATED)



======================= Typical Corner ===================================

Startpoint: sky130_sram_2kbyte_1rw1r_32x512_8
            (falling edge-triggered flip-flop clocked by core_clk)
Endpoint: _29621_ (rising edge-triggered flip-flop clocked by core_clk)
Path Group: core_clk
Path Type: max
Corner: tt

Fanout     Cap    Slew   Delay    Time   Description
-----------------------------------------------------------------------------
                         15.00   15.00   clock core_clk (fall edge)
                          0.00   15.00   clock source latency
                  1.10    0.87   15.87 v core_clk (in)
     2    0.24                           core_clk (net)
                  1.10    0.00   15.87 v clkbuf_0_core_clk/A (sky130_fd_sc_hd__clkbuf_16)
                  0.06    0.53   16.40 v clkbuf_0_core_clk/X (sky130_fd_sc_hd__clkbuf_16)
     4    0.02                           clknet_0_core_clk (net)
                  0.06    0.00   16.40 v clkbuf_1_0_0_core_clk/A (sky130_fd_sc_hd__clkbuf_4)
                  0.04    0.16   16.55 v clkbuf_1_0_0_core_clk/X (sky130_fd_sc_hd__clkbuf_4)
     1    0.01                           clknet_1_0_0_core_clk (net)
                  0.04    0.00   16.55 v clkbuf_1_0_1_core_clk/A (sky130_fd_sc_hd__clkbuf_4)
                  0.04    0.14   16.70 v clkbuf_1_0_1_core_clk/X (sky130_fd_sc_hd__clkbuf_4)
     1    0.01                           clknet_1_0_1_core_clk (net)
                  0.04    0.00   16.70 v clkbuf_1_0_2_core_clk/A (sky130_fd_sc_hd__clkbuf_4)
                  0.04    0.14   16.84 v clkbuf_1_0_2_core_clk/X (sky130_fd_sc_hd__clkbuf_4)
     1    0.01                           clknet_1_0_2_core_clk (net)
                  0.04    0.00   16.84 v clkbuf_1_0_3_core_clk/A (sky130_fd_sc_hd__clkbuf_4)
                  0.02    0.13   16.97 v clkbuf_1_0_3_core_clk/X (sky130_fd_sc_hd__clkbuf_4)
     1    0.00                           clknet_1_0_3_core_clk (net)
                  0.02    0.00   16.97 v clkbuf_1_0_4_core_clk/A (sky130_fd_sc_hd__clkbuf_4)
                  0.23    0.28   17.25 v clkbuf_1_0_4_core_clk/X (sky130_fd_sc_hd__clkbuf_4)
     4    0.11                           clknet_1_0_4_core_clk (net)
                  0.23    0.03   17.28 v clkbuf_2_1_0_core_clk/A (sky130_fd_sc_hd__clkbuf_4)
                  0.03    0.22   17.50 v clkbuf_2_1_0_core_clk/X (sky130_fd_sc_hd__clkbuf_4)
     1    0.00                           clknet_2_1_0_core_clk (net)
                  0.03    0.00   17.50 v clkbuf_2_1_1_core_clk/A (sky130_fd_sc_hd__clkbuf_4)
                  0.09    0.20   17.70 v clkbuf_2_1_1_core_clk/X (sky130_fd_sc_hd__clkbuf_4)
     4    0.04                           clknet_2_1_1_core_clk (net)
                  0.09    0.00   17.70 v clkbuf_3_2_0_core_clk/A (sky130_fd_sc_hd__clkbuf_4)
                  0.04    0.17   17.87 v clkbuf_3_2_0_core_clk/X (sky130_fd_sc_hd__clkbuf_4)
     1    0.01                           clknet_3_2_0_core_clk (net)
                  0.04    0.00   17.88 v clkbuf_3_2_1_core_clk/A (sky130_fd_sc_hd__clkbuf_4)
                  0.03    0.14   18.02 v clkbuf_3_2_1_core_clk/X (sky130_fd_sc_hd__clkbuf_4)
     1    0.01                           clknet_3_2_1_core_clk (net)
                  0.03    0.00   18.02 v clkbuf_3_2_2_core_clk/A (sky130_fd_sc_hd__clkbuf_4)
                  0.08    0.19   18.20 v clkbuf_3_2_2_core_clk/X (sky130_fd_sc_hd__clkbuf_4)
     4    0.04                           clknet_3_2_2_core_clk (net)
                  0.08    0.01   18.21 v clkbuf_4_4_0_core_clk/A (sky130_fd_sc_hd__clkbuf_4)
                  0.05    0.18   18.39 v clkbuf_4_4_0_core_clk/X (sky130_fd_sc_hd__clkbuf_4)
     2    0.02                           clknet_4_4_0_core_clk (net)
                  0.05    0.00   18.39 v clkbuf_5_9_0_core_clk/A (sky130_fd_sc_hd__clkbuf_4)
                  0.03    0.14   18.53 v clkbuf_5_9_0_core_clk/X (sky130_fd_sc_hd__clkbuf_4)
     1    0.01                           clknet_5_9_0_core_clk (net)
                  0.03    0.00   18.53 v clkbuf_5_9_1_core_clk/A (sky130_fd_sc_hd__clkbuf_4)
                  0.35    0.39   18.93 v clkbuf_5_9_1_core_clk/X (sky130_fd_sc_hd__clkbuf_4)
    26    0.18                           clknet_5_9_1_core_clk (net)
                  0.35    0.02   18.94 v clkbuf_opt_26_0_core_clk/A (sky130_fd_sc_hd__clkbuf_16)
                  0.04    0.29   19.23 v clkbuf_opt_26_0_core_clk/X (sky130_fd_sc_hd__clkbuf_16)
     1    0.01                           clknet_opt_26_0_core_clk (net)
                  0.04    0.00   19.23 v clkbuf_opt_26_1_core_clk/A (sky130_fd_sc_hd__clkbuf_16)
                  0.04    0.15   19.38 v clkbuf_opt_26_1_core_clk/X (sky130_fd_sc_hd__clkbuf_16)
     2    0.02                           clknet_opt_26_1_core_clk (net)
                  0.04    0.00   19.39 v clkbuf_leaf_15_core_clk/A (sky130_fd_sc_hd__clkbuf_16)
                  0.05    0.17   19.55 v clkbuf_leaf_15_core_clk/X (sky130_fd_sc_hd__clkbuf_16)
    14    0.05                           clknet_leaf_15_core_clk (net)
                  0.07    0.00   19.56 v sky130_sram_2kbyte_1rw1r_32x512_8/clk0 (sky130_sram_2kbyte_1rw1r_32x512_8)
                  0.00    0.42   19.98 v sky130_sram_2kbyte_1rw1r_32x512_8/dout0[15] (sky130_sram_2kbyte_1rw1r_32x512_8)
     1    0.01                           sram_bus_dat_r[15] (net)
                  0.00    0.00   19.98 v repeater2142/A (sky130_fd_sc_hd__clkbuf_2)
                  0.93    0.64   20.62 v repeater2142/X (sky130_fd_sc_hd__clkbuf_2)
     2    0.25                           net2142 (net)
                  0.99    0.19   20.81 v _22855_/B2 (sky130_fd_sc_hd__a221o_4)
                  0.35    1.06   21.86 v _22855_/X (sky130_fd_sc_hd__a221o_4)
     2    0.25                           _11220_ (net)
                  0.36    0.04   21.91 v _22858_/B1 (sky130_fd_sc_hd__a2111o_4)
                  0.28    0.77   22.68 v _22858_/X (sky130_fd_sc_hd__a2111o_4)
     8    0.15                           VexRiscv.IBusSimplePlugin_rspJoin_rspBuffer_c.io_push_payload_inst[15] (net)
                  0.32    0.08   22.76 v _28158_/A0 (sky130_fd_sc_hd__mux2_2)
                  0.08    0.44   23.19 v _28158_/X (sky130_fd_sc_hd__mux2_2)
     1    0.02                           _02368_ (net)
                  0.08    0.00   23.19 v _25575_/A (sky130_fd_sc_hd__clkinv_2)
                  0.11    0.12   23.32 ^ _25575_/Y (sky130_fd_sc_hd__clkinv_2)
     2    0.03                           _02369_ (net)
                  0.11    0.00   23.32 ^ _28157_/A0 (sky130_fd_sc_hd__mux2_8)
                  0.59    0.55   23.87 ^ _28157_/X (sky130_fd_sc_hd__mux2_8)
    60    0.36                           _02370_ (net)
                  0.59    0.05   23.93 ^ repeater792/A (sky130_fd_sc_hd__buf_12)
                  0.51    0.42   24.35 ^ repeater792/X (sky130_fd_sc_hd__buf_12)
    82    0.47                           net792 (net)
                  0.71    0.27   24.62 ^ repeater791/A (sky130_fd_sc_hd__buf_12)
                  0.44    0.35   24.97 ^ repeater791/X (sky130_fd_sc_hd__buf_12)
    76    0.44                           net791 (net)
                  0.80    0.36   25.33 ^ _28826_/S0 (sky130_fd_sc_hd__mux4_1)
                  0.11    0.72   26.05 v _28826_/X (sky130_fd_sc_hd__mux4_1)
     1    0.01                           _02572_ (net)
                  0.11    0.00   26.05 v _28827_/A3 (sky130_fd_sc_hd__mux4_2)
                  0.38    0.88   26.93 v _28827_/X (sky130_fd_sc_hd__mux4_2)
     2    0.14                           _02573_ (net)
                  0.38    0.01   26.95 v _27537_/A0 (sky130_fd_sc_hd__mux2_8)
                  0.18    0.56   27.50 v _27537_/X (sky130_fd_sc_hd__mux2_8)
     2    0.17                           VexRiscv.RegFilePlugin_regFile$rdreg[1]$d[19] (net)
                  0.26    0.10   27.60 v _29621_/D (sky130_fd_sc_hd__dfxtp_1)
                                 27.60   data arrival time

                         30.00   30.00   clock core_clk (rise edge)
                          0.00   30.00   clock source latency
                  1.96    1.33   31.33 ^ core_clk (in)
     2    0.24                           core_clk (net)
                  1.96    0.00   31.33 ^ clkbuf_0_core_clk/A (sky130_fd_sc_hd__clkbuf_16)
                  0.09    0.36   31.69 ^ clkbuf_0_core_clk/X (sky130_fd_sc_hd__clkbuf_16)
     4    0.02                           clknet_0_core_clk (net)
                  0.09    0.00   31.69 ^ clkbuf_1_1_0_core_clk/A (sky130_fd_sc_hd__clkbuf_4)
                  0.05    0.14   31.83 ^ clkbuf_1_1_0_core_clk/X (sky130_fd_sc_hd__clkbuf_4)
     1    0.01                           clknet_1_1_0_core_clk (net)
                  0.05    0.00   31.83 ^ clkbuf_1_1_1_core_clk/A (sky130_fd_sc_hd__clkbuf_4)
                  0.05    0.13   31.96 ^ clkbuf_1_1_1_core_clk/X (sky130_fd_sc_hd__clkbuf_4)
     1    0.01                           clknet_1_1_1_core_clk (net)
                  0.05    0.00   31.96 ^ clkbuf_1_1_2_core_clk/A (sky130_fd_sc_hd__clkbuf_4)
                  0.05    0.13   32.09 ^ clkbuf_1_1_2_core_clk/X (sky130_fd_sc_hd__clkbuf_4)
     1    0.01                           clknet_1_1_2_core_clk (net)
                  0.05    0.00   32.09 ^ clkbuf_1_1_3_core_clk/A (sky130_fd_sc_hd__clkbuf_4)
                  0.05    0.13   32.22 ^ clkbuf_1_1_3_core_clk/X (sky130_fd_sc_hd__clkbuf_4)
     1    0.01                           clknet_1_1_3_core_clk (net)
                  0.05    0.00   32.22 ^ clkbuf_1_1_4_core_clk/A (sky130_fd_sc_hd__clkbuf_4)
                  0.19    0.22   32.45 ^ clkbuf_1_1_4_core_clk/X (sky130_fd_sc_hd__clkbuf_4)
     4    0.06                           clknet_1_1_4_core_clk (net)
                  0.19    0.01   32.46 ^ clkbuf_2_2_0_core_clk/A (sky130_fd_sc_hd__clkbuf_4)
                  0.05    0.17   32.63 ^ clkbuf_2_2_0_core_clk/X (sky130_fd_sc_hd__clkbuf_4)
     1    0.01                           clknet_2_2_0_core_clk (net)
                  0.05    0.00   32.63 ^ clkbuf_2_2_1_core_clk/A (sky130_fd_sc_hd__clkbuf_4)
                  0.14    0.19   32.83 ^ clkbuf_2_2_1_core_clk/X (sky130_fd_sc_hd__clkbuf_4)
     4    0.04                           clknet_2_2_1_core_clk (net)
                  0.14    0.00   32.83 ^ clkbuf_3_4_0_core_clk/A (sky130_fd_sc_hd__clkbuf_4)
                  0.05    0.16   32.99 ^ clkbuf_3_4_0_core_clk/X (sky130_fd_sc_hd__clkbuf_4)
     1    0.01                           clknet_3_4_0_core_clk (net)
                  0.05    0.00   33.00 ^ clkbuf_3_4_1_core_clk/A (sky130_fd_sc_hd__clkbuf_4)
                  0.04    0.12   33.12 ^ clkbuf_3_4_1_core_clk/X (sky130_fd_sc_hd__clkbuf_4)
     1    0.01                           clknet_3_4_1_core_clk (net)
                  0.04    0.00   33.12 ^ clkbuf_3_4_2_core_clk/A (sky130_fd_sc_hd__clkbuf_4)
                  0.14    0.19   33.31 ^ clkbuf_3_4_2_core_clk/X (sky130_fd_sc_hd__clkbuf_4)
     4    0.04                           clknet_3_4_2_core_clk (net)
                  0.14    0.01   33.31 ^ clkbuf_4_8_0_core_clk/A (sky130_fd_sc_hd__clkbuf_4)
                  0.12    0.21   33.52 ^ clkbuf_4_8_0_core_clk/X (sky130_fd_sc_hd__clkbuf_4)
     4    0.04                           clknet_4_8_0_core_clk (net)
                  0.12    0.00   33.52 ^ clkbuf_5_17_0_core_clk/A (sky130_fd_sc_hd__clkbuf_4)
                  0.04    0.14   33.67 ^ clkbuf_5_17_0_core_clk/X (sky130_fd_sc_hd__clkbuf_4)
     1    0.01                           clknet_5_17_0_core_clk (net)
                  0.04    0.00   33.67 ^ clkbuf_5_17_1_core_clk/A (sky130_fd_sc_hd__clkbuf_4)
                  0.66    0.53   34.19 ^ clkbuf_5_17_1_core_clk/X (sky130_fd_sc_hd__clkbuf_4)
    28    0.23                           clknet_5_17_1_core_clk (net)
                  0.66    0.01   34.21 ^ clkbuf_leaf_344_core_clk/A (sky130_fd_sc_hd__clkbuf_16)
                  0.09    0.29   34.50 ^ clkbuf_leaf_344_core_clk/X (sky130_fd_sc_hd__clkbuf_16)
    28    0.07                           clknet_leaf_344_core_clk (net)
                  0.09    0.00   34.50 ^ _29621_/CLK (sky130_fd_sc_hd__dfxtp_1)
                         -0.25   34.25   clock uncertainty
                          0.13   34.39   clock reconvergence pessimism
                         -0.19   34.19   library setup time
                                 34.19   data required time
-----------------------------------------------------------------------------
                                 34.19   data required time
                                -27.60   data arrival time
-----------------------------------------------------------------------------
                                  6.59   slack (MET)



======================= Fastest Corner ===================================

Startpoint: sky130_sram_2kbyte_1rw1r_32x512_8
            (falling edge-triggered flip-flop clocked by core_clk)
Endpoint: _29621_ (rising edge-triggered flip-flop clocked by core_clk)
Path Group: core_clk
Path Type: max
Corner: ff

Fanout     Cap    Slew   Delay    Time   Description
-----------------------------------------------------------------------------
                         15.00   15.00   clock core_clk (fall edge)
                          0.00   15.00   clock source latency
                  0.76    0.60   15.60 v core_clk (in)
     2    0.24                           core_clk (net)
                  0.77    0.00   15.60 v clkbuf_0_core_clk/A (sky130_fd_sc_hd__clkbuf_16)
                  0.05    0.34   15.94 v clkbuf_0_core_clk/X (sky130_fd_sc_hd__clkbuf_16)
     4    0.02                           clknet_0_core_clk (net)
                  0.05    0.00   15.94 v clkbuf_1_0_0_core_clk/A (sky130_fd_sc_hd__clkbuf_4)
                  0.03    0.11   16.05 v clkbuf_1_0_0_core_clk/X (sky130_fd_sc_hd__clkbuf_4)
     1    0.01                           clknet_1_0_0_core_clk (net)
                  0.03    0.00   16.05 v clkbuf_1_0_1_core_clk/A (sky130_fd_sc_hd__clkbuf_4)
                  0.03    0.10   16.15 v clkbuf_1_0_1_core_clk/X (sky130_fd_sc_hd__clkbuf_4)
     1    0.01                           clknet_1_0_1_core_clk (net)
                  0.03    0.00   16.15 v clkbuf_1_0_2_core_clk/A (sky130_fd_sc_hd__clkbuf_4)
                  0.03    0.10   16.24 v clkbuf_1_0_2_core_clk/X (sky130_fd_sc_hd__clkbuf_4)
     1    0.01                           clknet_1_0_2_core_clk (net)
                  0.03    0.00   16.24 v clkbuf_1_0_3_core_clk/A (sky130_fd_sc_hd__clkbuf_4)
                  0.02    0.08   16.33 v clkbuf_1_0_3_core_clk/X (sky130_fd_sc_hd__clkbuf_4)
     1    0.00                           clknet_1_0_3_core_clk (net)
                  0.02    0.00   16.33 v clkbuf_1_0_4_core_clk/A (sky130_fd_sc_hd__clkbuf_4)
                  0.16    0.18   16.51 v clkbuf_1_0_4_core_clk/X (sky130_fd_sc_hd__clkbuf_4)
     4    0.11                           clknet_1_0_4_core_clk (net)
                  0.17    0.03   16.54 v clkbuf_2_1_0_core_clk/A (sky130_fd_sc_hd__clkbuf_4)
                  0.02    0.15   16.69 v clkbuf_2_1_0_core_clk/X (sky130_fd_sc_hd__clkbuf_4)
     1    0.00                           clknet_2_1_0_core_clk (net)
                  0.02    0.00   16.69 v clkbuf_2_1_1_core_clk/A (sky130_fd_sc_hd__clkbuf_4)
                  0.07    0.13   16.82 v clkbuf_2_1_1_core_clk/X (sky130_fd_sc_hd__clkbuf_4)
     4    0.04                           clknet_2_1_1_core_clk (net)
                  0.07    0.00   16.82 v clkbuf_3_2_0_core_clk/A (sky130_fd_sc_hd__clkbuf_4)
                  0.03    0.12   16.94 v clkbuf_3_2_0_core_clk/X (sky130_fd_sc_hd__clkbuf_4)
     1    0.01                           clknet_3_2_0_core_clk (net)
                  0.03    0.00   16.94 v clkbuf_3_2_1_core_clk/A (sky130_fd_sc_hd__clkbuf_4)
                  0.02    0.09   17.03 v clkbuf_3_2_1_core_clk/X (sky130_fd_sc_hd__clkbuf_4)
     1    0.01                           clknet_3_2_1_core_clk (net)
                  0.02    0.00   17.03 v clkbuf_3_2_2_core_clk/A (sky130_fd_sc_hd__clkbuf_4)
                  0.06    0.13   17.16 v clkbuf_3_2_2_core_clk/X (sky130_fd_sc_hd__clkbuf_4)
     4    0.04                           clknet_3_2_2_core_clk (net)
                  0.06    0.01   17.17 v clkbuf_4_4_0_core_clk/A (sky130_fd_sc_hd__clkbuf_4)
                  0.04    0.12   17.29 v clkbuf_4_4_0_core_clk/X (sky130_fd_sc_hd__clkbuf_4)
     2    0.02                           clknet_4_4_0_core_clk (net)
                  0.04    0.00   17.29 v clkbuf_5_9_0_core_clk/A (sky130_fd_sc_hd__clkbuf_4)
                  0.02    0.09   17.38 v clkbuf_5_9_0_core_clk/X (sky130_fd_sc_hd__clkbuf_4)
     1    0.01                           clknet_5_9_0_core_clk (net)
                  0.02    0.00   17.38 v clkbuf_5_9_1_core_clk/A (sky130_fd_sc_hd__clkbuf_4)
                  0.25    0.27   17.65 v clkbuf_5_9_1_core_clk/X (sky130_fd_sc_hd__clkbuf_4)
    26    0.19                           clknet_5_9_1_core_clk (net)
                  0.25    0.02   17.67 v clkbuf_opt_26_0_core_clk/A (sky130_fd_sc_hd__clkbuf_16)
                  0.03    0.19   17.86 v clkbuf_opt_26_0_core_clk/X (sky130_fd_sc_hd__clkbuf_16)
     1    0.01                           clknet_opt_26_0_core_clk (net)
                  0.03    0.00   17.86 v clkbuf_opt_26_1_core_clk/A (sky130_fd_sc_hd__clkbuf_16)
                  0.03    0.10   17.97 v clkbuf_opt_26_1_core_clk/X (sky130_fd_sc_hd__clkbuf_16)
     2    0.02                           clknet_opt_26_1_core_clk (net)
                  0.03    0.00   17.97 v clkbuf_leaf_15_core_clk/A (sky130_fd_sc_hd__clkbuf_16)
                  0.04    0.11   18.08 v clkbuf_leaf_15_core_clk/X (sky130_fd_sc_hd__clkbuf_16)
    14    0.05                           clknet_leaf_15_core_clk (net)
                  0.05    0.00   18.09 v sky130_sram_2kbyte_1rw1r_32x512_8/clk0 (sky130_sram_2kbyte_1rw1r_32x512_8)
                  0.00    0.42   18.51 v sky130_sram_2kbyte_1rw1r_32x512_8/dout0[15] (sky130_sram_2kbyte_1rw1r_32x512_8)
     1    0.01                           sram_bus_dat_r[15] (net)
                  0.00    0.00   18.51 v repeater2142/A (sky130_fd_sc_hd__clkbuf_2)
                  0.64    0.39   18.90 v repeater2142/X (sky130_fd_sc_hd__clkbuf_2)
     2    0.25                           net2142 (net)
                  0.73    0.19   19.09 v _22855_/B2 (sky130_fd_sc_hd__a221o_4)
                  0.25    0.63   19.72 v _22855_/X (sky130_fd_sc_hd__a221o_4)
     2    0.25                           _11220_ (net)
                  0.26    0.04   19.76 v _22858_/B1 (sky130_fd_sc_hd__a2111o_4)
                  0.20    0.40   20.17 v _22858_/X (sky130_fd_sc_hd__a2111o_4)
     8    0.15                           VexRiscv.IBusSimplePlugin_rspJoin_rspBuffer_c.io_push_payload_inst[15] (net)
                  0.25    0.08   20.25 v _28158_/A0 (sky130_fd_sc_hd__mux2_2)
                  0.06    0.27   20.51 v _28158_/X (sky130_fd_sc_hd__mux2_2)
     1    0.02                           _02368_ (net)
                  0.06    0.00   20.51 v _25575_/A (sky130_fd_sc_hd__clkinv_2)
                  0.08    0.09   20.60 ^ _25575_/Y (sky130_fd_sc_hd__clkinv_2)
     2    0.03                           _02369_ (net)
                  0.08    0.00   20.61 ^ _28157_/A0 (sky130_fd_sc_hd__mux2_8)
                  0.45    0.38   20.99 ^ _28157_/X (sky130_fd_sc_hd__mux2_8)
    60    0.36                           _02370_ (net)
                  0.46    0.05   21.04 ^ repeater792/A (sky130_fd_sc_hd__buf_12)
                  0.37    0.22   21.27 ^ repeater792/X (sky130_fd_sc_hd__buf_12)
    82    0.48                           net792 (net)
                  0.62    0.27   21.54 ^ repeater791/A (sky130_fd_sc_hd__buf_12)
                  0.30    0.17   21.70 ^ repeater791/X (sky130_fd_sc_hd__buf_12)
    76    0.45                           net791 (net)
                  0.73    0.36   22.06 ^ _28826_/S0 (sky130_fd_sc_hd__mux4_1)
                  0.09    0.34   22.40 v _28826_/X (sky130_fd_sc_hd__mux4_1)
     1    0.01                           _02572_ (net)
                  0.09    0.00   22.40 v _28827_/A3 (sky130_fd_sc_hd__mux4_2)
                  0.27    0.55   22.96 v _28827_/X (sky130_fd_sc_hd__mux4_2)
     2    0.14                           _02573_ (net)
                  0.27    0.01   22.97 v _27537_/A0 (sky130_fd_sc_hd__mux2_8)
                  0.12    0.33   23.31 v _27537_/X (sky130_fd_sc_hd__mux2_8)
     2    0.17                           VexRiscv.RegFilePlugin_regFile$rdreg[1]$d[19] (net)
                  0.22    0.10   23.40 v _29621_/D (sky130_fd_sc_hd__dfxtp_1)
                                 23.40   data arrival time

                         30.00   30.00   clock core_clk (rise edge)
                          0.00   30.00   clock source latency
                  1.50    1.00   31.00 ^ core_clk (in)
     2    0.24                           core_clk (net)
                  1.50    0.00   31.00 ^ clkbuf_0_core_clk/A (sky130_fd_sc_hd__clkbuf_16)
                  0.07    0.11   31.11 ^ clkbuf_0_core_clk/X (sky130_fd_sc_hd__clkbuf_16)
     4    0.02                           clknet_0_core_clk (net)
                  0.07    0.00   31.11 ^ clkbuf_1_1_0_core_clk/A (sky130_fd_sc_hd__clkbuf_4)
                  0.04    0.09   31.20 ^ clkbuf_1_1_0_core_clk/X (sky130_fd_sc_hd__clkbuf_4)
     1    0.01                           clknet_1_1_0_core_clk (net)
                  0.04    0.00   31.21 ^ clkbuf_1_1_1_core_clk/A (sky130_fd_sc_hd__clkbuf_4)
                  0.03    0.08   31.29 ^ clkbuf_1_1_1_core_clk/X (sky130_fd_sc_hd__clkbuf_4)
     1    0.01                           clknet_1_1_1_core_clk (net)
                  0.03    0.00   31.29 ^ clkbuf_1_1_2_core_clk/A (sky130_fd_sc_hd__clkbuf_4)
                  0.04    0.09   31.38 ^ clkbuf_1_1_2_core_clk/X (sky130_fd_sc_hd__clkbuf_4)
     1    0.01                           clknet_1_1_2_core_clk (net)
                  0.04    0.00   31.38 ^ clkbuf_1_1_3_core_clk/A (sky130_fd_sc_hd__clkbuf_4)
                  0.04    0.09   31.47 ^ clkbuf_1_1_3_core_clk/X (sky130_fd_sc_hd__clkbuf_4)
     1    0.01                           clknet_1_1_3_core_clk (net)
                  0.04    0.00   31.47 ^ clkbuf_1_1_4_core_clk/A (sky130_fd_sc_hd__clkbuf_4)
                  0.14    0.15   31.62 ^ clkbuf_1_1_4_core_clk/X (sky130_fd_sc_hd__clkbuf_4)
     4    0.06                           clknet_1_1_4_core_clk (net)
                  0.14    0.01   31.63 ^ clkbuf_2_2_0_core_clk/A (sky130_fd_sc_hd__clkbuf_4)
                  0.04    0.11   31.74 ^ clkbuf_2_2_0_core_clk/X (sky130_fd_sc_hd__clkbuf_4)
     1    0.01                           clknet_2_2_0_core_clk (net)
                  0.04    0.00   31.74 ^ clkbuf_2_2_1_core_clk/A (sky130_fd_sc_hd__clkbuf_4)
                  0.10    0.13   31.88 ^ clkbuf_2_2_1_core_clk/X (sky130_fd_sc_hd__clkbuf_4)
     4    0.04                           clknet_2_2_1_core_clk (net)
                  0.11    0.00   31.88 ^ clkbuf_3_4_0_core_clk/A (sky130_fd_sc_hd__clkbuf_4)
                  0.04    0.11   31.99 ^ clkbuf_3_4_0_core_clk/X (sky130_fd_sc_hd__clkbuf_4)
     1    0.01                           clknet_3_4_0_core_clk (net)
                  0.04    0.00   31.99 ^ clkbuf_3_4_1_core_clk/A (sky130_fd_sc_hd__clkbuf_4)
                  0.03    0.08   32.07 ^ clkbuf_3_4_1_core_clk/X (sky130_fd_sc_hd__clkbuf_4)
     1    0.01                           clknet_3_4_1_core_clk (net)
                  0.03    0.00   32.07 ^ clkbuf_3_4_2_core_clk/A (sky130_fd_sc_hd__clkbuf_4)
                  0.10    0.13   32.20 ^ clkbuf_3_4_2_core_clk/X (sky130_fd_sc_hd__clkbuf_4)
     4    0.04                           clknet_3_4_2_core_clk (net)
                  0.10    0.01   32.20 ^ clkbuf_4_8_0_core_clk/A (sky130_fd_sc_hd__clkbuf_4)
                  0.09    0.14   32.34 ^ clkbuf_4_8_0_core_clk/X (sky130_fd_sc_hd__clkbuf_4)
     4    0.04                           clknet_4_8_0_core_clk (net)
                  0.09    0.00   32.34 ^ clkbuf_5_17_0_core_clk/A (sky130_fd_sc_hd__clkbuf_4)
                  0.03    0.09   32.44 ^ clkbuf_5_17_0_core_clk/X (sky130_fd_sc_hd__clkbuf_4)
     1    0.01                           clknet_5_17_0_core_clk (net)
                  0.03    0.00   32.44 ^ clkbuf_5_17_1_core_clk/A (sky130_fd_sc_hd__clkbuf_4)
                  0.50    0.38   32.82 ^ clkbuf_5_17_1_core_clk/X (sky130_fd_sc_hd__clkbuf_4)
    28    0.23                           clknet_5_17_1_core_clk (net)
                  0.50    0.01   32.83 ^ clkbuf_leaf_344_core_clk/A (sky130_fd_sc_hd__clkbuf_16)
                  0.07    0.16   32.99 ^ clkbuf_leaf_344_core_clk/X (sky130_fd_sc_hd__clkbuf_16)
    28    0.07                           clknet_leaf_344_core_clk (net)
                  0.07    0.00   32.99 ^ _29621_/CLK (sky130_fd_sc_hd__dfxtp_1)
                         -0.25   32.74   clock uncertainty
                          0.09   32.83   clock reconvergence pessimism
                         -0.13   32.70   library setup time
                                 32.70   data required time
-----------------------------------------------------------------------------
                                 32.70   data required time
                                -23.40   data arrival time
-----------------------------------------------------------------------------
                                  9.30   slack (MET)



===========================================================================
report_checks --slack_max -0.01
============================================================================

======================= Slowest Corner ===================================

Startpoint: _32391_ (rising edge-triggered flip-flop clocked by core_clk)
Endpoint: mprj_adr_o[4] (output port clocked by core_clk)
Path Group: core_clk
Path Type: max
Corner: ss

Fanout     Cap    Slew   Delay    Time   Description
-----------------------------------------------------------------------------
                          0.00    0.00   clock core_clk (rise edge)
                          0.00    0.00   clock source latency
                  2.94    2.21    2.21 ^ core_clk (in)
     2    0.24                           core_clk (net)
                  2.94    0.00    2.21 ^ clkbuf_0_core_clk/A (sky130_fd_sc_hd__clkbuf_16)
                  0.14    0.99    3.20 ^ clkbuf_0_core_clk/X (sky130_fd_sc_hd__clkbuf_16)
     4    0.02                           clknet_0_core_clk (net)
                  0.14    0.00    3.20 ^ clkbuf_1_1_0_core_clk/A (sky130_fd_sc_hd__clkbuf_4)
                  0.08    0.29    3.49 ^ clkbuf_1_1_0_core_clk/X (sky130_fd_sc_hd__clkbuf_4)
     1    0.01                           clknet_1_1_0_core_clk (net)
                  0.08    0.00    3.49 ^ clkbuf_1_1_1_core_clk/A (sky130_fd_sc_hd__clkbuf_4)
                  0.08    0.26    3.75 ^ clkbuf_1_1_1_core_clk/X (sky130_fd_sc_hd__clkbuf_4)
     1    0.01                           clknet_1_1_1_core_clk (net)
                  0.08    0.00    3.75 ^ clkbuf_1_1_2_core_clk/A (sky130_fd_sc_hd__clkbuf_4)
                  0.09    0.27    4.02 ^ clkbuf_1_1_2_core_clk/X (sky130_fd_sc_hd__clkbuf_4)
     1    0.01                           clknet_1_1_2_core_clk (net)
                  0.09    0.00    4.02 ^ clkbuf_1_1_3_core_clk/A (sky130_fd_sc_hd__clkbuf_4)
                  0.08    0.27    4.29 ^ clkbuf_1_1_3_core_clk/X (sky130_fd_sc_hd__clkbuf_4)
     1    0.01                           clknet_1_1_3_core_clk (net)
                  0.08    0.00    4.29 ^ clkbuf_1_1_4_core_clk/A (sky130_fd_sc_hd__clkbuf_4)
                  0.30    0.44    4.72 ^ clkbuf_1_1_4_core_clk/X (sky130_fd_sc_hd__clkbuf_4)
     4    0.06                           clknet_1_1_4_core_clk (net)
                  0.30    0.01    4.74 ^ clkbuf_2_3_0_core_clk/A (sky130_fd_sc_hd__clkbuf_4)
                  0.08    0.36    5.10 ^ clkbuf_2_3_0_core_clk/X (sky130_fd_sc_hd__clkbuf_4)
     1    0.01                           clknet_2_3_0_core_clk (net)
                  0.08    0.00    5.10 ^ clkbuf_2_3_1_core_clk/A (sky130_fd_sc_hd__clkbuf_4)
                  0.22    0.38    5.48 ^ clkbuf_2_3_1_core_clk/X (sky130_fd_sc_hd__clkbuf_4)
     4    0.04                           clknet_2_3_1_core_clk (net)
                  0.22    0.00    5.48 ^ clkbuf_3_6_0_core_clk/A (sky130_fd_sc_hd__clkbuf_4)
                  0.07    0.32    5.80 ^ clkbuf_3_6_0_core_clk/X (sky130_fd_sc_hd__clkbuf_4)
     1    0.01                           clknet_3_6_0_core_clk (net)
                  0.07    0.00    5.80 ^ clkbuf_3_6_1_core_clk/A (sky130_fd_sc_hd__clkbuf_4)
                  0.07    0.24    6.04 ^ clkbuf_3_6_1_core_clk/X (sky130_fd_sc_hd__clkbuf_4)
     1    0.01                           clknet_3_6_1_core_clk (net)
                  0.07    0.00    6.04 ^ clkbuf_3_6_2_core_clk/A (sky130_fd_sc_hd__clkbuf_4)
                  0.18    0.34    6.38 ^ clkbuf_3_6_2_core_clk/X (sky130_fd_sc_hd__clkbuf_4)
     4    0.03                           clknet_3_6_2_core_clk (net)
                  0.18    0.00    6.39 ^ clkbuf_4_12_0_core_clk/A (sky130_fd_sc_hd__clkbuf_4)
                  0.18    0.39    6.78 ^ clkbuf_4_12_0_core_clk/X (sky130_fd_sc_hd__clkbuf_4)
     4    0.03                           clknet_4_12_0_core_clk (net)
                  0.18    0.00    6.78 ^ clkbuf_5_24_0_core_clk/A (sky130_fd_sc_hd__clkbuf_4)
                  0.06    0.29    7.07 ^ clkbuf_5_24_0_core_clk/X (sky130_fd_sc_hd__clkbuf_4)
     1    0.01                           clknet_5_24_0_core_clk (net)
                  0.06    0.00    7.07 ^ clkbuf_5_24_1_core_clk/A (sky130_fd_sc_hd__clkbuf_4)
                  0.99    0.93    8.00 ^ clkbuf_5_24_1_core_clk/X (sky130_fd_sc_hd__clkbuf_4)
    26    0.22                           clknet_5_24_1_core_clk (net)
                  0.99    0.03    8.04 ^ clkbuf_leaf_107_core_clk/A (sky130_fd_sc_hd__clkbuf_16)
                  0.13    0.63    8.67 ^ clkbuf_leaf_107_core_clk/X (sky130_fd_sc_hd__clkbuf_16)
    20    0.05                           clknet_leaf_107_core_clk (net)
                  0.13    0.00    8.67 ^ _32391_/CLK (sky130_fd_sc_hd__dfxtp_2)
                  0.36    0.94    9.61 ^ _32391_/Q (sky130_fd_sc_hd__dfxtp_2)
     5    0.04                           grant[0] (net)
                  0.36    0.00    9.61 ^ _14397_/A (sky130_fd_sc_hd__clkinv_2)
                  0.20    0.32    9.93 v _14397_/Y (sky130_fd_sc_hd__clkinv_2)
     3    0.02                           _13741_ (net)
                  0.20    0.00    9.93 v _14398_/B (sky130_fd_sc_hd__nor2_8)
                  0.78    0.69   10.63 ^ _14398_/Y (sky130_fd_sc_hd__nor2_8)
    16    0.14                           _13742_ (net)
                  0.78    0.04   10.66 ^ _25614_/A (sky130_fd_sc_hd__buf_6)
                  0.30    0.62   11.29 ^ _25614_/X (sky130_fd_sc_hd__buf_6)
    16    0.09                           _12733_ (net)
                  0.30    0.00   11.29 ^ _25620_/B1 (sky130_fd_sc_hd__a22oi_2)
                  0.16    0.24   11.53 v _25620_/Y (sky130_fd_sc_hd__a22oi_2)
     1    0.01                           _01714_ (net)
                  0.16    0.00   11.53 v _28407_/A0 (sky130_fd_sc_hd__mux2_8)
                  0.18    0.76   12.29 v _28407_/X (sky130_fd_sc_hd__mux2_8)
     6    0.07                           _01715_ (net)
                  0.18    0.02   12.31 v _14930_/A (sky130_fd_sc_hd__clkinv_4)
                  0.05    0.10   12.41 ^ _14930_/Y (sky130_fd_sc_hd__clkinv_4)
     1    0.00                           net640 (net)
                  0.05    0.00   12.41 ^ repeater1234/A (sky130_fd_sc_hd__clkbuf_1)
                  0.10    0.17   12.57 ^ repeater1234/X (sky130_fd_sc_hd__clkbuf_1)
     1    0.00                           net1234 (net)
                  0.10    0.00   12.57 ^ repeater1233/A (sky130_fd_sc_hd__clkbuf_1)
                  0.08    0.17   12.75 ^ repeater1233/X (sky130_fd_sc_hd__clkbuf_1)
     1    0.00                           net1233 (net)
                  0.08    0.00   12.75 ^ repeater1232/A (sky130_fd_sc_hd__clkbuf_1)
                  0.07    0.16   12.91 ^ repeater1232/X (sky130_fd_sc_hd__clkbuf_1)
     1    0.00                           net1232 (net)
                  0.07    0.00   12.91 ^ repeater1231/A (sky130_fd_sc_hd__clkbuf_1)
                  0.09    0.17   13.08 ^ repeater1231/X (sky130_fd_sc_hd__clkbuf_1)
     1    0.00                           net1231 (net)
                  0.09    0.00   13.08 ^ repeater1230/A (sky130_fd_sc_hd__clkbuf_1)
                  0.09    0.18   13.26 ^ repeater1230/X (sky130_fd_sc_hd__clkbuf_1)
     1    0.00                           net1230 (net)
                  0.09    0.00   13.26 ^ repeater1229/A (sky130_fd_sc_hd__clkbuf_1)
                  0.09    0.18   13.45 ^ repeater1229/X (sky130_fd_sc_hd__clkbuf_1)
     1    0.00                           net1229 (net)
                  0.09    0.00   13.45 ^ repeater1228/A (sky130_fd_sc_hd__clkbuf_1)
                  0.06    0.16   13.61 ^ repeater1228/X (sky130_fd_sc_hd__clkbuf_1)
     1    0.00                           net1228 (net)
                  0.06    0.00   13.61 ^ repeater1227/A (sky130_fd_sc_hd__clkbuf_1)
                  0.11    0.18   13.79 ^ repeater1227/X (sky130_fd_sc_hd__clkbuf_1)
     1    0.00                           net1227 (net)
                  0.11    0.00   13.79 ^ repeater1226/A (sky130_fd_sc_hd__clkbuf_1)
                  0.06    0.17   13.96 ^ repeater1226/X (sky130_fd_sc_hd__clkbuf_1)
     1    0.00                           net1226 (net)
                  0.06    0.00   13.96 ^ repeater1225/A (sky130_fd_sc_hd__clkbuf_1)
                  0.08    0.16   14.12 ^ repeater1225/X (sky130_fd_sc_hd__clkbuf_1)
     1    0.00                           net1225 (net)
                  0.08    0.00   14.12 ^ repeater1224/A (sky130_fd_sc_hd__clkbuf_1)
                  0.07    0.16   14.28 ^ repeater1224/X (sky130_fd_sc_hd__clkbuf_1)
     1    0.00                           net1224 (net)
                  0.07    0.00   14.28 ^ repeater1223/A (sky130_fd_sc_hd__clkbuf_1)
                  0.07    0.16   14.43 ^ repeater1223/X (sky130_fd_sc_hd__clkbuf_1)
     1    0.00                           net1223 (net)
                  0.07    0.00   14.43 ^ repeater1222/A (sky130_fd_sc_hd__clkbuf_1)
                  0.09    0.17   14.61 ^ repeater1222/X (sky130_fd_sc_hd__clkbuf_1)
     1    0.00                           net1222 (net)
                  0.09    0.00   14.61 ^ repeater1221/A (sky130_fd_sc_hd__clkbuf_1)
                  0.06    0.16   14.77 ^ repeater1221/X (sky130_fd_sc_hd__clkbuf_1)
     1    0.00                           net1221 (net)
                  0.06    0.00   14.77 ^ repeater1220/A (sky130_fd_sc_hd__clkbuf_1)
                  0.06    0.15   14.92 ^ repeater1220/X (sky130_fd_sc_hd__clkbuf_1)
     1    0.00                           net1220 (net)
                  0.06    0.00   14.92 ^ repeater1219/A (sky130_fd_sc_hd__clkbuf_1)
                  0.07    0.16   15.07 ^ repeater1219/X (sky130_fd_sc_hd__clkbuf_1)
     1    0.00                           net1219 (net)
                  0.07    0.00   15.07 ^ repeater1218/A (sky130_fd_sc_hd__clkbuf_1)
                  0.06    0.15   15.22 ^ repeater1218/X (sky130_fd_sc_hd__clkbuf_1)
     1    0.00                           net1218 (net)
                  0.06    0.00   15.22 ^ repeater1217/A (sky130_fd_sc_hd__clkbuf_1)
                  0.14    0.21   15.43 ^ repeater1217/X (sky130_fd_sc_hd__clkbuf_1)
     2    0.01                           net1217 (net)
                  0.14    0.00   15.43 ^ repeater1184/A (sky130_fd_sc_hd__clkbuf_1)
                  0.10    0.21   15.65 ^ repeater1184/X (sky130_fd_sc_hd__clkbuf_1)
     1    0.00                           net1184 (net)
                  0.10    0.00   15.65 ^ repeater1183/A (sky130_fd_sc_hd__clkbuf_1)
                  0.11    0.20   15.85 ^ repeater1183/X (sky130_fd_sc_hd__clkbuf_1)
     1    0.01                           net1183 (net)
                  0.11    0.00   15.85 ^ repeater1182/A (sky130_fd_sc_hd__clkbuf_1)
                  0.10    0.20   16.05 ^ repeater1182/X (sky130_fd_sc_hd__clkbuf_1)
     1    0.00                           net1182 (net)
                  0.10    0.00   16.05 ^ repeater1181/A (sky130_fd_sc_hd__clkbuf_1)
                  0.10    0.20   16.25 ^ repeater1181/X (sky130_fd_sc_hd__clkbuf_1)
     1    0.00                           net1181 (net)
                  0.10    0.00   16.25 ^ repeater1180/A (sky130_fd_sc_hd__clkbuf_1)
                  0.13    0.22   16.47 ^ repeater1180/X (sky130_fd_sc_hd__clkbuf_1)
     1    0.01                           net1180 (net)
                  0.13    0.00   16.47 ^ repeater1179/A (sky130_fd_sc_hd__clkbuf_1)
                  0.14    0.24   16.70 ^ repeater1179/X (sky130_fd_sc_hd__clkbuf_1)
     2    0.01                           net1179 (net)
                  0.14    0.00   16.70 ^ repeater1178/A (sky130_fd_sc_hd__clkbuf_1)
                  0.10    0.21   16.91 ^ repeater1178/X (sky130_fd_sc_hd__clkbuf_1)
     1    0.00                           net1178 (net)
                  0.10    0.00   16.91 ^ repeater1177/A (sky130_fd_sc_hd__clkbuf_1)
                  0.26    0.31   17.22 ^ repeater1177/X (sky130_fd_sc_hd__clkbuf_1)
     1    0.01                           net1177 (net)
                  0.26    0.00   17.22 ^ repeater1176/A (sky130_fd_sc_hd__clkbuf_1)
                  0.26    0.38   17.61 ^ repeater1176/X (sky130_fd_sc_hd__clkbuf_1)
     1    0.01                           net1176 (net)
                  0.26    0.00   17.61 ^ repeater1175/A (sky130_fd_sc_hd__clkbuf_1)
                  0.20    0.33   17.94 ^ repeater1175/X (sky130_fd_sc_hd__clkbuf_1)
     1    0.01                           net1175 (net)
                  0.20    0.00   17.94 ^ repeater1174/A (sky130_fd_sc_hd__clkbuf_1)
                  0.27    0.36   18.30 ^ repeater1174/X (sky130_fd_sc_hd__clkbuf_1)
     1    0.01                           net1174 (net)
                  0.27    0.00   18.30 ^ repeater1173/A (sky130_fd_sc_hd__clkbuf_1)
                  0.26    0.38   18.68 ^ repeater1173/X (sky130_fd_sc_hd__clkbuf_1)
     1    0.01                           net1173 (net)
                  0.26    0.00   18.68 ^ repeater1172/A (sky130_fd_sc_hd__clkbuf_1)
                  0.25    0.37   19.05 ^ repeater1172/X (sky130_fd_sc_hd__clkbuf_1)
     1    0.01                           net1172 (net)
                  0.25    0.00   19.05 ^ repeater1171/A (sky130_fd_sc_hd__clkbuf_1)
                  0.25    0.36   19.41 ^ repeater1171/X (sky130_fd_sc_hd__clkbuf_1)
     2    0.01                           net1171 (net)
                  0.25    0.00   19.41 ^ repeater1170/A (sky130_fd_sc_hd__clkbuf_1)
                  0.07    0.23   19.64 ^ repeater1170/X (sky130_fd_sc_hd__clkbuf_1)
     1    0.00                           net1170 (net)
                  0.07    0.00   19.64 ^ repeater1169/A (sky130_fd_sc_hd__clkbuf_1)
                  0.08    0.16   19.80 ^ repeater1169/X (sky130_fd_sc_hd__clkbuf_1)
     1    0.00                           net1169 (net)
                  0.08    0.00   19.80 ^ repeater1168/A (sky130_fd_sc_hd__clkbuf_1)
                  0.08    0.16   19.97 ^ repeater1168/X (sky130_fd_sc_hd__clkbuf_1)
     1    0.00                           net1168 (net)
                  0.08    0.00   19.97 ^ repeater1167/A (sky130_fd_sc_hd__clkbuf_1)
                  0.08    0.17   20.13 ^ repeater1167/X (sky130_fd_sc_hd__clkbuf_1)
     1    0.00                           net1167 (net)
                  0.08    0.00   20.13 ^ repeater1166/A (sky130_fd_sc_hd__clkbuf_1)
                  0.06    0.15   20.29 ^ repeater1166/X (sky130_fd_sc_hd__clkbuf_1)
     1    0.00                           net1166 (net)
                  0.06    0.00   20.29 ^ repeater1165/A (sky130_fd_sc_hd__clkbuf_1)
                  0.11    0.18   20.47 ^ repeater1165/X (sky130_fd_sc_hd__clkbuf_1)
     1    0.00                           net1165 (net)
                  0.11    0.00   20.47 ^ repeater1164/A (sky130_fd_sc_hd__clkbuf_1)
                  0.09    0.19   20.66 ^ repeater1164/X (sky130_fd_sc_hd__clkbuf_1)
     1    0.00                           net1164 (net)
                  0.09    0.00   20.66 ^ repeater1163/A (sky130_fd_sc_hd__clkbuf_1)
                  0.12    0.21   20.87 ^ repeater1163/X (sky130_fd_sc_hd__clkbuf_1)
     1    0.01                           net1163 (net)
                  0.12    0.00   20.87 ^ repeater1162/A (sky130_fd_sc_hd__clkbuf_1)
                  0.07    0.18   21.05 ^ repeater1162/X (sky130_fd_sc_hd__clkbuf_1)
     1    0.00                           net1162 (net)
                  0.07    0.00   21.05 ^ repeater1161/A (sky130_fd_sc_hd__clkbuf_1)
                  0.09    0.18   21.22 ^ repeater1161/X (sky130_fd_sc_hd__clkbuf_1)
     1    0.00                           net1161 (net)
                  0.09    0.00   21.22 ^ repeater1160/A (sky130_fd_sc_hd__clkbuf_1)
                  0.09    0.18   21.40 ^ repeater1160/X (sky130_fd_sc_hd__clkbuf_1)
     1    0.00                           net1160 (net)
                  0.09    0.00   21.40 ^ repeater1159/A (sky130_fd_sc_hd__clkbuf_1)
                  0.06    0.16   21.56 ^ repeater1159/X (sky130_fd_sc_hd__clkbuf_1)
     1    0.00                           net1159 (net)
                  0.06    0.00   21.56 ^ repeater1158/A (sky130_fd_sc_hd__clkbuf_1)
                  0.06    0.15   21.71 ^ repeater1158/X (sky130_fd_sc_hd__clkbuf_1)
     1    0.00                           net1158 (net)
                  0.06    0.00   21.71 ^ repeater1157/A (sky130_fd_sc_hd__clkbuf_1)
                  0.06    0.15   21.86 ^ repeater1157/X (sky130_fd_sc_hd__clkbuf_1)
     1    0.00                           net1157 (net)
                  0.06    0.00   21.86 ^ repeater1156/A (sky130_fd_sc_hd__clkbuf_1)
                  0.07    0.15   22.01 ^ repeater1156/X (sky130_fd_sc_hd__clkbuf_1)
     1    0.00                           net1156 (net)
                  0.07    0.00   22.01 ^ repeater1155/A (sky130_fd_sc_hd__clkbuf_1)
                  0.21    0.26   22.27 ^ repeater1155/X (sky130_fd_sc_hd__clkbuf_1)
     2    0.01                           net1155 (net)
                  0.21    0.00   22.27 ^ repeater1153/A (sky130_fd_sc_hd__clkbuf_1)
                  0.07    0.22   22.49 ^ repeater1153/X (sky130_fd_sc_hd__clkbuf_1)
     1    0.00                           net1153 (net)
                  0.07    0.00   22.49 ^ repeater1152/A (sky130_fd_sc_hd__clkbuf_1)
                  0.11    0.19   22.68 ^ repeater1152/X (sky130_fd_sc_hd__clkbuf_1)
     1    0.01                           net1152 (net)
                  0.11    0.00   22.68 ^ repeater1151/A (sky130_fd_sc_hd__clkbuf_1)
                  0.11    0.21   22.89 ^ repeater1151/X (sky130_fd_sc_hd__clkbuf_1)
     1    0.01                           net1151 (net)
                  0.11    0.00   22.89 ^ repeater1150/A (sky130_fd_sc_hd__clkbuf_1)
                  0.11    0.20   23.09 ^ repeater1150/X (sky130_fd_sc_hd__clkbuf_1)
     1    0.00                           net1150 (net)
                  0.11    0.00   23.09 ^ repeater1149/A (sky130_fd_sc_hd__clkbuf_1)
                  0.06    0.17   23.26 ^ repeater1149/X (sky130_fd_sc_hd__clkbuf_1)
     1    0.00                           net1149 (net)
                  0.06    0.00   23.26 ^ repeater1148/A (sky130_fd_sc_hd__clkbuf_1)
                  0.07    0.15   23.41 ^ repeater1148/X (sky130_fd_sc_hd__clkbuf_1)
     1    0.00                           net1148 (net)
                  0.07    0.00   23.41 ^ repeater1147/A (sky130_fd_sc_hd__clkbuf_1)
                  0.09    0.17   23.58 ^ repeater1147/X (sky130_fd_sc_hd__clkbuf_1)
     1    0.00                           net1147 (net)
                  0.09    0.00   23.58 ^ repeater1146/A (sky130_fd_sc_hd__clkbuf_1)
                  0.11    0.20   23.78 ^ repeater1146/X (sky130_fd_sc_hd__clkbuf_1)
     2    0.00                           net1146 (net)
                  0.11    0.00   23.78 ^ repeater1144/A (sky130_fd_sc_hd__clkbuf_1)
                  0.08    0.18   23.96 ^ repeater1144/X (sky130_fd_sc_hd__clkbuf_1)
     1    0.00                           net1144 (net)
                  0.08    0.00   23.96 ^ repeater1143/A (sky130_fd_sc_hd__clkbuf_1)
                  0.07    0.16   24.12 ^ repeater1143/X (sky130_fd_sc_hd__clkbuf_1)
     1    0.00                           net1143 (net)
                  0.07    0.00   24.12 ^ repeater1142/A (sky130_fd_sc_hd__clkbuf_1)
                  0.07    0.16   24.28 ^ repeater1142/X (sky130_fd_sc_hd__clkbuf_1)
     1    0.00                           net1142 (net)
                  0.07    0.00   24.28 ^ repeater1141/A (sky130_fd_sc_hd__clkbuf_1)
                  0.08    0.16   24.44 ^ repeater1141/X (sky130_fd_sc_hd__clkbuf_1)
     1    0.00                           net1141 (net)
                  0.08    0.00   24.44 ^ repeater1140/A (sky130_fd_sc_hd__clkbuf_1)
                  0.07    0.16   24.60 ^ repeater1140/X (sky130_fd_sc_hd__clkbuf_1)
     1    0.00                           net1140 (net)
                  0.07    0.00   24.60 ^ repeater1139/A (sky130_fd_sc_hd__clkbuf_1)
                  0.08    0.17   24.77 ^ repeater1139/X (sky130_fd_sc_hd__clkbuf_1)
     1    0.00                           net1139 (net)
                  0.08    0.00   24.77 ^ repeater1138/A (sky130_fd_sc_hd__clkbuf_1)
                  0.09    0.18   24.95 ^ repeater1138/X (sky130_fd_sc_hd__clkbuf_1)
     1    0.00                           net1138 (net)
                  0.09    0.00   24.95 ^ repeater1137/A (sky130_fd_sc_hd__clkbuf_1)
                  0.07    0.16   25.11 ^ repeater1137/X (sky130_fd_sc_hd__clkbuf_1)
     1    0.00                           net1137 (net)
                  0.07    0.00   25.11 ^ repeater1136/A (sky130_fd_sc_hd__clkbuf_1)
                  0.07    0.16   25.27 ^ repeater1136/X (sky130_fd_sc_hd__clkbuf_1)
     1    0.00                           net1136 (net)
                  0.07    0.00   25.27 ^ repeater1135/A (sky130_fd_sc_hd__clkbuf_1)
                  0.07    0.16   25.43 ^ repeater1135/X (sky130_fd_sc_hd__clkbuf_1)
     1    0.00                           net1135 (net)
                  0.07    0.00   25.43 ^ repeater1134/A (sky130_fd_sc_hd__clkbuf_1)
                  0.07    0.15   25.58 ^ repeater1134/X (sky130_fd_sc_hd__clkbuf_1)
     1    0.00                           net1134 (net)
                  0.07    0.00   25.58 ^ repeater1133/A (sky130_fd_sc_hd__clkbuf_1)
                  0.06    0.15   25.73 ^ repeater1133/X (sky130_fd_sc_hd__clkbuf_1)
     1    0.00                           net1133 (net)
                  0.06    0.00   25.73 ^ repeater1132/A (sky130_fd_sc_hd__clkbuf_1)
                  0.07    0.16   25.89 ^ repeater1132/X (sky130_fd_sc_hd__clkbuf_1)
     1    0.00                           net1132 (net)
                  0.07    0.00   25.89 ^ repeater1131/A (sky130_fd_sc_hd__clkbuf_1)
                  0.06    0.15   26.04 ^ repeater1131/X (sky130_fd_sc_hd__clkbuf_1)
     1    0.00                           net1131 (net)
                  0.06    0.00   26.04 ^ repeater1130/A (sky130_fd_sc_hd__clkbuf_1)
                  0.07    0.15   26.19 ^ repeater1130/X (sky130_fd_sc_hd__clkbuf_1)
     1    0.00                           net1130 (net)
                  0.07    0.00   26.19 ^ repeater1129/A (sky130_fd_sc_hd__clkbuf_1)
                  0.06    0.15   26.34 ^ repeater1129/X (sky130_fd_sc_hd__clkbuf_1)
     1    0.00                           net1129 (net)
                  0.06    0.00   26.34 ^ repeater1128/A (sky130_fd_sc_hd__clkbuf_1)
                  0.06    0.15   26.49 ^ repeater1128/X (sky130_fd_sc_hd__clkbuf_1)
     1    0.00                           net1128 (net)
                  0.06    0.00   26.49 ^ repeater1127/A (sky130_fd_sc_hd__clkbuf_1)
                  0.06    0.15   26.64 ^ repeater1127/X (sky130_fd_sc_hd__clkbuf_1)
     1    0.00                           net1127 (net)
                  0.06    0.00   26.64 ^ repeater1126/A (sky130_fd_sc_hd__clkbuf_1)
                  0.08    0.16   26.80 ^ repeater1126/X (sky130_fd_sc_hd__clkbuf_1)
     1    0.00                           net1126 (net)
                  0.08    0.00   26.80 ^ repeater1125/A (sky130_fd_sc_hd__clkbuf_1)
                  0.08    0.17   26.96 ^ repeater1125/X (sky130_fd_sc_hd__clkbuf_1)
     1    0.00                           net1125 (net)
                  0.08    0.00   26.96 ^ repeater1124/A (sky130_fd_sc_hd__clkbuf_1)
                  0.09    0.17   27.14 ^ repeater1124/X (sky130_fd_sc_hd__clkbuf_1)
     1    0.00                           net1124 (net)
                  0.09    0.00   27.14 ^ repeater1123/A (sky130_fd_sc_hd__clkbuf_1)
                  0.06    0.16   27.30 ^ repeater1123/X (sky130_fd_sc_hd__clkbuf_1)
     1    0.00                           net1123 (net)
                  0.06    0.00   27.30 ^ repeater1122/A (sky130_fd_sc_hd__clkbuf_1)
                  0.07    0.15   27.45 ^ repeater1122/X (sky130_fd_sc_hd__clkbuf_1)
     1    0.00                           net1122 (net)
                  0.07    0.00   27.45 ^ _27333_/A (sky130_fd_sc_hd__clkbuf_4)
                  0.23    0.38   27.83 ^ _27333_/X (sky130_fd_sc_hd__clkbuf_4)
     2    0.05                           net702 (net)
                  0.24    0.01   27.84 ^ output702/A (sky130_fd_sc_hd__buf_2)
                  0.28    0.44   28.28 ^ output702/X (sky130_fd_sc_hd__buf_2)
     1    0.03                           mprj_adr_o[4] (net)
                  0.37    0.00   28.28 ^ mprj_adr_o[4] (out)
                                 28.28   data arrival time

                         30.00   30.00   clock core_clk (rise edge)
                          0.00   30.00   clock network delay (propagated)
                         -0.25   29.75   clock uncertainty
                          0.00   29.75   clock reconvergence pessimism
                         -6.00   23.75   output external delay
                                 23.75   data required time
-----------------------------------------------------------------------------
                                 23.75   data required time
                                -28.28   data arrival time
-----------------------------------------------------------------------------
                                 -4.53   slack (VIOLATED)



======================= Typical Corner ===================================

No paths found.

======================= Fastest Corner ===================================

No paths found.
